Archive member included because of file (symbol)

/home/brandon/Programming/devkitpro//libogc/lib/wii/libwiiuse.a(wpad.o)
                              boot.o (WPAD_SetDataFormat)
/home/brandon/Programming/devkitpro//libogc/lib/wii/libwiiuse.a(motion_plus.o)
                              /home/brandon/Programming/devkitpro//libogc/lib/wii/libwiiuse.a(wpad.o) (wiiuse_set_motion_plus)
/home/brandon/Programming/devkitpro//libogc/lib/wii/libwiiuse.a(dynamics.o)
                              /home/brandon/Programming/devkitpro//libogc/lib/wii/libwiiuse.a(wpad.o) (calculate_gforce)
/home/brandon/Programming/devkitpro//libogc/lib/wii/libwiiuse.a(io.o)
                              /home/brandon/Programming/devkitpro//libogc/lib/wii/libwiiuse.a(motion_plus.o) (wiiuse_disable_expansion)
/home/brandon/Programming/devkitpro//libogc/lib/wii/libwiiuse.a(io_wii.o)
                              /home/brandon/Programming/devkitpro//libogc/lib/wii/libwiiuse.a(wpad.o) (__wiiuse_sensorbar_enable)
/home/brandon/Programming/devkitpro//libogc/lib/wii/libwiiuse.a(ir.o)
                              /home/brandon/Programming/devkitpro//libogc/lib/wii/libwiiuse.a(motion_plus.o) (wiiuse_set_ir_mode)
/home/brandon/Programming/devkitpro//libogc/lib/wii/libwiiuse.a(nunchuk.o)
                              /home/brandon/Programming/devkitpro//libogc/lib/wii/libwiiuse.a(io.o) (nunchuk_handshake)
/home/brandon/Programming/devkitpro//libogc/lib/wii/libwiiuse.a(wiiboard.o)
                              /home/brandon/Programming/devkitpro//libogc/lib/wii/libwiiuse.a(io.o) (wii_board_handshake)
/home/brandon/Programming/devkitpro//libogc/lib/wii/libwiiuse.a(wiiuse.o)
                              /home/brandon/Programming/devkitpro//libogc/lib/wii/libwiiuse.a(wpad.o) (wiiuse_init)
/home/brandon/Programming/devkitpro//libogc/lib/wii/libwiiuse.a(speaker.o)
                              /home/brandon/Programming/devkitpro//libogc/lib/wii/libwiiuse.a(wpad.o) (wencdata)
/home/brandon/Programming/devkitpro//libogc/lib/wii/libwiiuse.a(classic.o)
                              /home/brandon/Programming/devkitpro//libogc/lib/wii/libwiiuse.a(io.o) (classic_ctrl_handshake)
/home/brandon/Programming/devkitpro//libogc/lib/wii/libwiiuse.a(events.o)
                              /home/brandon/Programming/devkitpro//libogc/lib/wii/libwiiuse.a(io_wii.o) (parse_event)
/home/brandon/Programming/devkitpro//libogc/lib/wii/libwiiuse.a(guitar_hero_3.o)
                              /home/brandon/Programming/devkitpro//libogc/lib/wii/libwiiuse.a(io.o) (guitar_hero_3_handshake)
/home/brandon/Programming/devkitpro//libogc/lib/wii/libbte.a(bte.o)
                              /home/brandon/Programming/devkitpro//libogc/lib/wii/libwiiuse.a(wpad.o) (BTE_Init)
/home/brandon/Programming/devkitpro//libogc/lib/wii/libbte.a(hci.o)
                              /home/brandon/Programming/devkitpro//libogc/lib/wii/libbte.a(bte.o) (hci_init)
/home/brandon/Programming/devkitpro//libogc/lib/wii/libbte.a(l2cap.o)
                              /home/brandon/Programming/devkitpro//libogc/lib/wii/libbte.a(bte.o) (l2cap_init)
/home/brandon/Programming/devkitpro//libogc/lib/wii/libbte.a(btmemb.o)
                              /home/brandon/Programming/devkitpro//libogc/lib/wii/libbte.a(bte.o) (btmemb_init)
/home/brandon/Programming/devkitpro//libogc/lib/wii/libbte.a(btmemr.o)
                              /home/brandon/Programming/devkitpro//libogc/lib/wii/libbte.a(hci.o) (btmemr_init)
/home/brandon/Programming/devkitpro//libogc/lib/wii/libbte.a(btpbuf.o)
                              /home/brandon/Programming/devkitpro//libogc/lib/wii/libbte.a(hci.o) (btpbuf_init)
/home/brandon/Programming/devkitpro//libogc/lib/wii/libbte.a(physbusif.o)
                              /home/brandon/Programming/devkitpro//libogc/lib/wii/libbte.a(bte.o) (physbusif_init)
/home/brandon/Programming/devkitpro//libogc/lib/wii/libogc.a(console.o)
                              boot.o (CON_Init)
/home/brandon/Programming/devkitpro//libogc/lib/wii/libogc.a(lwp_queue.o)
                              /home/brandon/Programming/devkitpro//libogc/lib/wii/libwiiuse.a(io_wii.o) (__lwp_queue_initialize)
/home/brandon/Programming/devkitpro//libogc/lib/wii/libogc.a(lwp_threads.o)
                              /home/brandon/Programming/devkitpro//libogc/lib/wii/libwiiuse.a(wpad.o) (_thread_dispatch_disable_level)
/home/brandon/Programming/devkitpro//libogc/lib/wii/libogc.a(lwp.o)
                              /home/brandon/Programming/devkitpro//libogc/lib/wii/libbte.a(bte.o) (LWP_InitQueue)
/home/brandon/Programming/devkitpro//libogc/lib/wii/libogc.a(lwp_handler.o)
                              /home/brandon/Programming/devkitpro//libogc/lib/wii/libogc.a(lwp_threads.o) (_cpu_context_save_fp)
/home/brandon/Programming/devkitpro//libogc/lib/wii/libogc.a(lwp_stack.o)
                              /home/brandon/Programming/devkitpro//libogc/lib/wii/libogc.a(lwp_threads.o) (__lwp_stack_allocate)
[...]
Memory Configuration

Name             Origin             Length             Attributes
*default*        0x0000000000000000 0xffffffffffffffff

Linker script and memory map

                0x0000000000003400                . = 0x3400

.stub
 *(.stub)
                0x0000000080004000                . = 0x80004000

.init           0x0000000080004000      0x194
 *crt0.o(*.init)
 .init          0x0000000080004000      0x170 /home/brandon/Programming/devkitpro//libogc/lib/wii/libogc.a(ogc_crt0.o)
                0x0000000080004000                _start
                0x0000000080004140                _memset
 *(.init)
 .init          0x0000000080004170        0xc /home/brandon/Programming/devkitpro/devkitPPC/bin/../lib/gcc/powerpc-eabi/4.8.2/ecrti.o
                0x0000000080004170                __init
 .init          0x000000008000417c        0x4 /home/brandon/Programming/devkitpro/devkitPPC/bin/../lib/gcc/powerpc-eabi/4.8.2/crtbegin.o
 .init          0x0000000080004180        0x4 /home/brandon/Programming/devkitpro/devkitPPC/bin/../lib/gcc/powerpc-eabi/4.8.2/crtend.o
 .init          0x0000000080004184       0x10 /home/brandon/Programming/devkitpro/devkitPPC/bin/../lib/gcc/powerpc-eabi/4.8.2/ecrtn.o

.rela.dyn       0x0000000080004194        0x0
 .rela.iplt     0x0000000000000000        0x0 /home/brandon/Programming/devkitpro/devkitPPC/bin/../lib/gcc/powerpc-eabi/4.8.2/crtbegin.o

.plt
 *(.plt)

.interp
 *(.interp)

.hash
 *(.hash)

.dynsym
 *(.dynsym)

.dynstr
 *(.dynstr)

.gnu.version
 *(.gnu.version)

.gnu.version_d
 *(.gnu.version_d)

.gnu.version_r
 *(.gnu.version_r)

.rel.init
 *(.rel.init)

.rela.init      0x0000000080004194        0x0
 *(.rela.init)
 .rela.init     0x0000000000000000        0x0 /home/brandon/Programming/devkitpro/devkitPPC/bin/../lib/gcc/powerpc-eabi/4.8.2/crtbegin.o

.rel.text
 *(.rel.text .rel.text.* .rel.gnu.linkonce.t.*)

.rela.text      0x0000000080004194        0x0
 *(.rela.text .rela.text.* .rela.gnu.linkonce.t.*)
 .rela.text     0x0000000000000000        0x0 /home/brandon/Programming/devkitpro/devkitPPC/bin/../lib/gcc/powerpc-eabi/4.8.2/crtbegin.o
 .rela.text.wiiuse_handshake
                0x0000000000000000        0x0 /home/brandon/Programming/devkitpro/devkitPPC/bin/../lib/gcc/powerpc-eabi/4.8.2/crtbegin.o
 .rela.text.wiiuse_handshake_expansion
                0x0000000000000000        0x0 /home/brandon/Programming/devkitpro/devkitPPC/bin/../lib/gcc/powerpc-eabi/4.8.2/crtbegin.o
 .rela.text.wiiuse_init_cmd_queue
                0x0000000000000000        0x0 /home/brandon/Programming/devkitpro/devkitPPC/bin/../lib/gcc/powerpc-eabi/4.8.2/crtbegin.o
 .rela.text.wiiuse_init
                0x0000000000000000        0x0 /home/brandon/Programming/devkitpro/devkitPPC/bin/../lib/gcc/powerpc-eabi/4.8.2/crtbegin.o
 .rela.text.bt_alarmhandler
                0x0000000000000000        0x0 /home/brandon/Programming/devkitpro/devkitPPC/bin/../lib/gcc/powerpc-eabi/4.8.2/crtbegin.o
 .rela.text.__console_init
                0x0000000000000000        0x0 /home/brandon/Programming/devkitpro/devkitPPC/bin/../lib/gcc/powerpc-eabi/4.8.2/crtbegin.o
 .rela.text.__console_init_ex
                0x0000000000000000        0x0 /home/brandon/Programming/devkitpro/devkitPPC/bin/../lib/gcc/powerpc-eabi/4.8.2/crtbegin.o
 .rela.text.CON_EnableGecko
                0x0000000000000000        0x0 /home/brandon/Programming/devkitpro/devkitPPC/bin/../lib/gcc/powerpc-eabi/4.8.2/crtbegin.o
 .rela.text.__lwp_thread_calcheir
                0x0000000000000000        0x0 /home/brandon/Programming/devkitpro/devkitPPC/bin/../lib/gcc/powerpc-eabi/4.8.2/crtbegin.o
 .rela.text.__lwp_wd_insert_ticks.constprop.4
                0x0000000000000000        0x0 /home/brandon/Programming/devkitpro/devkitPPC/bin/../lib/gcc/powerpc-eabi/4.8.2/crtbegin.o
 .rela.text.__lwp_rotate_readyqueue
                0x0000000000000000        0x0 /home/brandon/Programming/devkitpro/devkitPPC/bin/../lib/gcc/powerpc-eabi/4.8.2/crtbegin.o
 .rela.text.__lwp_thread_setpriority
                0x0000000000000000        0x0 /home/brandon/Programming/devkitpro/devkitPPC/bin/../lib/gcc/powerpc-eabi/4.8.2/crtbegin.o
 .rela.text.__lwp_thread_close
                0x0000000000000000        0x0 /home/brandon/Programming/devkitpro/devkitPPC/bin/../lib/gcc/powerpc-eabi/4.8.2/crtbegin.o
 .rela.text.__lwp_thread_closeall
                0x0000000000000000        0x0 /home/brandon/Programming/devkitpro/devkitPPC/bin/../lib/gcc/powerpc-eabi/4.8.2/crtbegin.o
 .rela.text.__lwp_thread_startmultitasking
                0x0000000000000000        0x0 /home/brandon/Programming/devkitpro/devkitPPC/bin/../lib/gcc/powerpc-eabi/4.8.2/crtbegin.o
 .rela.text.__lwp_thread_stopmultitasking
                0x0000000000000000        0x0 /home/brandon/Programming/devkitpro/devkitPPC/bin/../lib/gcc/powerpc-eabi/4.8.2/crtbegin.o
 .rela.text.__lwp_thread_coreinit
                0x0000000000000000        0x0 /home/brandon/Programming/devkitpro/devkitPPC/bin/../lib/gcc/powerpc-eabi/4.8.2/crtbegin.o
 .rela.text.__lwp_cntrl_open
                0x0000000000000000        0x0 /home/brandon/Programming/devkitpro/devkitPPC/bin/../lib/gcc/powerpc-eabi/4.8.2/crtbegin.o
 .rela.text.__lwp_tqueue_open
                0x0000000000000000        0x0 /home/brandon/Programming/devkitpro/devkitPPC/bin/../lib/gcc/powerpc-eabi/4.8.2/crtbegin.o
 .rela.text.__lwp_cntrl_free
                0x0000000000000000        0x0 /home/brandon/Programming/devkitpro/devkitPPC/bin/../lib/gcc/powerpc-eabi/4.8.2/crtbegin.o
 .rela.text.__lwp_sysinit
                0x0000000000000000        0x0 /home/brandon/Programming/devkitpro/devkitPPC/bin/../lib/gcc/powerpc-eabi/4.8.2/crtbegin.o
 .rela.text.__lwp_thread_isalive
                0x0000000000000000        0x0 /home/brandon/Programming/devkitpro/devkitPPC/bin/../lib/gcc/powerpc-eabi/4.8.2/crtbegin.o
 .rela.text.__lwp_thread_exists
                0x0000000000000000        0x0 /home/brandon/Programming/devkitpro/devkitPPC/bin/../lib/gcc/powerpc-eabi/4.8.2/crtbegin.o
 .rela.text.__lwp_thread_context
                0x0000000000000000        0x0 /home/brandon/Programming/devkitpro/devkitPPC/bin/../lib/gcc/powerpc-eabi/4.8.2/crtbegin.o
 .rela.text.LWP_CreateThread
                0x0000000000000000        0x0 /home/brandon/Programming/devkitpro/devkitPPC/bin/../lib/gcc/powerpc-eabi/4.8.2/crtbegin.o
 .rela.text.LWP_InitQueue
                0x0000000000000000        0x0 /home/brandon/Programming/devkitpro/devkitPPC/bin/../lib/gcc/powerpc-eabi/4.8.2/crtbegin.o
 .rela.text.LWP_CloseQueue
                0x0000000000000000        0x0 /home/brandon/Programming/devkitpro/devkitPPC/bin/../lib/gcc/powerpc-eabi/4.8.2/crtbegin.o
 .rela.text.__lwp_stack_allocate
                0x0000000000000000        0x0 /home/brandon/Programming/devkitpro/devkitPPC/bin/../lib/gcc/powerpc-eabi/4.8.2/crtbegin.o
 .rela.text.__lwp_stack_free
                0x0000000000000000        0x0 /home/brandon/Programming/devkitpro/devkitPPC/bin/../lib/gcc/powerpc-eabi/4.8.2/crtbegin.o
 .rela.text.__lwp_watchdog_init
                0x0000000000000000        0x0 /home/brandon/Programming/devkitpro/devkitPPC/bin/../lib/gcc/powerpc-eabi/4.8.2/crtbegin.o
 .rela.text.__lwp_wd_tickle
                0x0000000000000000        0x0 /home/brandon/Programming/devkitpro/devkitPPC/bin/../lib/gcc/powerpc-eabi/4.8.2/crtbegin.o
 .rela.text.__lwp_wkspace_heapfree
                0x0000000000000000        0x0 /home/brandon/Programming/devkitpro/devkitPPC/bin/../lib/gcc/powerpc-eabi/4.8.2/crtbegin.o
 .rela.text.__lwp_wkspace_heapused
                0x0000000000000000        0x0 /home/brandon/Programming/devkitpro/devkitPPC/bin/../lib/gcc/powerpc-eabi/4.8.2/crtbegin.o
 .rela.text.__lwp_wkspace_init
                0x0000000000000000        0x0 /home/brandon/Programming/devkitpro/devkitPPC/bin/../lib/gcc/powerpc-eabi/4.8.2/crtbegin.o
 .rela.text.__lwp_objmgr_initinfo
                0x0000000000000000        0x0 /home/brandon/Programming/devkitpro/devkitPPC/bin/../lib/gcc/powerpc-eabi/4.8.2/crtbegin.o
 .rela.text.__irq_init
                0x0000000000000000        0x0 /home/brandon/Programming/devkitpro/devkitPPC/bin/../lib/gcc/powerpc-eabi/4.8.2/crtbegin.o
 .rela.text.__call_resetfuncs
                0x0000000000000000        0x0 /home/brandon/Programming/devkitpro/devkitPPC/bin/../lib/gcc/powerpc-eabi/4.8.2/crtbegin.o
 .rela.text.__locksram
                0x0000000000000000        0x0 /home/brandon/Programming/devkitpro/devkitPPC/bin/../lib/gcc/powerpc-eabi/4.8.2/crtbegin.o
 .rela.text.__lwp_wd_insert_ticks
                0x0000000000000000        0x0 /home/brandon/Programming/devkitpro/devkitPPC/bin/../lib/gcc/powerpc-eabi/4.8.2/crtbegin.o
 .rela.text.__sram_writecallback
                0x0000000000000000        0x0 /home/brandon/Programming/devkitpro/devkitPPC/bin/../lib/gcc/powerpc-eabi/4.8.2/crtbegin.o
 .rela.text.__unlocksram
                0x0000000000000000        0x0 /home/brandon/Programming/devkitpro/devkitPPC/bin/../lib/gcc/powerpc-eabi/4.8.2/crtbegin.o
 .rela.text.__sram_init
                0x0000000000000000        0x0 /home/brandon/Programming/devkitpro/devkitPPC/bin/../lib/gcc/powerpc-eabi/4.8.2/crtbegin.o
 .rela.text.__SYS_SyncSram
                0x0000000000000000        0x0 /home/brandon/Programming/devkitpro/devkitPPC/bin/../lib/gcc/powerpc-eabi/4.8.2/crtbegin.o
 .rela.text.SYS_Init
                0x0000000000000000        0x0 /home/brandon/Programming/devkitpro/devkitPPC/bin/../lib/gcc/powerpc-eabi/4.8.2/crtbegin.o
 .rela.text.SYS_RemoveAlarm
                0x0000000000000000        0x0 /home/brandon/Programming/devkitpro/devkitPPC/bin/../lib/gcc/powerpc-eabi/4.8.2/crtbegin.o
 .rela.text.SYS_CancelAlarm
                0x0000000000000000        0x0 /home/brandon/Programming/devkitpro/devkitPPC/bin/../lib/gcc/powerpc-eabi/4.8.2/crtbegin.o
 .rela.text.__lwp_cond_open
                0x0000000000000000        0x0 /home/brandon/Programming/devkitpro/devkitPPC/bin/../lib/gcc/powerpc-eabi/4.8.2/crtbegin.o
 .rela.text.__lwp_cond_init
                0x0000000000000000        0x0 /home/brandon/Programming/devkitpro/devkitPPC/bin/../lib/gcc/powerpc-eabi/4.8.2/crtbegin.o
 .rela.text.LWP_CondInit
                0x0000000000000000        0x0 /home/brandon/Programming/devkitpro/devkitPPC/bin/../lib/gcc/powerpc-eabi/4.8.2/crtbegin.o
 .rela.text.LWP_CondDestroy
                0x0000000000000000        0x0 /home/brandon/Programming/devkitpro/devkitPPC/bin/../lib/gcc/powerpc-eabi/4.8.2/crtbegin.o
 .rela.text.c_decrementer_handler
                0x0000000000000000        0x0 /home/brandon/Programming/devkitpro/devkitPPC/bin/../lib/gcc/powerpc-eabi/4.8.2/crtbegin.o
 .rela.text.__lwp_mqbox_open
                0x0000000000000000        0x0 /home/brandon/Programming/devkitpro/devkitPPC/bin/../lib/gcc/powerpc-eabi/4.8.2/crtbegin.o
 .rela.text.__lwp_mqbox_init
                0x0000000000000000        0x0 /home/brandon/Programming/devkitpro/devkitPPC/bin/../lib/gcc/powerpc-eabi/4.8.2/crtbegin.o
 .rela.text.MQ_Init
                0x0000000000000000        0x0 /home/brandon/Programming/devkitpro/devkitPPC/bin/../lib/gcc/powerpc-eabi/4.8.2/crtbegin.o
 .rela.text.MQ_Close
                0x0000000000000000        0x0 /home/brandon/Programming/devkitpro/devkitPPC/bin/../lib/gcc/powerpc-eabi/4.8.2/crtbegin.o
 .rela.text.__lwp_wkspace_free
                0x0000000000000000        0x0 /home/brandon/Programming/devkitpro/devkitPPC/bin/../lib/gcc/powerpc-eabi/4.8.2/crtbegin.o
 .rela.text.__ios_ioctlvformat_parse
                0x0000000000000000        0x0 /home/brandon/Programming/devkitpro/devkitPPC/bin/../lib/gcc/powerpc-eabi/4.8.2/crtbegin.o
 .rela.text.IOS_IoctlvFormat
                0x0000000000000000        0x0 /home/brandon/Programming/devkitpro/devkitPPC/bin/../lib/gcc/powerpc-eabi/4.8.2/crtbegin.o
 .rela.text.IOS_IoctlvFormatAsync
                0x0000000000000000        0x0 /home/brandon/Programming/devkitpro/devkitPPC/bin/../lib/gcc/powerpc-eabi/4.8.2/crtbegin.o
 .rela.text.nanosleep
                0x0000000000000000        0x0 /home/brandon/Programming/devkitpro/devkitPPC/bin/../lib/gcc/powerpc-eabi/4.8.2/crtbegin.o
 .rela.text.__libc_delete_hook
                0x0000000000000000        0x0 /home/brandon/Programming/devkitpro/devkitPPC/bin/../lib/gcc/powerpc-eabi/4.8.2/crtbegin.o
 .rela.text.__libc_init
                0x0000000000000000        0x0 /home/brandon/Programming/devkitpro/devkitPPC/bin/../lib/gcc/powerpc-eabi/4.8.2/crtbegin.o
 .rela.text.__libc_wrapup
                0x0000000000000000        0x0 /home/brandon/Programming/devkitpro/devkitPPC/bin/../lib/gcc/powerpc-eabi/4.8.2/crtbegin.o
 .rela.text.__CheckARGV
                0x0000000000000000        0x0 /home/brandon/Programming/devkitpro/devkitPPC/bin/../lib/gcc/powerpc-eabi/4.8.2/crtbegin.o
 .rela.text.__lwp_priority_init
                0x0000000000000000        0x0 /home/brandon/Programming/devkitpro/devkitPPC/bin/../lib/gcc/powerpc-eabi/4.8.2/crtbegin.o
 .rela.text.__lwp_threadqueue_enqueuefifo
                0x0000000000000000        0x0 /home/brandon/Programming/devkitpro/devkitPPC/bin/../lib/gcc/powerpc-eabi/4.8.2/crtbegin.o
 .rela.text.__lwp_threadqueue_dequeuefifo
                0x0000000000000000        0x0 /home/brandon/Programming/devkitpro/devkitPPC/bin/../lib/gcc/powerpc-eabi/4.8.2/crtbegin.o
 .rela.text.__lwp_threadqueue_enqueuepriority
                0x0000000000000000        0x0 /home/brandon/Programming/devkitpro/devkitPPC/bin/../lib/gcc/powerpc-eabi/4.8.2/crtbegin.o
 .rela.text.__lwp_threadqueue_dequeuepriority
                0x0000000000000000        0x0 /home/brandon/Programming/devkitpro/devkitPPC/bin/../lib/gcc/powerpc-eabi/4.8.2/crtbegin.o
 .rela.text.__lwp_threadqueue_enqueue
                0x0000000000000000        0x0 /home/brandon/Programming/devkitpro/devkitPPC/bin/../lib/gcc/powerpc-eabi/4.8.2/crtbegin.o
 .rela.text.__lwp_threadqueue_extractfifo
                0x0000000000000000        0x0 /home/brandon/Programming/devkitpro/devkitPPC/bin/../lib/gcc/powerpc-eabi/4.8.2/crtbegin.o
 .rela.text.__lwp_threadqueue_extractpriority
                0x0000000000000000        0x0 /home/brandon/Programming/devkitpro/devkitPPC/bin/../lib/gcc/powerpc-eabi/4.8.2/crtbegin.o
 .rela.text.__lwpmq_initialize
                0x0000000000000000        0x0 /home/brandon/Programming/devkitpro/devkitPPC/bin/../lib/gcc/powerpc-eabi/4.8.2/crtbegin.o
 .rela.text.__lwpmq_close
                0x0000000000000000        0x0 /home/brandon/Programming/devkitpro/devkitPPC/bin/../lib/gcc/powerpc-eabi/4.8.2/crtbegin.o
 .rela.text.__systemcall_init
                0x0000000000000000        0x0 /home/brandon/Programming/devkitpro/devkitPPC/bin/../lib/gcc/powerpc-eabi/4.8.2/crtbegin.o
 .rela.text.__exception_init
                0x0000000000000000        0x0 /home/brandon/Programming/devkitpro/devkitPPC/bin/../lib/gcc/powerpc-eabi/4.8.2/crtbegin.o
 .rela.text.__exception_close
                0x0000000000000000        0x0 /home/brandon/Programming/devkitpro/devkitPPC/bin/../lib/gcc/powerpc-eabi/4.8.2/crtbegin.o
 .rela.text.__exception_sethandler
                0x0000000000000000        0x0 /home/brandon/Programming/devkitpro/devkitPPC/bin/../lib/gcc/powerpc-eabi/4.8.2/crtbegin.o
 .rela.text.__lwp_sema_open
                0x0000000000000000        0x0 /home/brandon/Programming/devkitpro/devkitPPC/bin/../lib/gcc/powerpc-eabi/4.8.2/crtbegin.o
 .rela.text.__lwp_sema_init
                0x0000000000000000        0x0 /home/brandon/Programming/devkitpro/devkitPPC/bin/../lib/gcc/powerpc-eabi/4.8.2/crtbegin.o
 .rela.text.LWP_SemInit
                0x0000000000000000        0x0 /home/brandon/Programming/devkitpro/devkitPPC/bin/../lib/gcc/powerpc-eabi/4.8.2/crtbegin.o
 .rela.text.LWP_SemDestroy
                0x0000000000000000        0x0 /home/brandon/Programming/devkitpro/devkitPPC/bin/../lib/gcc/powerpc-eabi/4.8.2/crtbegin.o
 .rela.text.__lwp_mutex_locksupp.constprop.7
                0x0000000000000000        0x0 /home/brandon/Programming/devkitpro/devkitPPC/bin/../lib/gcc/powerpc-eabi/4.8.2/crtbegin.o
 .rela.text.__lwp_mutex_init
                0x0000000000000000        0x0 /home/brandon/Programming/devkitpro/devkitPPC/bin/../lib/gcc/powerpc-eabi/4.8.2/crtbegin.o
 .rela.text.LWP_MutexInit
                0x0000000000000000        0x0 /home/brandon/Programming/devkitpro/devkitPPC/bin/../lib/gcc/powerpc-eabi/4.8.2/crtbegin.o
 .rela.text.LWP_MutexDestroy
                0x0000000000000000        0x0 /home/brandon/Programming/devkitpro/devkitPPC/bin/../lib/gcc/powerpc-eabi/4.8.2/crtbegin.o
 .rela.text.LWP_MutexUnlock
                0x0000000000000000        0x0 /home/brandon/Programming/devkitpro/devkitPPC/bin/../lib/gcc/powerpc-eabi/4.8.2/crtbegin.o
 .rela.text.__GX_FifoLink
                0x0000000000000000        0x0 /home/brandon/Programming/devkitpro/devkitPPC/bin/../lib/gcc/powerpc-eabi/4.8.2/crtbegin.o
 .rela.text.__GX_WriteFifoIntEnable
                0x0000000000000000        0x0 /home/brandon/Programming/devkitpro/devkitPPC/bin/../lib/gcc/powerpc-eabi/4.8.2/crtbegin.o
 .rela.text.__GX_FifoReadEnable
                0x0000000000000000        0x0 /home/brandon/Programming/devkitpro/devkitPPC/bin/../lib/gcc/powerpc-eabi/4.8.2/crtbegin.o
 .rela.text.__GX_FifoReadDisable
                0x0000000000000000        0x0 /home/brandon/Programming/devkitpro/devkitPPC/bin/../lib/gcc/powerpc-eabi/4.8.2/crtbegin.o
 .rela.text.__GX_InitRevBits
                0x0000000000000000        0x0 /home/brandon/Programming/devkitpro/devkitPPC/bin/../lib/gcc/powerpc-eabi/4.8.2/crtbegin.o
 .rela.text.__GXDefTexRegionCallback
                0x0000000000000000        0x0 /home/brandon/Programming/devkitpro/devkitPPC/bin/../lib/gcc/powerpc-eabi/4.8.2/crtbegin.o
 .rela.text.__GXDefTlutRegionCallback
                0x0000000000000000        0x0 /home/brandon/Programming/devkitpro/devkitPPC/bin/../lib/gcc/powerpc-eabi/4.8.2/crtbegin.o
 .rela.text.__GX_FlushTextureState
                0x0000000000000000        0x0 /home/brandon/Programming/devkitpro/devkitPPC/bin/../lib/gcc/powerpc-eabi/4.8.2/crtbegin.o
 .rela.text.__SetSURegs
                0x0000000000000000        0x0 /home/brandon/Programming/devkitpro/devkitPPC/bin/../lib/gcc/powerpc-eabi/4.8.2/crtbegin.o
 .rela.text.__SETVCDFMT
                0x0000000000000000        0x0 /home/brandon/Programming/devkitpro/devkitPPC/bin/../lib/gcc/powerpc-eabi/4.8.2/crtbegin.o
 .rela.text.__GX_SetMatrixIndex.part.1
                0x0000000000000000        0x0 /home/brandon/Programming/devkitpro/devkitPPC/bin/../lib/gcc/powerpc-eabi/4.8.2/crtbegin.o
 .rela.text.__SETVCDATTR
                0x0000000000000000        0x0 /home/brandon/Programming/devkitpro/devkitPPC/bin/../lib/gcc/powerpc-eabi/4.8.2/crtbegin.o
 .rela.text.__GX_WriteFifoIntReset.constprop.11
                0x0000000000000000        0x0 /home/brandon/Programming/devkitpro/devkitPPC/bin/../lib/gcc/powerpc-eabi/4.8.2/crtbegin.o
 .rela.text.__GXCPInterruptHandler
                0x0000000000000000        0x0 /home/brandon/Programming/devkitpro/devkitPPC/bin/../lib/gcc/powerpc-eabi/4.8.2/crtbegin.o
 .rela.text.__GX_SetDirtyState
                0x0000000000000000        0x0 /home/brandon/Programming/devkitpro/devkitPPC/bin/../lib/gcc/powerpc-eabi/4.8.2/crtbegin.o
 .rela.text.GX_Flush
                0x0000000000000000        0x0 /home/brandon/Programming/devkitpro/devkitPPC/bin/../lib/gcc/powerpc-eabi/4.8.2/crtbegin.o
 .rela.text.GX_EnableBreakPt
                0x0000000000000000        0x0 /home/brandon/Programming/devkitpro/devkitPPC/bin/../lib/gcc/powerpc-eabi/4.8.2/crtbegin.o
 .rela.text.GX_DisableBreakPt
                0x0000000000000000        0x0 /home/brandon/Programming/devkitpro/devkitPPC/bin/../lib/gcc/powerpc-eabi/4.8.2/crtbegin.o
 .rela.text.GX_AbortFrame
                0x0000000000000000        0x0 /home/brandon/Programming/devkitpro/devkitPPC/bin/../lib/gcc/powerpc-eabi/4.8.2/crtbegin.o
 .rela.text.GX_PixModeSync
                0x0000000000000000        0x0 /home/brandon/Programming/devkitpro/devkitPPC/bin/../lib/gcc/powerpc-eabi/4.8.2/crtbegin.o
 .rela.text.GX_SetMisc
                0x0000000000000000        0x0 /home/brandon/Programming/devkitpro/devkitPPC/bin/../lib/gcc/powerpc-eabi/4.8.2/crtbegin.o
 .rela.text.GX_SetCopyClamp
                0x0000000000000000        0x0 /home/brandon/Programming/devkitpro/devkitPPC/bin/../lib/gcc/powerpc-eabi/4.8.2/crtbegin.o
 .rela.text.GX_SetDispCopyGamma
                0x0000000000000000        0x0 /home/brandon/Programming/devkitpro/devkitPPC/bin/../lib/gcc/powerpc-eabi/4.8.2/crtbegin.o
 .rela.text.GX_SetDispCopyFrame2Field
                0x0000000000000000        0x0 /home/brandon/Programming/devkitpro/devkitPPC/bin/../lib/gcc/powerpc-eabi/4.8.2/crtbegin.o
 .rela.text.GX_SetDispCopyYScale
                0x0000000000000000        0x0 /home/brandon/Programming/devkitpro/devkitPPC/bin/../lib/gcc/powerpc-eabi/4.8.2/crtbegin.o
 .rela.text.GX_SetDispCopyDst
                0x0000000000000000        0x0 /home/brandon/Programming/devkitpro/devkitPPC/bin/../lib/gcc/powerpc-eabi/4.8.2/crtbegin.o
 .rela.text.GX_SetDispCopySrc
                0x0000000000000000        0x0 /home/brandon/Programming/devkitpro/devkitPPC/bin/../lib/gcc/powerpc-eabi/4.8.2/crtbegin.o
 .rela.text.GX_CopyDisp
                0x0000000000000000        0x0 /home/brandon/Programming/devkitpro/devkitPPC/bin/../lib/gcc/powerpc-eabi/4.8.2/crtbegin.o
 .rela.text.GX_CopyTex
                0x0000000000000000        0x0 /home/brandon/Programming/devkitpro/devkitPPC/bin/../lib/gcc/powerpc-eabi/4.8.2/crtbegin.o
 .rela.text.GX_SetTexCopySrc
                0x0000000000000000        0x0 /home/brandon/Programming/devkitpro/devkitPPC/bin/../lib/gcc/powerpc-eabi/4.8.2/crtbegin.o
 .rela.text.GX_SetTexCopyDst
                0x0000000000000000        0x0 /home/brandon/Programming/devkitpro/devkitPPC/bin/../lib/gcc/powerpc-eabi/4.8.2/crtbegin.o
 .rela.text.GX_BeginDispList
                0x0000000000000000        0x0 /home/brandon/Programming/devkitpro/devkitPPC/bin/../lib/gcc/powerpc-eabi/4.8.2/crtbegin.o
 .rela.text.GX_EndDispList
                0x0000000000000000        0x0 /home/brandon/Programming/devkitpro/devkitPPC/bin/../lib/gcc/powerpc-eabi/4.8.2/crtbegin.o
 .rela.text.GX_CallDispList
                0x0000000000000000        0x0 /home/brandon/Programming/devkitpro/devkitPPC/bin/../lib/gcc/powerpc-eabi/4.8.2/crtbegin.o
 .rela.text.GX_SetChanCtrl
                0x0000000000000000        0x0 /home/brandon/Programming/devkitpro/devkitPPC/bin/../lib/gcc/powerpc-eabi/4.8.2/crtbegin.o
 .rela.text.GX_SetChanAmbColor
                0x0000000000000000        0x0 /home/brandon/Programming/devkitpro/devkitPPC/bin/../lib/gcc/powerpc-eabi/4.8.2/crtbegin.o
 .rela.text.GX_SetChanMatColor
                0x0000000000000000        0x0 /home/brandon/Programming/devkitpro/devkitPPC/bin/../lib/gcc/powerpc-eabi/4.8.2/crtbegin.o
 .rela.text.GX_SetVtxDesc
                0x0000000000000000        0x0 /home/brandon/Programming/devkitpro/devkitPPC/bin/../lib/gcc/powerpc-eabi/4.8.2/crtbegin.o
 .rela.text.GX_SetVtxDescv
                0x0000000000000000        0x0 /home/brandon/Programming/devkitpro/devkitPPC/bin/../lib/gcc/powerpc-eabi/4.8.2/crtbegin.o
 .rela.text.GX_GetVtxDescv
                0x0000000000000000        0x0 /home/brandon/Programming/devkitpro/devkitPPC/bin/../lib/gcc/powerpc-eabi/4.8.2/crtbegin.o
 .rela.text.GX_SetVtxAttrFmt
                0x0000000000000000        0x0 /home/brandon/Programming/devkitpro/devkitPPC/bin/../lib/gcc/powerpc-eabi/4.8.2/crtbegin.o
 .rela.text.GX_SetVtxAttrFmtv
                0x0000000000000000        0x0 /home/brandon/Programming/devkitpro/devkitPPC/bin/../lib/gcc/powerpc-eabi/4.8.2/crtbegin.o
 .rela.text.GX_Begin
                0x0000000000000000        0x0 /home/brandon/Programming/devkitpro/devkitPPC/bin/../lib/gcc/powerpc-eabi/4.8.2/crtbegin.o
 .rela.text.GX_SetTexCoordGen2
                0x0000000000000000        0x0 /home/brandon/Programming/devkitpro/devkitPPC/bin/../lib/gcc/powerpc-eabi/4.8.2/crtbegin.o
 .rela.text.GX_SetCurrentMtx
                0x0000000000000000        0x0 /home/brandon/Programming/devkitpro/devkitPPC/bin/../lib/gcc/powerpc-eabi/4.8.2/crtbegin.o
 .rela.text.GX_SetNumTexGens
                0x0000000000000000        0x0 /home/brandon/Programming/devkitpro/devkitPPC/bin/../lib/gcc/powerpc-eabi/4.8.2/crtbegin.o
 .rela.text.GX_SetZMode
                0x0000000000000000        0x0 /home/brandon/Programming/devkitpro/devkitPPC/bin/../lib/gcc/powerpc-eabi/4.8.2/crtbegin.o
 .rela.text.GX_LoadTexObjPreloaded
                0x0000000000000000        0x0 /home/brandon/Programming/devkitpro/devkitPPC/bin/../lib/gcc/powerpc-eabi/4.8.2/crtbegin.o
 .rela.text.GX_SetTexCoordScaleManually
                0x0000000000000000        0x0 /home/brandon/Programming/devkitpro/devkitPPC/bin/../lib/gcc/powerpc-eabi/4.8.2/crtbegin.o
 .rela.text.GX_SetTexCoordCylWrap
                0x0000000000000000        0x0 /home/brandon/Programming/devkitpro/devkitPPC/bin/../lib/gcc/powerpc-eabi/4.8.2/crtbegin.o
 .rela.text.GX_SetTexCoordBias
                0x0000000000000000        0x0 /home/brandon/Programming/devkitpro/devkitPPC/bin/../lib/gcc/powerpc-eabi/4.8.2/crtbegin.o
 .rela.text.GX_SetBlendMode
                0x0000000000000000        0x0 /home/brandon/Programming/devkitpro/devkitPPC/bin/../lib/gcc/powerpc-eabi/4.8.2/crtbegin.o
 .rela.text.GX_ClearVtxDesc
                0x0000000000000000        0x0 /home/brandon/Programming/devkitpro/devkitPPC/bin/../lib/gcc/powerpc-eabi/4.8.2/crtbegin.o
 .rela.text.GX_SetLineWidth
                0x0000000000000000        0x0 /home/brandon/Programming/devkitpro/devkitPPC/bin/../lib/gcc/powerpc-eabi/4.8.2/crtbegin.o
 .rela.text.GX_SetPointSize
                0x0000000000000000        0x0 /home/brandon/Programming/devkitpro/devkitPPC/bin/../lib/gcc/powerpc-eabi/4.8.2/crtbegin.o
 .rela.text.GX_SetTevColorIn
                0x0000000000000000        0x0 /home/brandon/Programming/devkitpro/devkitPPC/bin/../lib/gcc/powerpc-eabi/4.8.2/crtbegin.o
 .rela.text.GX_SetTevAlphaIn
                0x0000000000000000        0x0 /home/brandon/Programming/devkitpro/devkitPPC/bin/../lib/gcc/powerpc-eabi/4.8.2/crtbegin.o
 .rela.text.GX_SetTevColorOp
                0x0000000000000000        0x0 /home/brandon/Programming/devkitpro/devkitPPC/bin/../lib/gcc/powerpc-eabi/4.8.2/crtbegin.o
 .rela.text.GX_SetTevAlphaOp
                0x0000000000000000        0x0 /home/brandon/Programming/devkitpro/devkitPPC/bin/../lib/gcc/powerpc-eabi/4.8.2/crtbegin.o
 .rela.text.GX_SetCullMode
                0x0000000000000000        0x0 /home/brandon/Programming/devkitpro/devkitPPC/bin/../lib/gcc/powerpc-eabi/4.8.2/crtbegin.o
 .rela.text.GX_SetCoPlanar
                0x0000000000000000        0x0 /home/brandon/Programming/devkitpro/devkitPPC/bin/../lib/gcc/powerpc-eabi/4.8.2/crtbegin.o
 .rela.text.GX_EnableTexOffsets
                0x0000000000000000        0x0 /home/brandon/Programming/devkitpro/devkitPPC/bin/../lib/gcc/powerpc-eabi/4.8.2/crtbegin.o
 .rela.text.GX_SetScissor
                0x0000000000000000        0x0 /home/brandon/Programming/devkitpro/devkitPPC/bin/../lib/gcc/powerpc-eabi/4.8.2/crtbegin.o
 .rela.text.GX_SetNumChans
                0x0000000000000000        0x0 /home/brandon/Programming/devkitpro/devkitPPC/bin/../lib/gcc/powerpc-eabi/4.8.2/crtbegin.o
 .rela.text.GX_SetTevOrder
                0x0000000000000000        0x0 /home/brandon/Programming/devkitpro/devkitPPC/bin/../lib/gcc/powerpc-eabi/4.8.2/crtbegin.o
 .rela.text.GX_SetNumTevStages
                0x0000000000000000        0x0 /home/brandon/Programming/devkitpro/devkitPPC/bin/../lib/gcc/powerpc-eabi/4.8.2/crtbegin.o
 .rela.text.GX_SetTevKColorSel
                0x0000000000000000        0x0 /home/brandon/Programming/devkitpro/devkitPPC/bin/../lib/gcc/powerpc-eabi/4.8.2/crtbegin.o
 .rela.text.GX_SetTevKAlphaSel
                0x0000000000000000        0x0 /home/brandon/Programming/devkitpro/devkitPPC/bin/../lib/gcc/powerpc-eabi/4.8.2/crtbegin.o
 .rela.text.GX_SetTevSwapMode
                0x0000000000000000        0x0 /home/brandon/Programming/devkitpro/devkitPPC/bin/../lib/gcc/powerpc-eabi/4.8.2/crtbegin.o
 .rela.text.GX_SetTevSwapModeTable
                0x0000000000000000        0x0 /home/brandon/Programming/devkitpro/devkitPPC/bin/../lib/gcc/powerpc-eabi/4.8.2/crtbegin.o
 .rela.text.GX_SetNumIndStages
                0x0000000000000000        0x0 /home/brandon/Programming/devkitpro/devkitPPC/bin/../lib/gcc/powerpc-eabi/4.8.2/crtbegin.o
 .rela.text.GX_SetIndTexCoordScale
                0x0000000000000000        0x0 /home/brandon/Programming/devkitpro/devkitPPC/bin/../lib/gcc/powerpc-eabi/4.8.2/crtbegin.o
 .rela.text.GX_SetColorUpdate
                0x0000000000000000        0x0 /home/brandon/Programming/devkitpro/devkitPPC/bin/../lib/gcc/powerpc-eabi/4.8.2/crtbegin.o
 .rela.text.GX_SetAlphaUpdate
                0x0000000000000000        0x0 /home/brandon/Programming/devkitpro/devkitPPC/bin/../lib/gcc/powerpc-eabi/4.8.2/crtbegin.o
 .rela.text.GX_SetZCompLoc
                0x0000000000000000        0x0 /home/brandon/Programming/devkitpro/devkitPPC/bin/../lib/gcc/powerpc-eabi/4.8.2/crtbegin.o
 .rela.text.GX_SetPixelFmt
                0x0000000000000000        0x0 /home/brandon/Programming/devkitpro/devkitPPC/bin/../lib/gcc/powerpc-eabi/4.8.2/crtbegin.o
 .rela.text.GX_SetDither
                0x0000000000000000        0x0 /home/brandon/Programming/devkitpro/devkitPPC/bin/../lib/gcc/powerpc-eabi/4.8.2/crtbegin.o
 .rela.text.GX_SetDstAlpha
                0x0000000000000000        0x0 /home/brandon/Programming/devkitpro/devkitPPC/bin/../lib/gcc/powerpc-eabi/4.8.2/crtbegin.o
 .rela.text.GX_SetFieldMode
                0x0000000000000000        0x0 /home/brandon/Programming/devkitpro/devkitPPC/bin/../lib/gcc/powerpc-eabi/4.8.2/crtbegin.o
 .rela.text.GX_SetIndTexOrder
                0x0000000000000000        0x0 /home/brandon/Programming/devkitpro/devkitPPC/bin/../lib/gcc/powerpc-eabi/4.8.2/crtbegin.o
 .rela.text.GX_SetGPMetric
                0x0000000000000000        0x0 /home/brandon/Programming/devkitpro/devkitPPC/bin/../lib/gcc/powerpc-eabi/4.8.2/crtbegin.o
 .rela.text.GX_Init
                0x0000000000000000        0x0 /home/brandon/Programming/devkitpro/devkitPPC/bin/../lib/gcc/powerpc-eabi/4.8.2/crtbegin.o
 .rela.text.GX_ReadGPMetric
                0x0000000000000000        0x0 /home/brandon/Programming/devkitpro/devkitPPC/bin/../lib/gcc/powerpc-eabi/4.8.2/crtbegin.o
 .rela.text.kprintf
                0x0000000000000000        0x0 /home/brandon/Programming/devkitpro/devkitPPC/bin/../lib/gcc/powerpc-eabi/4.8.2/crtbegin.o
 .rela.text.atangent
                0x0000000000000000        0x0 /home/brandon/Programming/devkitpro/devkitPPC/bin/../lib/gcc/powerpc-eabi/4.8.2/crtbegin.o
 .rela.text.atangentf
                0x0000000000000000        0x0 /home/brandon/Programming/devkitpro/devkitPPC/bin/../lib/gcc/powerpc-eabi/4.8.2/crtbegin.o
 .rela.text.sinef
                0x0000000000000000        0x0 /home/brandon/Programming/devkitpro/devkitPPC/bin/../lib/gcc/powerpc-eabi/4.8.2/crtbegin.o
 .rela.text.sqrtf
                0x0000000000000000        0x0 /home/brandon/Programming/devkitpro/devkitPPC/bin/../lib/gcc/powerpc-eabi/4.8.2/crtbegin.o
 .rela.text.calloc
                0x0000000000000000        0x0 /home/brandon/Programming/devkitpro/devkitPPC/bin/../lib/gcc/powerpc-eabi/4.8.2/crtbegin.o
 .rela.text.__errno
                0x0000000000000000        0x0 /home/brandon/Programming/devkitpro/devkitPPC/bin/../lib/gcc/powerpc-eabi/4.8.2/crtbegin.o
 .rela.text.exit
                0x0000000000000000        0x0 /home/brandon/Programming/devkitpro/devkitPPC/bin/../lib/gcc/powerpc-eabi/4.8.2/crtbegin.o
 .rela.text.fprintf
                0x0000000000000000        0x0 /home/brandon/Programming/devkitpro/devkitPPC/bin/../lib/gcc/powerpc-eabi/4.8.2/crtbegin.o
 .rela.text.fputs
                0x0000000000000000        0x0 /home/brandon/Programming/devkitpro/devkitPPC/bin/../lib/gcc/powerpc-eabi/4.8.2/crtbegin.o
 .rela.text._malloc_trim_r
                0x0000000000000000        0x0 /home/brandon/Programming/devkitpro/devkitPPC/bin/../lib/gcc/powerpc-eabi/4.8.2/crtbegin.o
 .rela.text._free_r
                0x0000000000000000        0x0 /home/brandon/Programming/devkitpro/devkitPPC/bin/../lib/gcc/powerpc-eabi/4.8.2/crtbegin.o
 .rela.text.setvbuf
                0x0000000000000000        0x0 /home/brandon/Programming/devkitpro/devkitPPC/bin/../lib/gcc/powerpc-eabi/4.8.2/crtbegin.o
 .rela.text._svfprintf_r
                0x0000000000000000        0x0 /home/brandon/Programming/devkitpro/devkitPPC/bin/../lib/gcc/powerpc-eabi/4.8.2/crtbegin.o
 .rela.text._vfprintf_r
                0x0000000000000000        0x0 /home/brandon/Programming/devkitpro/devkitPPC/bin/../lib/gcc/powerpc-eabi/4.8.2/crtbegin.o
 .rela.text._wcrtomb_r
                0x0000000000000000        0x0 /home/brandon/Programming/devkitpro/devkitPPC/bin/../lib/gcc/powerpc-eabi/4.8.2/crtbegin.o
 .rela.text.wcrtomb
                0x0000000000000000        0x0 /home/brandon/Programming/devkitpro/devkitPPC/bin/../lib/gcc/powerpc-eabi/4.8.2/crtbegin.o
 .rela.text.__call_exitprocs
                0x0000000000000000        0x0 /home/brandon/Programming/devkitpro/devkitPPC/bin/../lib/gcc/powerpc-eabi/4.8.2/crtbegin.o
 .rela.text._dtoa_r
                0x0000000000000000        0x0 /home/brandon/Programming/devkitpro/devkitPPC/bin/../lib/gcc/powerpc-eabi/4.8.2/crtbegin.o
 .rela.text._cleanup_r
                0x0000000000000000        0x0 /home/brandon/Programming/devkitpro/devkitPPC/bin/../lib/gcc/powerpc-eabi/4.8.2/crtbegin.o
 .rela.text.std.isra.0
                0x0000000000000000        0x0 /home/brandon/Programming/devkitpro/devkitPPC/bin/../lib/gcc/powerpc-eabi/4.8.2/crtbegin.o
 .rela.text._cleanup
                0x0000000000000000        0x0 /home/brandon/Programming/devkitpro/devkitPPC/bin/../lib/gcc/powerpc-eabi/4.8.2/crtbegin.o
 .rela.text.loadlocale
                0x0000000000000000        0x0 /home/brandon/Programming/devkitpro/devkitPPC/bin/../lib/gcc/powerpc-eabi/4.8.2/crtbegin.o
 .rela.text.__smakebuf_r
                0x0000000000000000        0x0 /home/brandon/Programming/devkitpro/devkitPPC/bin/../lib/gcc/powerpc-eabi/4.8.2/crtbegin.o
 .rela.text._findenv_r
                0x0000000000000000        0x0 /home/brandon/Programming/devkitpro/devkitPPC/bin/../lib/gcc/powerpc-eabi/4.8.2/crtbegin.o

.rel.fini
 *(.rel.fini)

.rela.fini
 *(.rela.fini)

.rel.rodata
 *(.rel.rodata .rel.rodata.* .rel.gnu.linkonce.r.*)

.rela.rodata
 *(.rela.rodata .rela.rodata.* .rela.gnu.linkonce.r.*)

.rel.data
 *(.rel.data .rel.data.* .rel.gnu.linkonce.d.*)

.rela.data
 *(.rela.data .rela.data.* .rela.gnu.linkonce.d.*)

.rel.tdata
 *(.rel.tdata .rel.tdata.* .rel.gnu.linkonce.td.*)

.rela.tdata
 *(.rela.tdata .rela.tdata.* .rela.gnu.linkonce.td.*)

.rel.tbss
 *(.rel.tbss .rel.tbss.* .rel.gnu.linkonce.tb.*)

.rela.tbss
 *(.rela.tbss .rela.tbss.* .rela.gnu.linkonce.tb.*)

.rel.ctors
 *(.rel.ctors)

.rela.ctors
 *(.rela.ctors)

.rel.dtors
 *(.rel.dtors)

.rela.dtors
 *(.rela.dtors)

.rel.got
 *(.rel.got)

.rela.got
 *(.rela.got)

.rela.got1
 *(.rela.got1)

.rela.got2      0x0000000080004194        0x0
 *(.rela.got2)
 .rela.got2     0x0000000000000000        0x0 /home/brandon/Programming/devkitpro/devkitPPC/bin/../lib/gcc/powerpc-eabi/4.8.2/crtbegin.o

.rel.sdata
 *(.rel.sdata .rel.sdata.* .rel.gnu.linkonce.s.*)

.rela.sdata
 *(.rela.sdata .rela.sdata.* .rela.gnu.linkonce.s.*)

.rel.sbss
 *(.rel.sbss .rel.sbss.* .rel.gnu.linkonce.sb.*)

.rela.sbss
 *(.rela.sbss .rela.sbss.* .rel.gnu.linkonce.sb.*)

.rel.sdata2
 *(.rel.sdata2 .rel.sdata2.* .rel.gnu.linkonce.s2.*)

.rela.sdata2    0x0000000080004194        0x0
 *(.rela.sdata2 .rela.sdata2.* .rela.gnu.linkonce.s2.*)
 .rela.sdata2.__sys_inIPL
                0x0000000000000000        0x0 /home/brandon/Programming/devkitpro/devkitPPC/bin/../lib/gcc/powerpc-eabi/4.8.2/crtbegin.o

.rel.sbss2
 *(.rel.sbss2 .rel.sbss2.* .rel.gnu.linkonce.sb2.*)

.rela.sbss2
 *(.rela.sbss2 .rela.sbss2.* .rela.gnu.linkonce.sb2.*)

.rel.bss
 *(.rel.bss .rel.bss.* .rel.gnu.linkonce.b.*)

.rela.bss
 *(.rela.bss .rela.bss.* .rela.gnu.linkonce.b.*)

.rel.plt
 *(.rel.plt)

.rela.plt
 *(.rela.plt)

.text           0x00000000800041a0    0x2d7a0
 *(.text)
 .text          0x00000000800041a0      0x1e0 /home/brandon/Programming/devkitpro/devkitPPC/bin/../lib/gcc/powerpc-eabi/4.8.2/crtbegin.o
 .text          0x0000000080004380       0x44 /home/brandon/Programming/devkitpro/devkitPPC/bin/../lib/gcc/powerpc-eabi/4.8.2/../../../../powerpc-eabi/lib/crtmain.o
                0x0000000080004384                __crtmain
 *fill*         0x00000000800043c4       0x1c 00000000
 .text          0x00000000800043e0      0x44c /home/brandon/Programming/devkitpro//libogc/lib/wii/libogc.a(lwp_handler.o)
                0x00000000800043e0                _cpu_context_save_fp
                0x0000000080004520                _cpu_context_restore_fp
                0x0000000080004660                _cpu_context_switch
                0x0000000080004740                _cpu_context_save
                0x00000000800047c0                _cpu_context_restore
 .text          0x000000008000482c      0x4a0 /home/brandon/Programming/devkitpro//libogc/lib/wii/libogc.a(system_asm.o)
                0x000000008000482c                __realmode
                0x0000000080004844                __configBATS
                0x0000000080004974                __InitFPRS
                0x0000000080004aa0                __InitPS
                0x0000000080004afc                __InitCache
                0x0000000080004b54                __InitSystem
                0x0000000080004bdc                __flush_cache
                0x0000000080004c10                __reset
                0x0000000080004c80                __InitBATS
                0x0000000080004c9c                SYS_SwitchFiber
 .text          0x0000000080004ccc      0x1ac /home/brandon/Programming/devkitpro//libogc/lib/wii/libogc.a(irq_handler.o)
                0x0000000080004ccc                irq_exceptionhandler
 .text          0x0000000080004e78      0x118 /home/brandon/Programming/devkitpro//libogc/lib/wii/libogc.a(video_asm.o)
                0x0000000080004e78                __VIClearFramebuffer
 .text          0x0000000080004f90      0x4f4 /home/brandon/Programming/devkitpro//libogc/lib/wii/libogc.a(cache_asm.o)
                0x0000000080004f90                DCFlashInvalidate
                0x0000000080004fa4                DCEnable
                0x0000000080004fb8                DCDisable
                0x0000000080004fcc                DCFreeze
                0x0000000080004fe0                DCUnfreeze
                0x0000000080004ff4                DCTouchLoad
                0x0000000080004ffc                DCBlockZero
                0x0000000080005004                DCBlockStore
                0x000000008000500c                DCBlockFlush
                0x0000000080005014                DCBlockInvalidate
                0x000000008000501c                DCInvalidateRange
                0x000000008000504c                DCFlushRange
                0x0000000080005080                DCStoreRange
                0x00000000800050b4                DCFlushRangeNoSync
                0x00000000800050e4                DCStoreRangeNoSync
                0x0000000080005114                DCZeroRange
                0x0000000080005144                DCTouchRange
                0x0000000080005174                ICInvalidateRange
                0x00000000800051ac                ICFlashInvalidate
                0x00000000800051c0                ICEnable
                0x00000000800051d4                ICDisable
                0x00000000800051e8                ICFreeze
                0x00000000800051fc                ICUnfreeze
                0x0000000080005210                ICBlockInvalidate
                0x0000000080005218                ICSync
                0x0000000080005220                L2Init
                0x0000000080005268                L2Enable
                0x0000000080005284                L2Disable
                0x000000008000529c                L2GlobalInvalidate
                0x00000000800052f4                __LCEnable
                0x00000000800053c0                LCDisable
                0x00000000800053e8                LCAllocOneTag
                0x00000000800053fc                LCAllocTags
                0x000000008000543c                LCLoadBlocks
                0x0000000080005460                LCStoreBlocks
 .text          0x0000000080005484      0x1ac /home/brandon/Programming/devkitpro//libogc/lib/wii/libogc.a(decrementer_handler.o)
                0x0000000080005484                dec_exceptionhandler
 .text          0x0000000080005630      0x35c /home/brandon/Programming/devkitpro//libogc/lib/wii/libogc.a(exception_handler.o)
                0x0000000080005630                exceptionhandler_start
                0x00000000800056ac                exceptionhandler_patch
                0x00000000800056e0                exceptionhandler_end
                0x00000000800056e4                default_exceptionhandler
                0x0000000080005814                fpu_exceptionhandler
                0x000000008000595c                systemcallhandler_start
                0x0000000080005988                systemcallhandler_end
 .text          0x000000008000598c       0x40 /home/brandon/Programming/devkitpro/devkitPPC/bin/../lib/gcc/powerpc-eabi/4.8.2/libgcc.a(_ashldi3.o)
                0x000000008000598c                __ashldi3
 .text          0x00000000800059cc      0x414 /home/brandon/Programming/devkitpro/devkitPPC/bin/../lib/gcc/powerpc-eabi/4.8.2/libgcc.a(_udivdi3.o)
                0x00000000800059cc                __udivdi3
 .text          0x0000000080005de0      0x3b8 /home/brandon/Programming/devkitpro/devkitPPC/bin/../lib/gcc/powerpc-eabi/4.8.2/libgcc.a(_umoddi3.o)
                0x0000000080005de0                __umoddi3
 .text          0x0000000080006198       0x48 /home/brandon/Programming/devkitpro/devkitPPC/bin/../lib/gcc/powerpc-eabi/4.8.2/libgcc.a(eabi.o)
                0x0000000080006198                __eabi
 .text          0x00000000800061e0       0x4c /home/brandon/Programming/devkitpro/devkitPPC/bin/../lib/gcc/powerpc-eabi/4.8.2/libgcc.a(crtsavfpr.o)
                0x00000000800061e0                _savefpr_14
                0x00000000800061e4                _savefpr_15
                0x00000000800061e8                _savefpr_16
                0x00000000800061ec                _savefpr_17
                0x00000000800061f0                _savefpr_18
                0x00000000800061f4                _savefpr_19
                0x00000000800061f8                _savefpr_20
                0x00000000800061fc                _savefpr_21
                0x0000000080006200                _savefpr_22
                0x0000000080006204                _savefpr_23
                0x0000000080006208                _savefpr_24
                0x000000008000620c                _savefpr_25
                0x0000000080006210                _savefpr_26
                0x0000000080006214                _savefpr_27
                0x0000000080006218                _savefpr_28
                0x000000008000621c                _savefpr_29
                0x0000000080006220                _savefpr_30
                0x0000000080006224                _savefpr_31
 .text          0x000000008000622c       0x58 /home/brandon/Programming/devkitpro/devkitPPC/bin/../lib/gcc/powerpc-eabi/4.8.2/libgcc.a(crtresxfpr.o)
                0x000000008000622c                _restfpr_14_x
                0x0000000080006230                _restfpr_15_x
                0x0000000080006234                _restfpr_16_x
                0x0000000080006238                _restfpr_17_x
                0x000000008000623c                _restfpr_18_x
                0x0000000080006240                _restfpr_19_x
                0x0000000080006244                _restfpr_20_x
                0x0000000080006248                _restfpr_21_x
                0x000000008000624c                _restfpr_22_x
                0x0000000080006250                _restfpr_23_x
                0x0000000080006254                _restfpr_24_x
                0x0000000080006258                _restfpr_25_x
                0x000000008000625c                _restfpr_26_x
                0x0000000080006260                _restfpr_27_x
                0x0000000080006264                _restfpr_28_x
                0x0000000080006268                _restfpr_29_x
                0x000000008000626c                _restfpr_30_x
                0x0000000080006270                _restfpr_31_x
 .text          0x0000000080006284       0x58 /home/brandon/Programming/devkitpro/devkitPPC/bin/../lib/gcc/powerpc-eabi/4.8.2/libgcc.a(crtresxgpr.o)
                0x0000000080006284                _restgpr_14_x
                0x0000000080006288                _restgpr_15_x
                0x000000008000628c                _restgpr_16_x
                0x0000000080006290                _restgpr_17_x
                0x0000000080006294                _restgpr_18_x
                0x0000000080006298                _restgpr_19_x
                0x000000008000629c                _restgpr_20_x
                0x00000000800062a0                _restgpr_21_x
                0x00000000800062a4                _restgpr_22_x
                0x00000000800062a8                _restgpr_23_x
                0x00000000800062ac                _restgpr_24_x
                0x00000000800062b0                _restgpr_25_x
                0x00000000800062b4                _restgpr_26_x
                0x00000000800062b8                _restgpr_27_x
                0x00000000800062bc                _restgpr_28_x
                0x00000000800062c0                _restgpr_29_x
                0x00000000800062c4                _restgpr_30_x
                0x00000000800062c8                _restgpr_31_x
 .text          0x00000000800062dc       0x28 /home/brandon/Programming/devkitpro/devkitPPC/bin/../lib/gcc/powerpc-eabi/4.8.2/../../../../powerpc-eabi/lib/libsysbase.a(abort.o)
                0x00000000800062dc                abort
 .text          0x0000000080006304      0x2f8 /home/brandon/Programming/devkitpro/devkitPPC/bin/../lib/gcc/powerpc-eabi/4.8.2/../../../../powerpc-eabi/lib/libsysbase.a(iosupport.o)
                0x0000000080006304                setDefaultDevice
                0x000000008000631c                FindDevice
                0x0000000080006440                RemoveDevice
                0x0000000080006490                AddDevice
                0x00000000800065ac                GetDeviceOpTab
 .text          0x00000000800065fc       0x28 /home/brandon/Programming/devkitpro/devkitPPC/bin/../lib/gcc/powerpc-eabi/4.8.2/../../../../powerpc-eabi/lib/libsysbase.a(_exit.o)
                0x00000000800065fc                _exit
 .text          0x0000000080006624       0x88 /home/brandon/Programming/devkitpro/devkitPPC/bin/../lib/gcc/powerpc-eabi/4.8.2/../../../../powerpc-eabi/lib/libsysbase.a(build_argv.o)
                0x0000000080006624                build_argv
 .text          0x00000000800066ac       0xb0 /home/brandon/Programming/devkitpro/devkitPPC/bin/../lib/gcc/powerpc-eabi/4.8.2/../../../../powerpc-eabi/lib/libsysbase.a(syscall_support.o)
                0x00000000800066ac                __libc_lock_init
                0x00000000800066cc                __libc_lock_close
                0x00000000800066ec                __libc_lock_release
                0x000000008000670c                __libc_lock_acquire
                0x000000008000672c                __malloc_lock
                0x0000000080006744                __malloc_unlock
 .text          0x000000008000675c       0xa0 /home/brandon/Programming/devkitpro/devkitPPC/bin/../lib/gcc/powerpc-eabi/4.8.2/../../../../powerpc-eabi/lib/libsysbase.a(close.o)
                0x000000008000675c                _close_r
 .text          0x00000000800067fc       0xb0 /home/brandon/Programming/devkitpro/devkitPPC/bin/../lib/gcc/powerpc-eabi/4.8.2/../../../../powerpc-eabi/lib/libsysbase.a(fstat.o)
                0x00000000800067fc                _fstat_r
 .text          0x00000000800068ac        0x8 /home/brandon/Programming/devkitpro/devkitPPC/bin/../lib/gcc/powerpc-eabi/4.8.2/../../../../powerpc-eabi/lib/libsysbase.a(isatty.o)
                0x00000000800068ac                _isatty_r
 .text          0x00000000800068b4       0xc0 /home/brandon/Programming/devkitpro/devkitPPC/bin/../lib/gcc/powerpc-eabi/4.8.2/../../../../powerpc-eabi/lib/libsysbase.a(lseek.o)
                0x00000000800068b4                _lseek_r
 .text          0x0000000080006974       0xb0 /home/brandon/Programming/devkitpro/devkitPPC/bin/../lib/gcc/powerpc-eabi/4.8.2/../../../../powerpc-eabi/lib/libsysbase.a(read.o)
                0x0000000080006974                _read_r
 .text          0x0000000080006a24       0x28 /home/brandon/Programming/devkitpro/devkitPPC/bin/../lib/gcc/powerpc-eabi/4.8.2/../../../../powerpc-eabi/lib/libsysbase.a(sbrk.o)
                0x0000000080006a24                _sbrk_r
 .text          0x0000000080006a4c       0xb8 /home/brandon/Programming/devkitpro/devkitPPC/bin/../lib/gcc/powerpc-eabi/4.8.2/../../../../powerpc-eabi/lib/libsysbase.a(write.o)
                0x0000000080006a4c                _write_r
 .text          0x0000000080006b04       0x4c /home/brandon/Programming/devkitpro/devkitPPC/bin/../lib/gcc/powerpc-eabi/4.8.2/../../../../powerpc-eabi/lib/libsysbase.a(flock.o)
                0x0000000080006b04                __flockfile
                0x0000000080006b48                __funlockfile
 .text          0x0000000080006b50      0x174 /home/brandon/Programming/devkitpro/devkitPPC/bin/../lib/gcc/powerpc-eabi/4.8.2/../../../../powerpc-eabi/lib/libsysbase.a(handle_manager.o)
                0x0000000080006b50                __release_handle
                0x0000000080006bac                __alloc_handle
                0x0000000080006c9c                __get_handle
 .text          0x0000000080006cc4       0x68 /home/brandon/Programming/devkitpro/devkitPPC/bin/../lib/gcc/powerpc-eabi/4.8.2/crtend.o
 *(.text.*)
 .text.startup.main
                0x0000000080006d2c      0x368 boot.o
                0x0000000080006d2c                main
 .text.append   0x0000000080007094       0xf8 list.o
                0x0000000080007094                append
 .text.clear    0x000000008000718c       0x68 list.o
                0x000000008000718c                clear
 .text.__wpad_assign_slot
                0x00000000800071f4      0x218 /home/brandon/Programming/devkitpro//libogc/lib/wii/libwiiuse.a(wpad.o)
                0x00000000800071f4                __wpad_assign_slot
 .text.__wpad_def_powcb
                0x000000008000740c        0x4 /home/brandon/Programming/devkitpro//libogc/lib/wii/libwiiuse.a(wpad.o)
 .text.__wpad_disconnect
                0x0000000080007410       0x4c /home/brandon/Programming/devkitpro//libogc/lib/wii/libwiiuse.a(wpad.o)
 .text.__readlinkkey_finished
                0x000000008000745c       0x30 /home/brandon/Programming/devkitpro//libogc/lib/wii/libwiiuse.a(wpad.o)
 .text.__wpad_patch_finished
                0x000000008000748c       0x2c /home/brandon/Programming/devkitpro//libogc/lib/wii/libwiiuse.a(wpad.o)
 .text.__wpad_setfmt
                0x00000000800074b8      0x100 /home/brandon/Programming/devkitpro//libogc/lib/wii/libwiiuse.a(wpad.o)
 .text.__wpad_eventCB
                0x00000000800075b8      0x8e0 /home/brandon/Programming/devkitpro//libogc/lib/wii/libwiiuse.a(wpad.o)
 .text.__wpad_disconnectCB
                0x0000000080007e98       0xcc /home/brandon/Programming/devkitpro//libogc/lib/wii/libwiiuse.a(wpad.o)
                0x0000000080007e98                __wpad_disconnectCB
 .text.__wpad_timeouthandler
                0x0000000080007f64       0x90 /home/brandon/Programming/devkitpro//libogc/lib/wii/libwiiuse.a(wpad.o)
 .text.__initcore_finished
                0x0000000080007ff4       0x48 /home/brandon/Programming/devkitpro//libogc/lib/wii/libwiiuse.a(wpad.o)
 .text.__wpad_init_finished
                0x000000008000803c      0x138 /home/brandon/Programming/devkitpro//libogc/lib/wii/libwiiuse.a(wpad.o)
 .text.WPAD_ReadEvent
                0x0000000080008174      0x574 /home/brandon/Programming/devkitpro//libogc/lib/wii/libwiiuse.a(wpad.o)
                0x0000000080008174                WPAD_ReadEvent
 .text.WPAD_ReadPending
                0x00000000800086e8      0x108 /home/brandon/Programming/devkitpro//libogc/lib/wii/libwiiuse.a(wpad.o)
                0x00000000800086e8                WPAD_ReadPending
 .text.WPAD_SetDataFormat
                0x00000000800087f0      0x118 /home/brandon/Programming/devkitpro//libogc/lib/wii/libwiiuse.a(wpad.o)
                0x00000000800087f0                WPAD_SetDataFormat
 .text.WPAD_SetVRes
                0x0000000080008908       0xe0 /home/brandon/Programming/devkitpro//libogc/lib/wii/libwiiuse.a(wpad.o)
                0x0000000080008908                WPAD_SetVRes
 .text.WPAD_Shutdown
                0x00000000800089e8       0xbc /home/brandon/Programming/devkitpro//libogc/lib/wii/libwiiuse.a(wpad.o)
                0x00000000800089e8                WPAD_Shutdown
 .text.WPAD_Init
                0x0000000080008aa4      0x234 /home/brandon/Programming/devkitpro//libogc/lib/wii/libwiiuse.a(wpad.o)
                0x0000000080008aa4                WPAD_Init
 .text.__wpad_onreset
                0x0000000080008cd8       0x34 /home/brandon/Programming/devkitpro//libogc/lib/wii/libwiiuse.a(wpad.o)
 .text.WPAD_ScanPads
                0x0000000080008d0c        0xc /home/brandon/Programming/devkitpro//libogc/lib/wii/libwiiuse.a(wpad.o)
                0x0000000080008d0c                WPAD_ScanPads
 .text.WPAD_ButtonsDown
                0x0000000080008d18       0x28 /home/brandon/Programming/devkitpro//libogc/lib/wii/libwiiuse.a(wpad.o)
                0x0000000080008d18                WPAD_ButtonsDown
 .text.WPAD_ButtonsHeld
                0x0000000080008d40       0x28 /home/brandon/Programming/devkitpro//libogc/lib/wii/libwiiuse.a(wpad.o)
                0x0000000080008d40                WPAD_ButtonsHeld
 .text.WPAD_IR  0x0000000080008d68       0x4c /home/brandon/Programming/devkitpro//libogc/lib/wii/libwiiuse.a(wpad.o)
                0x0000000080008d68                WPAD_IR
 .text.motion_plus_disconnected
                0x0000000080008db4       0x10 /home/brandon/Programming/devkitpro//libogc/lib/wii/libwiiuse.a(motion_plus.o)
                0x0000000080008db4                motion_plus_disconnected
 .text.motion_plus_event
                0x0000000080008dc4       0x64 /home/brandon/Programming/devkitpro//libogc/lib/wii/libwiiuse.a(motion_plus.o)
                0x0000000080008dc4                motion_plus_event
 .text.calculate_gforce
                0x0000000080008e28      0x114 /home/brandon/Programming/devkitpro//libogc/lib/wii/libwiiuse.a(dynamics.o)
                0x0000000080008e28                calculate_gforce
 .text.calc_joystick_state
                0x0000000080008f3c      0x1fc /home/brandon/Programming/devkitpro//libogc/lib/wii/libwiiuse.a(dynamics.o)
                0x0000000080008f3c                calc_joystick_state
 .text.apply_smoothing
                0x0000000080009138      0x158 /home/brandon/Programming/devkitpro//libogc/lib/wii/libwiiuse.a(dynamics.o)
                0x0000000080009138                apply_smoothing
 .text.calculate_orientation
                0x0000000080009290      0x298 /home/brandon/Programming/devkitpro//libogc/lib/wii/libwiiuse.a(dynamics.o)
                0x0000000080009290                calculate_orientation
 .text.calc_balanceboard_state
                0x0000000080009528      0x344 /home/brandon/Programming/devkitpro//libogc/lib/wii/libwiiuse.a(dynamics.o)
                0x0000000080009528                calc_balanceboard_state
 .text.wiiuse_handshake
                0x000000008000986c      0x164 /home/brandon/Programming/devkitpro//libogc/lib/wii/libwiiuse.a(io.o)
                0x000000008000986c                wiiuse_handshake
 .text.wiiuse_handshake_expansion
                0x00000000800099d0      0x1c4 /home/brandon/Programming/devkitpro//libogc/lib/wii/libwiiuse.a(io.o)
                0x00000000800099d0                wiiuse_handshake_expansion
 .text.wiiuse_handshake_expansion_start
                0x0000000080009b94       0x24 /home/brandon/Programming/devkitpro//libogc/lib/wii/libwiiuse.a(io.o)
                0x0000000080009b94                wiiuse_handshake_expansion_start
 .text.wiiuse_disable_expansion
                0x0000000080009bb8       0xcc /home/brandon/Programming/devkitpro//libogc/lib/wii/libwiiuse.a(io.o)
                0x0000000080009bb8                wiiuse_disable_expansion
 .text.__wiiuse_connected
                0x0000000080009c84       0x78 /home/brandon/Programming/devkitpro//libogc/lib/wii/libwiiuse.a(io_wii.o)
 .text.__wiiuse_disconnected
                0x0000000080009cfc       0x90 /home/brandon/Programming/devkitpro//libogc/lib/wii/libwiiuse.a(io_wii.o)
 .text.__wiiuse_receive
                0x0000000080009d8c       0x8c /home/brandon/Programming/devkitpro//libogc/lib/wii/libwiiuse.a(io_wii.o)
 .text.__wiiuse_sensorbar_enable
                0x0000000080009e18       0x4c /home/brandon/Programming/devkitpro//libogc/lib/wii/libwiiuse.a(io_wii.o)
                0x0000000080009e18                __wiiuse_sensorbar_enable
 .text.wiiuse_register
                0x0000000080009e64       0xa8 /home/brandon/Programming/devkitpro//libogc/lib/wii/libwiiuse.a(io_wii.o)
                0x0000000080009e64                wiiuse_register
 .text.wiiuse_disconnect
                0x0000000080009f0c       0x24 /home/brandon/Programming/devkitpro//libogc/lib/wii/libwiiuse.a(io_wii.o)
                0x0000000080009f0c                wiiuse_disconnect
 .text.wiiuse_init_cmd_queue
                0x0000000080009f30       0x90 /home/brandon/Programming/devkitpro//libogc/lib/wii/libwiiuse.a(io_wii.o)
                0x0000000080009f30                wiiuse_init_cmd_queue
 .text.wiiuse_io_write
                0x0000000080009fc0       0x1c /home/brandon/Programming/devkitpro//libogc/lib/wii/libwiiuse.a(io_wii.o)
                0x0000000080009fc0                wiiuse_io_write
 .text.get_ir_sens.isra.0
                0x0000000080009fdc       0xe4 /home/brandon/Programming/devkitpro//libogc/lib/wii/libwiiuse.a(ir.o)
 .text.rotate_dots
                0x000000008000a0c0       0xf8 /home/brandon/Programming/devkitpro//libogc/lib/wii/libwiiuse.a(ir.o)
 .text.wiiuse_set_ir_mode
                0x000000008000a1b8       0x60 /home/brandon/Programming/devkitpro//libogc/lib/wii/libwiiuse.a(ir.o)
                0x000000008000a1b8                wiiuse_set_ir_mode
 .text.wiiuse_set_ir
                0x000000008000a218      0x19c /home/brandon/Programming/devkitpro//libogc/lib/wii/libwiiuse.a(ir.o)
                0x000000008000a218                wiiuse_set_ir
 .text.wiiuse_set_ir_vres
                0x000000008000a3b4       0x1c /home/brandon/Programming/devkitpro//libogc/lib/wii/libwiiuse.a(ir.o)
                0x000000008000a3b4                wiiuse_set_ir_vres
 .text.wiiuse_set_ir_position
                0x000000008000a3d0       0x78 /home/brandon/Programming/devkitpro//libogc/lib/wii/libwiiuse.a(ir.o)
                0x000000008000a3d0                wiiuse_set_ir_position
 .text.wiiuse_set_aspect_ratio
                0x000000008000a448       0x3c /home/brandon/Programming/devkitpro//libogc/lib/wii/libwiiuse.a(ir.o)
                0x000000008000a448                wiiuse_set_aspect_ratio
 .text.wiiuse_set_ir_sensitivity
                0x000000008000a484       0xf0 /home/brandon/Programming/devkitpro//libogc/lib/wii/libwiiuse.a(ir.o)
                0x000000008000a484                wiiuse_set_ir_sensitivity
 .text.calculate_basic_ir
                0x000000008000a574       0xf4 /home/brandon/Programming/devkitpro//libogc/lib/wii/libwiiuse.a(ir.o)
                0x000000008000a574                calculate_basic_ir
 .text.calculate_extended_ir
                0x000000008000a668       0x7c /home/brandon/Programming/devkitpro//libogc/lib/wii/libwiiuse.a(ir.o)
                0x000000008000a668                calculate_extended_ir
 .text.find_sensorbar
                0x000000008000a6e4      0x7f4 /home/brandon/Programming/devkitpro//libogc/lib/wii/libwiiuse.a(ir.o)
                0x000000008000a6e4                find_sensorbar
 .text.apply_ir_smoothing
                0x000000008000aed8       0xcc /home/brandon/Programming/devkitpro//libogc/lib/wii/libwiiuse.a(ir.o)
                0x000000008000aed8                apply_ir_smoothing
 .text.calc_yaw
                0x000000008000afa4       0x54 /home/brandon/Programming/devkitpro//libogc/lib/wii/libwiiuse.a(ir.o)
                0x000000008000afa4                calc_yaw
 .text.interpret_ir_data
                0x000000008000aff8      0x35c /home/brandon/Programming/devkitpro//libogc/lib/wii/libwiiuse.a(ir.o)
                0x000000008000aff8                interpret_ir_data
 .text.nunchuk_handshake
                0x000000008000b354      0x228 /home/brandon/Programming/devkitpro//libogc/lib/wii/libwiiuse.a(nunchuk.o)
                0x000000008000b354                nunchuk_handshake
 .text.nunchuk_disconnected
                0x000000008000b57c        0xc /home/brandon/Programming/devkitpro//libogc/lib/wii/libwiiuse.a(nunchuk.o)
                0x000000008000b57c                nunchuk_disconnected
 .text.nunchuk_event
                0x000000008000b588       0xdc /home/brandon/Programming/devkitpro//libogc/lib/wii/libwiiuse.a(nunchuk.o)
                0x000000008000b588                nunchuk_event
 .text.wii_board_handshake
                0x000000008000b664      0x16c /home/brandon/Programming/devkitpro//libogc/lib/wii/libwiiuse.a(wiiboard.o)
                0x000000008000b664                wii_board_handshake
 .text.wii_board_disconnected
                0x000000008000b7d0        0xc /home/brandon/Programming/devkitpro//libogc/lib/wii/libwiiuse.a(wiiboard.o)
                0x000000008000b7d0                wii_board_disconnected
 .text.wii_board_event
                0x000000008000b7dc       0x54 /home/brandon/Programming/devkitpro//libogc/lib/wii/libwiiuse.a(wiiboard.o)
                0x000000008000b7dc                wii_board_event
 .text.wiiuse_send_next_command
                0x000000008000b830       0x50 /home/brandon/Programming/devkitpro//libogc/lib/wii/libwiiuse.a(wiiuse.o)
                0x000000008000b830                wiiuse_send_next_command
 .text.__wiiuse_push_command
                0x000000008000b880       0x90 /home/brandon/Programming/devkitpro//libogc/lib/wii/libwiiuse.a(wiiuse.o)
 .text.wiiuse_init
                0x000000008000b910      0x158 /home/brandon/Programming/devkitpro//libogc/lib/wii/libwiiuse.a(wiiuse.o)
                0x000000008000b910                wiiuse_init
 .text.wiiuse_set_flags
                0x000000008000ba68       0x24 /home/brandon/Programming/devkitpro//libogc/lib/wii/libwiiuse.a(wiiuse.o)
                0x000000008000ba68                wiiuse_set_flags
 .text.wiiuse_read_data
                0x000000008000ba8c       0x94 /home/brandon/Programming/devkitpro//libogc/lib/wii/libwiiuse.a(wiiuse.o)
                0x000000008000ba8c                wiiuse_read_data
 .text.wiiuse_write_data
                0x000000008000bb20       0xc4 /home/brandon/Programming/devkitpro//libogc/lib/wii/libwiiuse.a(wiiuse.o)
                0x000000008000bb20                wiiuse_write_data
 .text.wiiuse_sendcmd
                0x000000008000bbe4       0x8c /home/brandon/Programming/devkitpro//libogc/lib/wii/libwiiuse.a(wiiuse.o)
                0x000000008000bbe4                wiiuse_sendcmd
 .text.wiiuse_set_leds
                0x000000008000bc70       0x50 /home/brandon/Programming/devkitpro//libogc/lib/wii/libwiiuse.a(wiiuse.o)
                0x000000008000bc70                wiiuse_set_leds
 .text.wiiuse_set_report_type
                0x000000008000bcc0       0xd8 /home/brandon/Programming/devkitpro//libogc/lib/wii/libwiiuse.a(wiiuse.o)
                0x000000008000bcc0                wiiuse_set_report_type
 .text.wiiuse_status
                0x000000008000bd98       0x4c /home/brandon/Programming/devkitpro//libogc/lib/wii/libwiiuse.a(wiiuse.o)
                0x000000008000bd98                wiiuse_status
 .text.wiiuse_motion_sensing
                0x000000008000bde4       0x3c /home/brandon/Programming/devkitpro//libogc/lib/wii/libwiiuse.a(wiiuse.o)
                0x000000008000bde4                wiiuse_motion_sensing
 .text.wiiuse_set_speaker
                0x000000008000be20      0x1f0 /home/brandon/Programming/devkitpro//libogc/lib/wii/libwiiuse.a(speaker.o)
                0x000000008000be20                wiiuse_set_speaker
 .text.classic_ctrl_handshake
                0x000000008000c010      0x17c /home/brandon/Programming/devkitpro//libogc/lib/wii/libwiiuse.a(classic.o)
                0x000000008000c010                classic_ctrl_handshake
 .text.classic_ctrl_disconnected
                0x000000008000c18c        0xc /home/brandon/Programming/devkitpro//libogc/lib/wii/libwiiuse.a(classic.o)
                0x000000008000c18c                classic_ctrl_disconnected
 .text.classic_ctrl_event
                0x000000008000c198       0xa0 /home/brandon/Programming/devkitpro//libogc/lib/wii/libwiiuse.a(classic.o)
                0x000000008000c198                classic_ctrl_event
 .text.handle_expansion
                0x000000008000c238       0x44 /home/brandon/Programming/devkitpro//libogc/lib/wii/libwiiuse.a(events.o)
 .text.wiiuse_pressed_buttons
                0x000000008000c27c       0x2c /home/brandon/Programming/devkitpro//libogc/lib/wii/libwiiuse.a(events.o)
                0x000000008000c27c                wiiuse_pressed_buttons
 .text.parse_event
                0x000000008000c2a8      0x578 /home/brandon/Programming/devkitpro//libogc/lib/wii/libwiiuse.a(events.o)
                0x000000008000c2a8                parse_event
 .text.guitar_hero_3_handshake
                0x000000008000c820       0x68 /home/brandon/Programming/devkitpro//libogc/lib/wii/libwiiuse.a(guitar_hero_3.o)
                0x000000008000c820                guitar_hero_3_handshake
 .text.guitar_hero_3_disconnected
                0x000000008000c888        0xc /home/brandon/Programming/devkitpro//libogc/lib/wii/libwiiuse.a(guitar_hero_3.o)
                0x000000008000c888                guitar_hero_3_disconnected
 .text.guitar_hero_3_event
                0x000000008000c894       0x64 /home/brandon/Programming/devkitpro//libogc/lib/wii/libwiiuse.a(guitar_hero_3.o)
                0x000000008000c894                guitar_hero_3_event
 .text.acl_wlp_completed
                0x000000008000c8f8        0x8 /home/brandon/Programming/devkitpro//libogc/lib/wii/libbte.a(bte.o)
                0x000000008000c8f8                acl_wlp_completed
 .text.bt_alarmhandler
                0x000000008000c900       0x60 /home/brandon/Programming/devkitpro//libogc/lib/wii/libbte.a(bte.o)
 .text.__bte_cmdfinish
                0x000000008000c960       0x9c /home/brandon/Programming/devkitpro//libogc/lib/wii/libbte.a(bte.o)
 .text.__bte_shutdown_finished
                0x000000008000c9fc       0x60 /home/brandon/Programming/devkitpro//libogc/lib/wii/libbte.a(bte.o)
 .text.bte_hci_apply_patch_complete
                0x000000008000ca5c       0xa8 /home/brandon/Programming/devkitpro//libogc/lib/wii/libbte.a(bte.o)
                0x000000008000ca5c                bte_hci_apply_patch_complete
 .text.__bte_send_pending_request
                0x000000008000cb04       0xc0 /home/brandon/Programming/devkitpro//libogc/lib/wii/libbte.a(bte.o)
 .text.__bte_close_ctrl_queue
                0x000000008000cbc4       0x80 /home/brandon/Programming/devkitpro//libogc/lib/wii/libbte.a(bte.o)
 .text.acl_conn_complete
                0x000000008000cc44       0x2c /home/brandon/Programming/devkitpro//libogc/lib/wii/libbte.a(bte.o)
                0x000000008000cc44                acl_conn_complete
 .text.bte_hci_initcore_complete2
                0x000000008000cc70       0xf0 /home/brandon/Programming/devkitpro//libogc/lib/wii/libbte.a(bte.o)
                0x000000008000cc70                bte_hci_initcore_complete2
 .text.bte_hci_initcore_complete
                0x000000008000cd60      0x150 /home/brandon/Programming/devkitpro//libogc/lib/wii/libbte.a(bte.o)
                0x000000008000cd60                bte_hci_initcore_complete
 .text.bte_hci_patch_complete
                0x000000008000ceb0      0x1b0 /home/brandon/Programming/devkitpro//libogc/lib/wii/libbte.a(bte.o)
                0x000000008000ceb0                bte_hci_patch_complete
 .text.bte_hci_initsub_complete
                0x000000008000d060      0x12c /home/brandon/Programming/devkitpro//libogc/lib/wii/libbte.a(bte.o)
                0x000000008000d060                bte_hci_initsub_complete
 .text.bte_read_stored_link_key_complete
                0x000000008000d18c      0x10c /home/brandon/Programming/devkitpro//libogc/lib/wii/libbte.a(bte.o)
                0x000000008000d18c                bte_read_stored_link_key_complete
 .text.l2cap_disconnected_ind
                0x000000008000d298       0xb0 /home/brandon/Programming/devkitpro//libogc/lib/wii/libbte.a(bte.o)
                0x000000008000d298                l2cap_disconnected_ind
 .text.bte_process_input
                0x000000008000d348       0xf8 /home/brandon/Programming/devkitpro//libogc/lib/wii/libbte.a(bte.o)
 .text.l2cap_disconnect_cfm
                0x000000008000d440       0xd8 /home/brandon/Programming/devkitpro//libogc/lib/wii/libbte.a(bte.o)
                0x000000008000d440                l2cap_disconnect_cfm
 .text.l2cap_accepted
                0x000000008000d518       0xd4 /home/brandon/Programming/devkitpro//libogc/lib/wii/libbte.a(bte.o)
                0x000000008000d518                l2cap_accepted
 .text.__bte_waitcmdfinish.constprop.7
                0x000000008000d5ec       0x7c /home/brandon/Programming/devkitpro//libogc/lib/wii/libbte.a(bte.o)
 .text.BTE_Init
                0x000000008000d668      0x118 /home/brandon/Programming/devkitpro//libogc/lib/wii/libbte.a(bte.o)
                0x000000008000d668                BTE_Init
 .text.BTE_Shutdown
                0x000000008000d780       0xa8 /home/brandon/Programming/devkitpro//libogc/lib/wii/libbte.a(bte.o)
                0x000000008000d780                BTE_Shutdown
 .text.BTE_InitCore
                0x000000008000d828       0x80 /home/brandon/Programming/devkitpro//libogc/lib/wii/libbte.a(bte.o)
                0x000000008000d828                BTE_InitCore
 .text.BTE_ApplyPatch
                0x000000008000d8a8       0x9c /home/brandon/Programming/devkitpro//libogc/lib/wii/libbte.a(bte.o)
                0x000000008000d8a8                BTE_ApplyPatch
 .text.BTE_InitSub
                0x000000008000d944       0x84 /home/brandon/Programming/devkitpro//libogc/lib/wii/libbte.a(bte.o)
                0x000000008000d944                BTE_InitSub
 .text.BTE_ReadStoredLinkKey
                0x000000008000d9c8       0x88 /home/brandon/Programming/devkitpro//libogc/lib/wii/libbte.a(bte.o)
                0x000000008000d9c8                BTE_ReadStoredLinkKey
 .text.BTE_SetDisconnectCallback
                0x000000008000da50        0x4 /home/brandon/Programming/devkitpro//libogc/lib/wii/libbte.a(bte.o)
                0x000000008000da50                BTE_SetDisconnectCallback
 .text.bte_new  0x000000008000da54       0x48 /home/brandon/Programming/devkitpro//libogc/lib/wii/libbte.a(bte.o)
                0x000000008000da54                bte_new
 .text.bte_registerdeviceasync
                0x000000008000da9c      0x12c /home/brandon/Programming/devkitpro//libogc/lib/wii/libbte.a(bte.o)
                0x000000008000da9c                bte_registerdeviceasync
 .text.bte_disconnect
                0x000000008000dbc8       0x94 /home/brandon/Programming/devkitpro//libogc/lib/wii/libbte.a(bte.o)
                0x000000008000dbc8                bte_disconnect
 .text.bte_senddata
                0x000000008000dc5c       0xb8 /home/brandon/Programming/devkitpro//libogc/lib/wii/libbte.a(bte.o)
                0x000000008000dc5c                bte_senddata
 .text.bte_arg  0x000000008000dd14       0x40 /home/brandon/Programming/devkitpro//libogc/lib/wii/libbte.a(bte.o)
                0x000000008000dd14                bte_arg
 .text.bte_received
                0x000000008000dd54       0x40 /home/brandon/Programming/devkitpro//libogc/lib/wii/libbte.a(bte.o)
                0x000000008000dd54                bte_received
 .text.bte_disconnected
                0x000000008000dd94       0x40 /home/brandon/Programming/devkitpro//libogc/lib/wii/libbte.a(bte.o)
                0x000000008000dd94                bte_disconnected
 .text.hci_init
                0x000000008000ddd4       0x7c /home/brandon/Programming/devkitpro//libogc/lib/wii/libbte.a(hci.o)
                0x000000008000ddd4                hci_init
 .text.hci_new  0x000000008000de50       0x38 /home/brandon/Programming/devkitpro//libogc/lib/wii/libbte.a(hci.o)
                0x000000008000de50                hci_new
 .text.hci_get_link
                0x000000008000de88       0x7c /home/brandon/Programming/devkitpro//libogc/lib/wii/libbte.a(hci.o)
                0x000000008000de88                hci_get_link
 .text.hci_close
                0x000000008000df04       0xc8 /home/brandon/Programming/devkitpro//libogc/lib/wii/libbte.a(hci.o)
                0x000000008000df04                hci_close
 .text.hci_reset_all
                0x000000008000dfcc       0x98 /home/brandon/Programming/devkitpro//libogc/lib/wii/libbte.a(hci.o)
                0x000000008000dfcc                hci_reset_all
 .text.hci_arg  0x000000008000e064        0xc /home/brandon/Programming/devkitpro//libogc/lib/wii/libbte.a(hci.o)
                0x000000008000e064                hci_arg
 .text.hci_cmd_complete
                0x000000008000e070        0xc /home/brandon/Programming/devkitpro//libogc/lib/wii/libbte.a(hci.o)
                0x000000008000e070                hci_cmd_complete
 .text.hci_connection_complete
                0x000000008000e07c        0xc /home/brandon/Programming/devkitpro//libogc/lib/wii/libbte.a(hci.o)
                0x000000008000e07c                hci_connection_complete
 .text.hci_wlp_complete
                0x000000008000e088        0xc /home/brandon/Programming/devkitpro//libogc/lib/wii/libbte.a(hci.o)
                0x000000008000e088                hci_wlp_complete
 .text.hci_cmd_ass
                0x000000008000e094       0x4c /home/brandon/Programming/devkitpro//libogc/lib/wii/libbte.a(hci.o)
                0x000000008000e094                hci_cmd_ass
 .text.hci_reset
                0x000000008000e0e0       0x60 /home/brandon/Programming/devkitpro//libogc/lib/wii/libbte.a(hci.o)
                0x000000008000e0e0                hci_reset
 .text.hci_read_buffer_size
                0x000000008000e140       0x60 /home/brandon/Programming/devkitpro//libogc/lib/wii/libbte.a(hci.o)
                0x000000008000e140                hci_read_buffer_size
 .text.hci_read_bd_addr
                0x000000008000e1a0       0x60 /home/brandon/Programming/devkitpro//libogc/lib/wii/libbte.a(hci.o)
                0x000000008000e1a0                hci_read_bd_addr
 .text.hci_read_local_version
                0x000000008000e200       0x60 /home/brandon/Programming/devkitpro//libogc/lib/wii/libbte.a(hci.o)
                0x000000008000e200                hci_read_local_version
 .text.hci_read_local_features
                0x000000008000e260       0x60 /home/brandon/Programming/devkitpro//libogc/lib/wii/libbte.a(hci.o)
                0x000000008000e260                hci_read_local_features
 .text.hci_read_stored_link_key
                0x000000008000e2c0       0xa8 /home/brandon/Programming/devkitpro//libogc/lib/wii/libbte.a(hci.o)
                0x000000008000e2c0                hci_read_stored_link_key
 .text.hci_write_page_timeout
                0x000000008000e368       0x7c /home/brandon/Programming/devkitpro//libogc/lib/wii/libbte.a(hci.o)
                0x000000008000e368                hci_write_page_timeout
 .text.hci_write_scan_enable
                0x000000008000e3e4       0x6c /home/brandon/Programming/devkitpro//libogc/lib/wii/libbte.a(hci.o)
                0x000000008000e3e4                hci_write_scan_enable
 .text.hci_accecpt_conn_request
                0x000000008000e450       0x80 /home/brandon/Programming/devkitpro//libogc/lib/wii/libbte.a(hci.o)
                0x000000008000e450                hci_accecpt_conn_request
 .text.hci_write_local_name
                0x000000008000e4d0       0x80 /home/brandon/Programming/devkitpro//libogc/lib/wii/libbte.a(hci.o)
                0x000000008000e4d0                hci_write_local_name
 .text.hci_write_pin_type
                0x000000008000e550       0x6c /home/brandon/Programming/devkitpro//libogc/lib/wii/libbte.a(hci.o)
                0x000000008000e550                hci_write_pin_type
 .text.hci_write_inquiry_mode
                0x000000008000e5bc       0x6c /home/brandon/Programming/devkitpro//libogc/lib/wii/libbte.a(hci.o)
                0x000000008000e5bc                hci_write_inquiry_mode
 .text.hci_write_page_scan_type
                0x000000008000e628       0x6c /home/brandon/Programming/devkitpro//libogc/lib/wii/libbte.a(hci.o)
                0x000000008000e628                hci_write_page_scan_type
 .text.hci_write_inquiry_scan_type
                0x000000008000e694       0x6c /home/brandon/Programming/devkitpro//libogc/lib/wii/libbte.a(hci.o)
                0x000000008000e694                hci_write_inquiry_scan_type
 .text.hci_vendor_specific_command
                0x000000008000e700       0x8c /home/brandon/Programming/devkitpro//libogc/lib/wii/libbte.a(hci.o)
                0x000000008000e700                hci_vendor_specific_command
 .text.hci_write_link_policy_settings
                0x000000008000e78c       0xa8 /home/brandon/Programming/devkitpro//libogc/lib/wii/libbte.a(hci.o)
                0x000000008000e78c                hci_write_link_policy_settings
 .text.hci_pin_code_request_neg_reply
                0x000000008000e834       0x74 /home/brandon/Programming/devkitpro//libogc/lib/wii/libbte.a(hci.o)
                0x000000008000e834                hci_pin_code_request_neg_reply
 .text.hci_disconnect
                0x000000008000e8a8       0x9c /home/brandon/Programming/devkitpro//libogc/lib/wii/libbte.a(hci.o)
                0x000000008000e8a8                hci_disconnect
 .text.hci_write_cod
                0x000000008000e944       0x78 /home/brandon/Programming/devkitpro//libogc/lib/wii/libbte.a(hci.o)
                0x000000008000e944                hci_write_cod
 .text.hci_host_buffer_size
                0x000000008000e9bc       0xcc /home/brandon/Programming/devkitpro//libogc/lib/wii/libbte.a(hci.o)
                0x000000008000e9bc                hci_host_buffer_size
 .text.hci_host_num_comp_packets
                0x000000008000ea88       0xb0 /home/brandon/Programming/devkitpro//libogc/lib/wii/libbte.a(hci.o)
                0x000000008000ea88                hci_host_num_comp_packets
 .text.lp_pdu_maxsize
                0x000000008000eb38        0xc /home/brandon/Programming/devkitpro//libogc/lib/wii/libbte.a(hci.o)
                0x000000008000eb38                lp_pdu_maxsize
 .text.lp_acl_write
                0x000000008000eb44      0x120 /home/brandon/Programming/devkitpro//libogc/lib/wii/libbte.a(hci.o)
                0x000000008000eb44                lp_acl_write
 .text.lp_write_flush_timeout
                0x000000008000ec64       0xa8 /home/brandon/Programming/devkitpro//libogc/lib/wii/libbte.a(hci.o)
                0x000000008000ec64                lp_write_flush_timeout
 .text.hci_event_handler
                0x000000008000ed0c      0xa78 /home/brandon/Programming/devkitpro//libogc/lib/wii/libbte.a(hci.o)
                0x000000008000ed0c                hci_event_handler
 .text.hci_acldata_handler
                0x000000008000f784       0xd8 /home/brandon/Programming/devkitpro//libogc/lib/wii/libbte.a(hci.o)
                0x000000008000f784                hci_acldata_handler
 .text.l2cap_cid_alloc
                0x000000008000f85c       0x4c /home/brandon/Programming/devkitpro//libogc/lib/wii/libbte.a(l2cap.o)
 .text.l2cap_init
                0x000000008000f8a8       0x60 /home/brandon/Programming/devkitpro//libogc/lib/wii/libbte.a(l2cap.o)
                0x000000008000f8a8                l2cap_init
 .text.l2cap_write
                0x000000008000f908       0xd8 /home/brandon/Programming/devkitpro//libogc/lib/wii/libbte.a(l2cap.o)
                0x000000008000f908                l2cap_write
 .text.l2cap_new
                0x000000008000f9e0       0x68 /home/brandon/Programming/devkitpro//libogc/lib/wii/libbte.a(l2cap.o)
                0x000000008000f9e0                l2cap_new
 .text.l2cap_close
                0x000000008000fa48      0x16c /home/brandon/Programming/devkitpro//libogc/lib/wii/libbte.a(l2cap.o)
                0x000000008000fa48                l2cap_close
 .text.l2cap_reset_all
                0x000000008000fbb4      0x108 /home/brandon/Programming/devkitpro//libogc/lib/wii/libbte.a(l2cap.o)
                0x000000008000fbb4                l2cap_reset_all
 .text.l2cap_rexmit_signal
                0x000000008000fcbc       0x10 /home/brandon/Programming/devkitpro//libogc/lib/wii/libbte.a(l2cap.o)
                0x000000008000fcbc                l2cap_rexmit_signal
 .text.l2ca_datawrite
                0x000000008000fccc       0xf8 /home/brandon/Programming/devkitpro//libogc/lib/wii/libbte.a(l2cap.o)
                0x000000008000fccc                l2ca_datawrite
 .text.lp_connect_ind
                0x000000008000fdc4        0x4 /home/brandon/Programming/devkitpro//libogc/lib/wii/libbte.a(l2cap.o)
                0x000000008000fdc4                lp_connect_ind
 .text.lp_disconnect_ind
                0x000000008000fdc8       0xf4 /home/brandon/Programming/devkitpro//libogc/lib/wii/libbte.a(l2cap.o)
                0x000000008000fdc8                lp_disconnect_ind
 .text.l2cap_disconnect_bb
                0x000000008000febc       0x10 /home/brandon/Programming/devkitpro//libogc/lib/wii/libbte.a(l2cap.o)
                0x000000008000febc                l2cap_disconnect_bb
 .text.l2cap_next_sigid
                0x000000008000fecc       0x28 /home/brandon/Programming/devkitpro//libogc/lib/wii/libbte.a(l2cap.o)
                0x000000008000fecc                l2cap_next_sigid
 .text.l2cap_signal
                0x000000008000fef4      0x188 /home/brandon/Programming/devkitpro//libogc/lib/wii/libbte.a(l2cap.o)
                0x000000008000fef4                l2cap_signal
 .text.l2ca_config_req
                0x000000008001007c      0x10c /home/brandon/Programming/devkitpro//libogc/lib/wii/libbte.a(l2cap.o)
                0x000000008001007c                l2ca_config_req
 .text.l2ca_disconnect_req
                0x0000000080010188       0xb4 /home/brandon/Programming/devkitpro//libogc/lib/wii/libbte.a(l2cap.o)
                0x0000000080010188                l2ca_disconnect_req
 .text.l2cap_tmr
                0x000000008001023c      0x1e8 /home/brandon/Programming/devkitpro//libogc/lib/wii/libbte.a(l2cap.o)
                0x000000008001023c                l2cap_tmr
 .text.l2cap_process_sig
                0x0000000080010424     0x103c /home/brandon/Programming/devkitpro//libogc/lib/wii/libbte.a(l2cap.o)
                0x0000000080010424                l2cap_process_sig
 .text.lp_connect_cfm
                0x0000000080011460      0x134 /home/brandon/Programming/devkitpro//libogc/lib/wii/libbte.a(l2cap.o)
                0x0000000080011460                lp_connect_cfm
 .text.l2cap_input
                0x0000000080011594      0x504 /home/brandon/Programming/devkitpro//libogc/lib/wii/libbte.a(l2cap.o)
                0x0000000080011594                l2cap_input
 .text.l2cap_arg
                0x0000000080011a98        0x8 /home/brandon/Programming/devkitpro//libogc/lib/wii/libbte.a(l2cap.o)
                0x0000000080011a98                l2cap_arg
 .text.l2cap_connect_ind
                0x0000000080011aa0       0xdc /home/brandon/Programming/devkitpro//libogc/lib/wii/libbte.a(l2cap.o)
                0x0000000080011aa0                l2cap_connect_ind
 .text.l2cap_disconnect_ind
                0x0000000080011b7c        0x8 /home/brandon/Programming/devkitpro//libogc/lib/wii/libbte.a(l2cap.o)
                0x0000000080011b7c                l2cap_disconnect_ind
 .text.l2cap_recv
                0x0000000080011b84        0x8 /home/brandon/Programming/devkitpro//libogc/lib/wii/libbte.a(l2cap.o)
                0x0000000080011b84                l2cap_recv
 .text.btmemb_init
                0x0000000080011b8c       0x24 /home/brandon/Programming/devkitpro//libogc/lib/wii/libbte.a(btmemb.o)
                0x0000000080011b8c                btmemb_init
 .text.btmemb_alloc
                0x0000000080011bb0       0x9c /home/brandon/Programming/devkitpro//libogc/lib/wii/libbte.a(btmemb.o)
                0x0000000080011bb0                btmemb_alloc
 .text.btmemb_free
                0x0000000080011c4c       0xa4 /home/brandon/Programming/devkitpro//libogc/lib/wii/libbte.a(btmemb.o)
                0x0000000080011c4c                btmemb_free
 .text.plug_holes
                0x0000000080011cf0       0xa8 /home/brandon/Programming/devkitpro//libogc/lib/wii/libbte.a(btmemr.o)
 .text.btmemr_init
                0x0000000080011d98       0x94 /home/brandon/Programming/devkitpro//libogc/lib/wii/libbte.a(btmemr.o)
                0x0000000080011d98                btmemr_init
 .text.btmemr_malloc
                0x0000000080011e2c      0x158 /home/brandon/Programming/devkitpro//libogc/lib/wii/libbte.a(btmemr.o)
                0x0000000080011e2c                btmemr_malloc
 .text.btmemr_free
                0x0000000080011f84       0x94 /home/brandon/Programming/devkitpro//libogc/lib/wii/libbte.a(btmemr.o)
                0x0000000080011f84                btmemr_free
 .text.btmemr_realloc
                0x0000000080012018       0xfc /home/brandon/Programming/devkitpro//libogc/lib/wii/libbte.a(btmemr.o)
                0x0000000080012018                btmemr_realloc
 .text.btpbuf_init
                0x0000000080012114       0x28 /home/brandon/Programming/devkitpro//libogc/lib/wii/libbte.a(btpbuf.o)
                0x0000000080012114                btpbuf_init
 .text.btpbuf_free
                0x000000008001213c       0xd0 /home/brandon/Programming/devkitpro//libogc/lib/wii/libbte.a(btpbuf.o)
                0x000000008001213c                btpbuf_free
 .text.btpbuf_alloc
                0x000000008001220c      0x1bc /home/brandon/Programming/devkitpro//libogc/lib/wii/libbte.a(btpbuf.o)
                0x000000008001220c                btpbuf_alloc
 .text.btpbuf_realloc
                0x00000000800123c8       0xa0 /home/brandon/Programming/devkitpro//libogc/lib/wii/libbte.a(btpbuf.o)
                0x00000000800123c8                btpbuf_realloc
 .text.btpbuf_header
                0x0000000080012468       0x84 /home/brandon/Programming/devkitpro//libogc/lib/wii/libbte.a(btpbuf.o)
                0x0000000080012468                btpbuf_header
 .text.btpbuf_ref
                0x00000000800124ec       0x50 /home/brandon/Programming/devkitpro//libogc/lib/wii/libbte.a(btpbuf.o)
                0x00000000800124ec                btpbuf_ref
 .text.btpbuf_cat
                0x000000008001253c       0x48 /home/brandon/Programming/devkitpro//libogc/lib/wii/libbte.a(btpbuf.o)
                0x000000008001253c                btpbuf_cat
 .text.btpbuf_chain
                0x0000000080012584       0x30 /home/brandon/Programming/devkitpro//libogc/lib/wii/libbte.a(btpbuf.o)
                0x0000000080012584                btpbuf_chain
 .text.btpbuf_dechain
                0x00000000800125b4       0x60 /home/brandon/Programming/devkitpro//libogc/lib/wii/libbte.a(btpbuf.o)
                0x00000000800125b4                btpbuf_dechain
 .text.btpbuf_take
                0x0000000080012614       0xec /home/brandon/Programming/devkitpro//libogc/lib/wii/libbte.a(btpbuf.o)
                0x0000000080012614                btpbuf_take
 .text.__usb_closeCB
                0x0000000080012700       0x10 /home/brandon/Programming/devkitpro//libogc/lib/wii/libbte.a(physbusif.o)
 .text.__writebulkmsgCB
                0x0000000080012710       0x30 /home/brandon/Programming/devkitpro//libogc/lib/wii/libbte.a(physbusif.o)
 .text.__writectrlmsgCB
                0x0000000080012740       0x30 /home/brandon/Programming/devkitpro//libogc/lib/wii/libbte.a(physbusif.o)
 .text.__issue_intrread.part.0
                0x0000000080012770       0x80 /home/brandon/Programming/devkitpro//libogc/lib/wii/libbte.a(physbusif.o)
 .text.__readintrdataCB
                0x00000000800127f0      0x104 /home/brandon/Programming/devkitpro//libogc/lib/wii/libbte.a(physbusif.o)
 .text.__issue_bulkread.part.2
                0x00000000800128f4       0x80 /home/brandon/Programming/devkitpro//libogc/lib/wii/libbte.a(physbusif.o)
 .text.__readbulkdataCB
                0x0000000080012974      0x104 /home/brandon/Programming/devkitpro//libogc/lib/wii/libbte.a(physbusif.o)
 .text.physbusif_init
                0x0000000080012a78      0x1ac /home/brandon/Programming/devkitpro//libogc/lib/wii/libbte.a(physbusif.o)
                0x0000000080012a78                physbusif_init
 .text.physbusif_close
                0x0000000080012c24       0x28 /home/brandon/Programming/devkitpro//libogc/lib/wii/libbte.a(physbusif.o)
                0x0000000080012c24                physbusif_close
 .text.physbusif_shutdown
                0x0000000080012c4c       0x24 /home/brandon/Programming/devkitpro//libogc/lib/wii/libbte.a(physbusif.o)
                0x0000000080012c4c                physbusif_shutdown
 .text.physbusif_reset_all
                0x0000000080012c70        0x4 /home/brandon/Programming/devkitpro//libogc/lib/wii/libbte.a(physbusif.o)
                0x0000000080012c70                physbusif_reset_all
 .text.physbusif_output
                0x0000000080012c74      0x14c /home/brandon/Programming/devkitpro//libogc/lib/wii/libbte.a(physbusif.o)
                0x0000000080012c74                physbusif_output
 .text.__console_clear_line
                0x0000000080012dc0       0x80 /home/brandon/Programming/devkitpro//libogc/lib/wii/libogc.a(console.o)
 .text.__console_clear
                0x0000000080012e40       0x58 /home/brandon/Programming/devkitpro//libogc/lib/wii/libogc.a(console.o)
 .text.__console_write
                0x0000000080012e98      0x6a0 /home/brandon/Programming/devkitpro//libogc/lib/wii/libogc.a(console.o)
                0x0000000080012e98                __console_write
 .text.__console_init
                0x0000000080013538      0x108 /home/brandon/Programming/devkitpro//libogc/lib/wii/libogc.a(console.o)
                0x0000000080013538                __console_init
 .text.CON_Init
                0x0000000080013640        0x4 /home/brandon/Programming/devkitpro//libogc/lib/wii/libogc.a(console.o)
                0x0000000080013640                CON_Init
 .text.CON_EnableGecko
                0x0000000080013644       0xb0 /home/brandon/Programming/devkitpro//libogc/lib/wii/libogc.a(console.o)
                0x0000000080013644                CON_EnableGecko
 .text.__lwp_queue_initialize
                0x00000000800136f4       0x3c /home/brandon/Programming/devkitpro//libogc/lib/wii/libogc.a(lwp_queue.o)
                0x00000000800136f4                __lwp_queue_initialize
 .text.__lwp_queue_get
                0x0000000080013730       0x64 /home/brandon/Programming/devkitpro//libogc/lib/wii/libogc.a(lwp_queue.o)
                0x0000000080013730                __lwp_queue_get
 .text.__lwp_queue_append
                0x0000000080013794       0x54 /home/brandon/Programming/devkitpro//libogc/lib/wii/libogc.a(lwp_queue.o)
                0x0000000080013794                __lwp_queue_append
 .text.__lwp_priomap_addto
                0x00000000800137e8       0x28 /home/brandon/Programming/devkitpro//libogc/lib/wii/libogc.a(lwp_threads.o)
 .text.__lwp_thread_calcheir
                0x0000000080013810       0x3c /home/brandon/Programming/devkitpro//libogc/lib/wii/libogc.a(lwp_threads.o)
 .text.__lwp_thread_dispatchunnest
                0x000000008001384c       0x10 /home/brandon/Programming/devkitpro//libogc/lib/wii/libogc.a(lwp_threads.o)
 .text.__lwp_priomap_removefrom
                0x000000008001385c       0x38 /home/brandon/Programming/devkitpro//libogc/lib/wii/libogc.a(lwp_threads.o)
 .text.__lwp_wd_insert_ticks.constprop.4
                0x0000000080013894       0x5c /home/brandon/Programming/devkitpro//libogc/lib/wii/libogc.a(lwp_threads.o)
 .text.__lwp_isr_in_progress
                0x00000000800138f0        0x8 /home/brandon/Programming/devkitpro//libogc/lib/wii/libogc.a(lwp_threads.o)
                0x00000000800138f0                __lwp_isr_in_progress
 .text.__thread_dispatch_fp
                0x00000000800138f8       0x7c /home/brandon/Programming/devkitpro//libogc/lib/wii/libogc.a(lwp_threads.o)
                0x00000000800138f8                __thread_dispatch_fp
 .text.__thread_dispatch
                0x0000000080013974       0xdc /home/brandon/Programming/devkitpro//libogc/lib/wii/libogc.a(lwp_threads.o)
                0x0000000080013974                __thread_dispatch
 .text.__lwp_thread_dispatchenable
                0x0000000080013a50       0x18 /home/brandon/Programming/devkitpro//libogc/lib/wii/libogc.a(lwp_threads.o)
 .text.__lwp_thread_resettimeslice
                0x0000000080013a68       0xb8 /home/brandon/Programming/devkitpro//libogc/lib/wii/libogc.a(lwp_threads.o)
                0x0000000080013a68                __lwp_thread_resettimeslice
 .text.__lwp_thread_tickle_timeslice
                0x0000000080013b20       0x7c /home/brandon/Programming/devkitpro//libogc/lib/wii/libogc.a(lwp_threads.o)
                0x0000000080013b20                __lwp_thread_tickle_timeslice