Archive member included because of file (symbol)

/home/devkitpro/libogc/lib/wii/libwiiuse.a(wpad.o)
                              template.o (WPAD_Init)
/home/devkitpro/libogc/lib/wii/libwiiuse.a(motion_plus.o)
                              /home/devkitpro/libogc/lib/wii/libwiiuse.a(wpad.o) (wiiuse_set_motion_plus)
/home/devkitpro/libogc/lib/wii/libwiiuse.a(dynamics.o)
                              /home/devkitpro/libogc/lib/wii/libwiiuse.a(wpad.o) (calculate_gforce)
/home/devkitpro/libogc/lib/wii/libwiiuse.a(io.o)
                              /home/devkitpro/libogc/lib/wii/libwiiuse.a(motion_plus.o) (wiiuse_disable_expansion)
/home/devkitpro/libogc/lib/wii/libwiiuse.a(io_wii.o)
                              /home/devkitpro/libogc/lib/wii/libwiiuse.a(wpad.o) (__wiiuse_sensorbar_enable)
/home/devkitpro/libogc/lib/wii/libwiiuse.a(ir.o)
                              /home/devkitpro/libogc/lib/wii/libwiiuse.a(motion_plus.o) (wiiuse_set_ir_mode)
/home/devkitpro/libogc/lib/wii/libwiiuse.a(nunchuk.o)
                              /home/devkitpro/libogc/lib/wii/libwiiuse.a(io.o) (nunchuk_handshake)
/home/devkitpro/libogc/lib/wii/libwiiuse.a(wiiboard.o)
                              /home/devkitpro/libogc/lib/wii/libwiiuse.a(io.o) (wii_board_handshake)
/home/devkitpro/libogc/lib/wii/libwiiuse.a(wiiuse.o)
                              /home/devkitpro/libogc/lib/wii/libwiiuse.a(wpad.o) (wiiuse_init)
/home/devkitpro/libogc/lib/wii/libwiiuse.a(speaker.o)
                              /home/devkitpro/libogc/lib/wii/libwiiuse.a(wpad.o) (wencdata)
/home/devkitpro/libogc/lib/wii/libwiiuse.a(classic.o)
                              /home/devkitpro/libogc/lib/wii/libwiiuse.a(io.o) (classic_ctrl_handshake)
/home/devkitpro/libogc/lib/wii/libwiiuse.a(events.o)
                              /home/devkitpro/libogc/lib/wii/libwiiuse.a(io_wii.o) (parse_event)
/home/devkitpro/libogc/lib/wii/libwiiuse.a(guitar_hero_3.o)
                              /home/devkitpro/libogc/lib/wii/libwiiuse.a(io.o) (guitar_hero_3_handshake)
/home/devkitpro/libogc/lib/wii/libbte.a(bte.o)
                              /home/devkitpro/libogc/lib/wii/libwiiuse.a(wpad.o) (BTE_Init)
/home/devkitpro/libogc/lib/wii/libbte.a(hci.o)
                              /home/devkitpro/libogc/lib/wii/libbte.a(bte.o) (hci_init)
/home/devkitpro/libogc/lib/wii/libbte.a(l2cap.o)
                              /home/devkitpro/libogc/lib/wii/libbte.a(bte.o) (l2cap_init)
/home/devkitpro/libogc/lib/wii/libbte.a(btmemb.o)
                              /home/devkitpro/libogc/lib/wii/libbte.a(bte.o) (btmemb_init)
/home/devkitpro/libogc/lib/wii/libbte.a(btmemr.o)
                              /home/devkitpro/libogc/lib/wii/libbte.a(hci.o) (btmemr_init)
/home/devkitpro/libogc/lib/wii/libbte.a(btpbuf.o)
                              /home/devkitpro/libogc/lib/wii/libbte.a(hci.o) (btpbuf_init)
/home/devkitpro/libogc/lib/wii/libbte.a(physbusif.o)
                              /home/devkitpro/libogc/lib/wii/libbte.a(bte.o) (physbusif_init)
/home/devkitpro/libogc/lib/wii/libmad.a(mp3player.o)
                              template.o (MP3Player_Init)
/home/devkitpro/libogc/lib/wii/libmad.a(frame.o)
                              /home/devkitpro/libogc/lib/wii/libmad.a(mp3player.o) (mad_frame_finish)
/home/devkitpro/libogc/lib/wii/libmad.a(layer12.o)
                              /home/devkitpro/libogc/lib/wii/libmad.a(frame.o) (mad_layer_I)
/home/devkitpro/libogc/lib/wii/libmad.a(layer3.o)
                              /home/devkitpro/libogc/lib/wii/libmad.a(frame.o) (mad_layer_III)
/home/devkitpro/libogc/lib/wii/libmad.a(stream.o)
                              /home/devkitpro/libogc/lib/wii/libmad.a(mp3player.o) (mad_stream_init)
/home/devkitpro/libogc/lib/wii/libmad.a(synth.o)
                              /home/devkitpro/libogc/lib/wii/libmad.a(mp3player.o) (mad_synth_init)
/home/devkitpro/libogc/lib/wii/libmad.a(timer.o)
                              /home/devkitpro/libogc/lib/wii/libmad.a(frame.o) (mad_timer_set)
/home/devkitpro/libogc/lib/wii/libmad.a(bit.o)
                              /home/devkitpro/libogc/lib/wii/libmad.a(frame.o) (mad_bit_init)
/home/devkitpro/libogc/lib/wii/libmad.a(huffman.o)
                              /home/devkitpro/libogc/lib/wii/libmad.a(layer3.o) (mad_huff_pair_table)
/home/devkitpro/libogc/lib/wii/libasnd.a(asndlib.o)
                              template.o (ASND_Init)
/home/devkitpro/libogc/lib/wii/libogc.a(console.o)
                              template.o (CON_Init)
/home/devkitpro/libogc/lib/wii/libogc.a(lwp_queue.o)
                              /home/devkitpro/libogc/lib/wii/libwiiuse.a(io_wii.o) (__lwp_queue_initialize)
/home/devkitpro/libogc/lib/wii/libogc.a(lwp_threads.o)
                              /home/devkitpro/libogc/lib/wii/libwiiuse.a(wpad.o) (_thread_dispatch_disable_level)
/home/devkitpro/libogc/lib/wii/libogc.a(lwp.o)
                              /home/devkitpro/libogc/lib/wii/libmad.a(mp3player.o) (LWP_CreateThread)
[...]
Memory Configuration

Name             Origin             Length             Attributes
*default*        0x0000000000000000 0xffffffffffffffff

Linker script and memory map

                0x0000000000003400                . = 0x3400

.stub
 *(.stub)
                0x0000000080004000                . = 0x80004000

.init           0x0000000080004000      0x194
 *crt0.o(*.init)
 .init          0x0000000080004000      0x170 /home/devkitpro/libogc/lib/wii/libogc.a(ogc_crt0.o)
                0x0000000080004000                _start
                0x0000000080004140                _memset
 *(.init)
 .init          0x0000000080004170        0xc /home/devkitpro/devkitPPC/bin/../lib/gcc/powerpc-eabi/4.8.2/ecrti.o
                0x0000000080004170                __init
 .init          0x000000008000417c        0x4 /home/devkitpro/devkitPPC/bin/../lib/gcc/powerpc-eabi/4.8.2/crtbegin.o
 .init          0x0000000080004180        0x4 /home/devkitpro/devkitPPC/bin/../lib/gcc/powerpc-eabi/4.8.2/crtend.o
 .init          0x0000000080004184       0x10 /home/devkitpro/devkitPPC/bin/../lib/gcc/powerpc-eabi/4.8.2/ecrtn.o

.rela.dyn       0x0000000080004194        0x0
 .rela.iplt     0x0000000000000000        0x0 /home/devkitpro/devkitPPC/bin/../lib/gcc/powerpc-eabi/4.8.2/crtbegin.o

.plt
 *(.plt)

.interp
 *(.interp)

.hash
 *(.hash)

.dynsym
 *(.dynsym)

.dynstr
 *(.dynstr)

.gnu.version
 *(.gnu.version)

.gnu.version_d
 *(.gnu.version_d)

.gnu.version_r
 *(.gnu.version_r)

.rel.init
 *(.rel.init)

.rela.init      0x0000000080004194        0x0
 *(.rela.init)
 .rela.init     0x0000000000000000        0x0 /home/devkitpro/devkitPPC/bin/../lib/gcc/powerpc-eabi/4.8.2/crtbegin.o

.rel.text
 *(.rel.text .rel.text.* .rel.gnu.linkonce.t.*)

.rela.text      0x0000000080004194        0x0
 *(.rela.text .rela.text.* .rela.gnu.linkonce.t.*)
 .rela.text     0x0000000000000000        0x0 /home/devkitpro/devkitPPC/bin/../lib/gcc/powerpc-eabi/4.8.2/crtbegin.o
 .rela.text.wiiuse_handshake
                0x0000000000000000        0x0 /home/devkitpro/devkitPPC/bin/../lib/gcc/powerpc-eabi/4.8.2/crtbegin.o
 .rela.text.wiiuse_handshake_expansion
                0x0000000000000000        0x0 /home/devkitpro/devkitPPC/bin/../lib/gcc/powerpc-eabi/4.8.2/crtbegin.o
 .rela.text.wiiuse_init_cmd_queue
                0x0000000000000000        0x0 /home/devkitpro/devkitPPC/bin/../lib/gcc/powerpc-eabi/4.8.2/crtbegin.o
 .rela.text.wiiuse_init
                0x0000000000000000        0x0 /home/devkitpro/devkitPPC/bin/../lib/gcc/powerpc-eabi/4.8.2/crtbegin.o
 .rela.text.bt_alarmhandler
                0x0000000000000000        0x0 /home/devkitpro/devkitPPC/bin/../lib/gcc/powerpc-eabi/4.8.2/crtbegin.o
 .rela.text.MP3Player_PlayBuffer
                0x0000000000000000        0x0 /home/devkitpro/devkitPPC/bin/../lib/gcc/powerpc-eabi/4.8.2/crtbegin.o
 .rela.text.III_decode
                0x0000000000000000        0x0 /home/devkitpro/devkitPPC/bin/../lib/gcc/powerpc-eabi/4.8.2/crtbegin.o
 .rela.text.__console_init
                0x0000000000000000        0x0 /home/devkitpro/devkitPPC/bin/../lib/gcc/powerpc-eabi/4.8.2/crtbegin.o
 .rela.text.__console_init_ex
                0x0000000000000000        0x0 /home/devkitpro/devkitPPC/bin/../lib/gcc/powerpc-eabi/4.8.2/crtbegin.o
 .rela.text.CON_EnableGecko
                0x0000000000000000        0x0 /home/devkitpro/devkitPPC/bin/../lib/gcc/powerpc-eabi/4.8.2/crtbegin.o
 .rela.text.__lwp_thread_calcheir
                0x0000000000000000        0x0 /home/devkitpro/devkitPPC/bin/../lib/gcc/powerpc-eabi/4.8.2/crtbegin.o
 .rela.text.__lwp_wd_insert_ticks.constprop.4
                0x0000000000000000        0x0 /home/devkitpro/devkitPPC/bin/../lib/gcc/powerpc-eabi/4.8.2/crtbegin.o
 .rela.text.__lwp_rotate_readyqueue
                0x0000000000000000        0x0 /home/devkitpro/devkitPPC/bin/../lib/gcc/powerpc-eabi/4.8.2/crtbegin.o
 .rela.text.__lwp_thread_setpriority
                0x0000000000000000        0x0 /home/devkitpro/devkitPPC/bin/../lib/gcc/powerpc-eabi/4.8.2/crtbegin.o
 .rela.text.__lwp_thread_close
                0x0000000000000000        0x0 /home/devkitpro/devkitPPC/bin/../lib/gcc/powerpc-eabi/4.8.2/crtbegin.o
 .rela.text.__lwp_thread_closeall
                0x0000000000000000        0x0 /home/devkitpro/devkitPPC/bin/../lib/gcc/powerpc-eabi/4.8.2/crtbegin.o
 .rela.text.__lwp_thread_startmultitasking
                0x0000000000000000        0x0 /home/devkitpro/devkitPPC/bin/../lib/gcc/powerpc-eabi/4.8.2/crtbegin.o
 .rela.text.__lwp_thread_stopmultitasking
                0x0000000000000000        0x0 /home/devkitpro/devkitPPC/bin/../lib/gcc/powerpc-eabi/4.8.2/crtbegin.o
 .rela.text.__lwp_thread_coreinit
                0x0000000000000000        0x0 /home/devkitpro/devkitPPC/bin/../lib/gcc/powerpc-eabi/4.8.2/crtbegin.o
 .rela.text.__lwp_cntrl_open
                0x0000000000000000        0x0 /home/devkitpro/devkitPPC/bin/../lib/gcc/powerpc-eabi/4.8.2/crtbegin.o
 .rela.text.__lwp_tqueue_open
                0x0000000000000000        0x0 /home/devkitpro/devkitPPC/bin/../lib/gcc/powerpc-eabi/4.8.2/crtbegin.o
 .rela.text.__lwp_cntrl_free
                0x0000000000000000        0x0 /home/devkitpro/devkitPPC/bin/../lib/gcc/powerpc-eabi/4.8.2/crtbegin.o
 .rela.text.__lwp_sysinit
                0x0000000000000000        0x0 /home/devkitpro/devkitPPC/bin/../lib/gcc/powerpc-eabi/4.8.2/crtbegin.o
 .rela.text.__lwp_thread_isalive
                0x0000000000000000        0x0 /home/devkitpro/devkitPPC/bin/../lib/gcc/powerpc-eabi/4.8.2/crtbegin.o
 .rela.text.__lwp_thread_exists
                0x0000000000000000        0x0 /home/devkitpro/devkitPPC/bin/../lib/gcc/powerpc-eabi/4.8.2/crtbegin.o
 .rela.text.__lwp_thread_context
                0x0000000000000000        0x0 /home/devkitpro/devkitPPC/bin/../lib/gcc/powerpc-eabi/4.8.2/crtbegin.o
 .rela.text.LWP_CreateThread
                0x0000000000000000        0x0 /home/devkitpro/devkitPPC/bin/../lib/gcc/powerpc-eabi/4.8.2/crtbegin.o
 .rela.text.LWP_InitQueue
                0x0000000000000000        0x0 /home/devkitpro/devkitPPC/bin/../lib/gcc/powerpc-eabi/4.8.2/crtbegin.o
 .rela.text.LWP_CloseQueue
                0x0000000000000000        0x0 /home/devkitpro/devkitPPC/bin/../lib/gcc/powerpc-eabi/4.8.2/crtbegin.o
 .rela.text.__lwp_stack_allocate
                0x0000000000000000        0x0 /home/devkitpro/devkitPPC/bin/../lib/gcc/powerpc-eabi/4.8.2/crtbegin.o
 .rela.text.__lwp_stack_free
                0x0000000000000000        0x0 /home/devkitpro/devkitPPC/bin/../lib/gcc/powerpc-eabi/4.8.2/crtbegin.o
 .rela.text.__lwp_watchdog_init
                0x0000000000000000        0x0 /home/devkitpro/devkitPPC/bin/../lib/gcc/powerpc-eabi/4.8.2/crtbegin.o
 .rela.text.__lwp_wd_tickle
                0x0000000000000000        0x0 /home/devkitpro/devkitPPC/bin/../lib/gcc/powerpc-eabi/4.8.2/crtbegin.o
 .rela.text.__lwp_wkspace_heapfree
                0x0000000000000000        0x0 /home/devkitpro/devkitPPC/bin/../lib/gcc/powerpc-eabi/4.8.2/crtbegin.o
 .rela.text.__lwp_wkspace_heapused
                0x0000000000000000        0x0 /home/devkitpro/devkitPPC/bin/../lib/gcc/powerpc-eabi/4.8.2/crtbegin.o
 .rela.text.__lwp_wkspace_init
                0x0000000000000000        0x0 /home/devkitpro/devkitPPC/bin/../lib/gcc/powerpc-eabi/4.8.2/crtbegin.o
 .rela.text.__lwp_objmgr_initinfo
                0x0000000000000000        0x0 /home/devkitpro/devkitPPC/bin/../lib/gcc/powerpc-eabi/4.8.2/crtbegin.o
 .rela.text.__irq_init
                0x0000000000000000        0x0 /home/devkitpro/devkitPPC/bin/../lib/gcc/powerpc-eabi/4.8.2/crtbegin.o
 .rela.text.__call_resetfuncs
                0x0000000000000000        0x0 /home/devkitpro/devkitPPC/bin/../lib/gcc/powerpc-eabi/4.8.2/crtbegin.o
 .rela.text.__locksram
                0x0000000000000000        0x0 /home/devkitpro/devkitPPC/bin/../lib/gcc/powerpc-eabi/4.8.2/crtbegin.o
 .rela.text.__lwp_wd_insert_ticks
                0x0000000000000000        0x0 /home/devkitpro/devkitPPC/bin/../lib/gcc/powerpc-eabi/4.8.2/crtbegin.o
 .rela.text.__sram_writecallback
                0x0000000000000000        0x0 /home/devkitpro/devkitPPC/bin/../lib/gcc/powerpc-eabi/4.8.2/crtbegin.o
 .rela.text.__unlocksram
                0x0000000000000000        0x0 /home/devkitpro/devkitPPC/bin/../lib/gcc/powerpc-eabi/4.8.2/crtbegin.o
 .rela.text.__sram_init
                0x0000000000000000        0x0 /home/devkitpro/devkitPPC/bin/../lib/gcc/powerpc-eabi/4.8.2/crtbegin.o
 .rela.text.__SYS_SyncSram
                0x0000000000000000        0x0 /home/devkitpro/devkitPPC/bin/../lib/gcc/powerpc-eabi/4.8.2/crtbegin.o
 .rela.text.SYS_Init
                0x0000000000000000        0x0 /home/devkitpro/devkitPPC/bin/../lib/gcc/powerpc-eabi/4.8.2/crtbegin.o
 .rela.text.SYS_RemoveAlarm
                0x0000000000000000        0x0 /home/devkitpro/devkitPPC/bin/../lib/gcc/powerpc-eabi/4.8.2/crtbegin.o
 .rela.text.SYS_CancelAlarm
                0x0000000000000000        0x0 /home/devkitpro/devkitPPC/bin/../lib/gcc/powerpc-eabi/4.8.2/crtbegin.o
 .rela.text.__lwp_cond_open
                0x0000000000000000        0x0 /home/devkitpro/devkitPPC/bin/../lib/gcc/powerpc-eabi/4.8.2/crtbegin.o
 .rela.text.__lwp_cond_init
                0x0000000000000000        0x0 /home/devkitpro/devkitPPC/bin/../lib/gcc/powerpc-eabi/4.8.2/crtbegin.o
 .rela.text.LWP_CondInit
                0x0000000000000000        0x0 /home/devkitpro/devkitPPC/bin/../lib/gcc/powerpc-eabi/4.8.2/crtbegin.o
 .rela.text.LWP_CondDestroy
                0x0000000000000000        0x0 /home/devkitpro/devkitPPC/bin/../lib/gcc/powerpc-eabi/4.8.2/crtbegin.o
 .rela.text.c_decrementer_handler
                0x0000000000000000        0x0 /home/devkitpro/devkitPPC/bin/../lib/gcc/powerpc-eabi/4.8.2/crtbegin.o
 .rela.text.__lwp_mqbox_open
                0x0000000000000000        0x0 /home/devkitpro/devkitPPC/bin/../lib/gcc/powerpc-eabi/4.8.2/crtbegin.o
 .rela.text.__lwp_mqbox_init
                0x0000000000000000        0x0 /home/devkitpro/devkitPPC/bin/../lib/gcc/powerpc-eabi/4.8.2/crtbegin.o
 .rela.text.MQ_Init
                0x0000000000000000        0x0 /home/devkitpro/devkitPPC/bin/../lib/gcc/powerpc-eabi/4.8.2/crtbegin.o
 .rela.text.MQ_Close
                0x0000000000000000        0x0 /home/devkitpro/devkitPPC/bin/../lib/gcc/powerpc-eabi/4.8.2/crtbegin.o
 .rela.text.__lwp_wkspace_free
                0x0000000000000000        0x0 /home/devkitpro/devkitPPC/bin/../lib/gcc/powerpc-eabi/4.8.2/crtbegin.o
 .rela.text.__ios_ioctlvformat_parse
                0x0000000000000000        0x0 /home/devkitpro/devkitPPC/bin/../lib/gcc/powerpc-eabi/4.8.2/crtbegin.o
 .rela.text.IOS_IoctlvFormat
                0x0000000000000000        0x0 /home/devkitpro/devkitPPC/bin/../lib/gcc/powerpc-eabi/4.8.2/crtbegin.o
 .rela.text.IOS_IoctlvFormatAsync
                0x0000000000000000        0x0 /home/devkitpro/devkitPPC/bin/../lib/gcc/powerpc-eabi/4.8.2/crtbegin.o
 .rela.text.nanosleep
                0x0000000000000000        0x0 /home/devkitpro/devkitPPC/bin/../lib/gcc/powerpc-eabi/4.8.2/crtbegin.o
 .rela.text.__libc_delete_hook
                0x0000000000000000        0x0 /home/devkitpro/devkitPPC/bin/../lib/gcc/powerpc-eabi/4.8.2/crtbegin.o
 .rela.text.__libc_init
                0x0000000000000000        0x0 /home/devkitpro/devkitPPC/bin/../lib/gcc/powerpc-eabi/4.8.2/crtbegin.o
 .rela.text.__libc_wrapup
                0x0000000000000000        0x0 /home/devkitpro/devkitPPC/bin/../lib/gcc/powerpc-eabi/4.8.2/crtbegin.o
 .rela.text.__CheckARGV
                0x0000000000000000        0x0 /home/devkitpro/devkitPPC/bin/../lib/gcc/powerpc-eabi/4.8.2/crtbegin.o
 .rela.text.__lwp_priority_init
                0x0000000000000000        0x0 /home/devkitpro/devkitPPC/bin/../lib/gcc/powerpc-eabi/4.8.2/crtbegin.o
 .rela.text.__lwp_threadqueue_enqueuefifo
                0x0000000000000000        0x0 /home/devkitpro/devkitPPC/bin/../lib/gcc/powerpc-eabi/4.8.2/crtbegin.o
 .rela.text.__lwp_threadqueue_dequeuefifo
                0x0000000000000000        0x0 /home/devkitpro/devkitPPC/bin/../lib/gcc/powerpc-eabi/4.8.2/crtbegin.o
 .rela.text.__lwp_threadqueue_enqueuepriority
                0x0000000000000000        0x0 /home/devkitpro/devkitPPC/bin/../lib/gcc/powerpc-eabi/4.8.2/crtbegin.o
 .rela.text.__lwp_threadqueue_dequeuepriority
                0x0000000000000000        0x0 /home/devkitpro/devkitPPC/bin/../lib/gcc/powerpc-eabi/4.8.2/crtbegin.o
 .rela.text.__lwp_threadqueue_enqueue
                0x0000000000000000        0x0 /home/devkitpro/devkitPPC/bin/../lib/gcc/powerpc-eabi/4.8.2/crtbegin.o
 .rela.text.__lwp_threadqueue_extractfifo
                0x0000000000000000        0x0 /home/devkitpro/devkitPPC/bin/../lib/gcc/powerpc-eabi/4.8.2/crtbegin.o
 .rela.text.__lwp_threadqueue_extractpriority
                0x0000000000000000        0x0 /home/devkitpro/devkitPPC/bin/../lib/gcc/powerpc-eabi/4.8.2/crtbegin.o
 .rela.text.__lwpmq_initialize
                0x0000000000000000        0x0 /home/devkitpro/devkitPPC/bin/../lib/gcc/powerpc-eabi/4.8.2/crtbegin.o
 .rela.text.__lwpmq_close
                0x0000000000000000        0x0 /home/devkitpro/devkitPPC/bin/../lib/gcc/powerpc-eabi/4.8.2/crtbegin.o
 .rela.text.__systemcall_init
                0x0000000000000000        0x0 /home/devkitpro/devkitPPC/bin/../lib/gcc/powerpc-eabi/4.8.2/crtbegin.o
 .rela.text.__exception_init
                0x0000000000000000        0x0 /home/devkitpro/devkitPPC/bin/../lib/gcc/powerpc-eabi/4.8.2/crtbegin.o
 .rela.text.__exception_close
                0x0000000000000000        0x0 /home/devkitpro/devkitPPC/bin/../lib/gcc/powerpc-eabi/4.8.2/crtbegin.o
 .rela.text.__exception_sethandler
                0x0000000000000000        0x0 /home/devkitpro/devkitPPC/bin/../lib/gcc/powerpc-eabi/4.8.2/crtbegin.o
 .rela.text.__lwp_sema_open
                0x0000000000000000        0x0 /home/devkitpro/devkitPPC/bin/../lib/gcc/powerpc-eabi/4.8.2/crtbegin.o
 .rela.text.__lwp_sema_init
                0x0000000000000000        0x0 /home/devkitpro/devkitPPC/bin/../lib/gcc/powerpc-eabi/4.8.2/crtbegin.o
 .rela.text.LWP_SemInit
                0x0000000000000000        0x0 /home/devkitpro/devkitPPC/bin/../lib/gcc/powerpc-eabi/4.8.2/crtbegin.o
 .rela.text.LWP_SemDestroy
                0x0000000000000000        0x0 /home/devkitpro/devkitPPC/bin/../lib/gcc/powerpc-eabi/4.8.2/crtbegin.o
 .rela.text.__lwp_mutex_locksupp.constprop.7
                0x0000000000000000        0x0 /home/devkitpro/devkitPPC/bin/../lib/gcc/powerpc-eabi/4.8.2/crtbegin.o
 .rela.text.__lwp_mutex_init
                0x0000000000000000        0x0 /home/devkitpro/devkitPPC/bin/../lib/gcc/powerpc-eabi/4.8.2/crtbegin.o
 .rela.text.LWP_MutexInit
                0x0000000000000000        0x0 /home/devkitpro/devkitPPC/bin/../lib/gcc/powerpc-eabi/4.8.2/crtbegin.o
 .rela.text.LWP_MutexDestroy
                0x0000000000000000        0x0 /home/devkitpro/devkitPPC/bin/../lib/gcc/powerpc-eabi/4.8.2/crtbegin.o
 .rela.text.LWP_MutexUnlock
                0x0000000000000000        0x0 /home/devkitpro/devkitPPC/bin/../lib/gcc/powerpc-eabi/4.8.2/crtbegin.o
 .rela.text.__GX_FifoLink
                0x0000000000000000        0x0 /home/devkitpro/devkitPPC/bin/../lib/gcc/powerpc-eabi/4.8.2/crtbegin.o
 .rela.text.__GX_WriteFifoIntEnable
                0x0000000000000000        0x0 /home/devkitpro/devkitPPC/bin/../lib/gcc/powerpc-eabi/4.8.2/crtbegin.o
 .rela.text.__GX_FifoReadEnable
                0x0000000000000000        0x0 /home/devkitpro/devkitPPC/bin/../lib/gcc/powerpc-eabi/4.8.2/crtbegin.o
 .rela.text.__GX_FifoReadDisable
                0x0000000000000000        0x0 /home/devkitpro/devkitPPC/bin/../lib/gcc/powerpc-eabi/4.8.2/crtbegin.o
 .rela.text.__GX_InitRevBits
                0x0000000000000000        0x0 /home/devkitpro/devkitPPC/bin/../lib/gcc/powerpc-eabi/4.8.2/crtbegin.o
 .rela.text.__GXDefTexRegionCallback
                0x0000000000000000        0x0 /home/devkitpro/devkitPPC/bin/../lib/gcc/powerpc-eabi/4.8.2/crtbegin.o
 .rela.text.__GXDefTlutRegionCallback
                0x0000000000000000        0x0 /home/devkitpro/devkitPPC/bin/../lib/gcc/powerpc-eabi/4.8.2/crtbegin.o
 .rela.text.__GX_FlushTextureState
                0x0000000000000000        0x0 /home/devkitpro/devkitPPC/bin/../lib/gcc/powerpc-eabi/4.8.2/crtbegin.o
 .rela.text.__SetSURegs
                0x0000000000000000        0x0 /home/devkitpro/devkitPPC/bin/../lib/gcc/powerpc-eabi/4.8.2/crtbegin.o
 .rela.text.__SETVCDFMT
                0x0000000000000000        0x0 /home/devkitpro/devkitPPC/bin/../lib/gcc/powerpc-eabi/4.8.2/crtbegin.o
 .rela.text.__GX_SetMatrixIndex.part.1
                0x0000000000000000        0x0 /home/devkitpro/devkitPPC/bin/../lib/gcc/powerpc-eabi/4.8.2/crtbegin.o
 .rela.text.__SETVCDATTR
                0x0000000000000000        0x0 /home/devkitpro/devkitPPC/bin/../lib/gcc/powerpc-eabi/4.8.2/crtbegin.o
 .rela.text.__GX_WriteFifoIntReset.constprop.11
                0x0000000000000000        0x0 /home/devkitpro/devkitPPC/bin/../lib/gcc/powerpc-eabi/4.8.2/crtbegin.o
 .rela.text.__GXCPInterruptHandler
                0x0000000000000000        0x0 /home/devkitpro/devkitPPC/bin/../lib/gcc/powerpc-eabi/4.8.2/crtbegin.o
 .rela.text.__GX_SetDirtyState
                0x0000000000000000        0x0 /home/devkitpro/devkitPPC/bin/../lib/gcc/powerpc-eabi/4.8.2/crtbegin.o
 .rela.text.GX_Flush
                0x0000000000000000        0x0 /home/devkitpro/devkitPPC/bin/../lib/gcc/powerpc-eabi/4.8.2/crtbegin.o
 .rela.text.GX_EnableBreakPt
                0x0000000000000000        0x0 /home/devkitpro/devkitPPC/bin/../lib/gcc/powerpc-eabi/4.8.2/crtbegin.o
 .rela.text.GX_DisableBreakPt
                0x0000000000000000        0x0 /home/devkitpro/devkitPPC/bin/../lib/gcc/powerpc-eabi/4.8.2/crtbegin.o
 .rela.text.GX_AbortFrame
                0x0000000000000000        0x0 /home/devkitpro/devkitPPC/bin/../lib/gcc/powerpc-eabi/4.8.2/crtbegin.o
 .rela.text.GX_PixModeSync
                0x0000000000000000        0x0 /home/devkitpro/devkitPPC/bin/../lib/gcc/powerpc-eabi/4.8.2/crtbegin.o
 .rela.text.GX_SetMisc
                0x0000000000000000        0x0 /home/devkitpro/devkitPPC/bin/../lib/gcc/powerpc-eabi/4.8.2/crtbegin.o
 .rela.text.GX_SetCopyClamp
                0x0000000000000000        0x0 /home/devkitpro/devkitPPC/bin/../lib/gcc/powerpc-eabi/4.8.2/crtbegin.o
 .rela.text.GX_SetDispCopyGamma
                0x0000000000000000        0x0 /home/devkitpro/devkitPPC/bin/../lib/gcc/powerpc-eabi/4.8.2/crtbegin.o
 .rela.text.GX_SetDispCopyFrame2Field
                0x0000000000000000        0x0 /home/devkitpro/devkitPPC/bin/../lib/gcc/powerpc-eabi/4.8.2/crtbegin.o
 .rela.text.GX_SetDispCopyYScale
                0x0000000000000000        0x0 /home/devkitpro/devkitPPC/bin/../lib/gcc/powerpc-eabi/4.8.2/crtbegin.o
 .rela.text.GX_SetDispCopyDst
                0x0000000000000000        0x0 /home/devkitpro/devkitPPC/bin/../lib/gcc/powerpc-eabi/4.8.2/crtbegin.o
 .rela.text.GX_SetDispCopySrc
                0x0000000000000000        0x0 /home/devkitpro/devkitPPC/bin/../lib/gcc/powerpc-eabi/4.8.2/crtbegin.o
 .rela.text.GX_CopyDisp
                0x0000000000000000        0x0 /home/devkitpro/devkitPPC/bin/../lib/gcc/powerpc-eabi/4.8.2/crtbegin.o
 .rela.text.GX_CopyTex
                0x0000000000000000        0x0 /home/devkitpro/devkitPPC/bin/../lib/gcc/powerpc-eabi/4.8.2/crtbegin.o
 .rela.text.GX_SetTexCopySrc
                0x0000000000000000        0x0 /home/devkitpro/devkitPPC/bin/../lib/gcc/powerpc-eabi/4.8.2/crtbegin.o
 .rela.text.GX_SetTexCopyDst
                0x0000000000000000        0x0 /home/devkitpro/devkitPPC/bin/../lib/gcc/powerpc-eabi/4.8.2/crtbegin.o
 .rela.text.GX_BeginDispList
                0x0000000000000000        0x0 /home/devkitpro/devkitPPC/bin/../lib/gcc/powerpc-eabi/4.8.2/crtbegin.o
 .rela.text.GX_EndDispList
                0x0000000000000000        0x0 /home/devkitpro/devkitPPC/bin/../lib/gcc/powerpc-eabi/4.8.2/crtbegin.o
 .rela.text.GX_CallDispList
                0x0000000000000000        0x0 /home/devkitpro/devkitPPC/bin/../lib/gcc/powerpc-eabi/4.8.2/crtbegin.o
 .rela.text.GX_SetChanCtrl
                0x0000000000000000        0x0 /home/devkitpro/devkitPPC/bin/../lib/gcc/powerpc-eabi/4.8.2/crtbegin.o
 .rela.text.GX_SetChanAmbColor
                0x0000000000000000        0x0 /home/devkitpro/devkitPPC/bin/../lib/gcc/powerpc-eabi/4.8.2/crtbegin.o
 .rela.text.GX_SetChanMatColor
                0x0000000000000000        0x0 /home/devkitpro/devkitPPC/bin/../lib/gcc/powerpc-eabi/4.8.2/crtbegin.o
 .rela.text.GX_SetVtxDesc
                0x0000000000000000        0x0 /home/devkitpro/devkitPPC/bin/../lib/gcc/powerpc-eabi/4.8.2/crtbegin.o
 .rela.text.GX_SetVtxDescv
                0x0000000000000000        0x0 /home/devkitpro/devkitPPC/bin/../lib/gcc/powerpc-eabi/4.8.2/crtbegin.o
 .rela.text.GX_GetVtxDescv
                0x0000000000000000        0x0 /home/devkitpro/devkitPPC/bin/../lib/gcc/powerpc-eabi/4.8.2/crtbegin.o
 .rela.text.GX_SetVtxAttrFmt
                0x0000000000000000        0x0 /home/devkitpro/devkitPPC/bin/../lib/gcc/powerpc-eabi/4.8.2/crtbegin.o
 .rela.text.GX_SetVtxAttrFmtv
                0x0000000000000000        0x0 /home/devkitpro/devkitPPC/bin/../lib/gcc/powerpc-eabi/4.8.2/crtbegin.o
 .rela.text.GX_Begin
                0x0000000000000000        0x0 /home/devkitpro/devkitPPC/bin/../lib/gcc/powerpc-eabi/4.8.2/crtbegin.o
 .rela.text.GX_SetTexCoordGen2
                0x0000000000000000        0x0 /home/devkitpro/devkitPPC/bin/../lib/gcc/powerpc-eabi/4.8.2/crtbegin.o
 .rela.text.GX_SetCurrentMtx
                0x0000000000000000        0x0 /home/devkitpro/devkitPPC/bin/../lib/gcc/powerpc-eabi/4.8.2/crtbegin.o
 .rela.text.GX_SetNumTexGens
                0x0000000000000000        0x0 /home/devkitpro/devkitPPC/bin/../lib/gcc/powerpc-eabi/4.8.2/crtbegin.o
 .rela.text.GX_SetZMode
                0x0000000000000000        0x0 /home/devkitpro/devkitPPC/bin/../lib/gcc/powerpc-eabi/4.8.2/crtbegin.o
 .rela.text.GX_LoadTexObjPreloaded
                0x0000000000000000        0x0 /home/devkitpro/devkitPPC/bin/../lib/gcc/powerpc-eabi/4.8.2/crtbegin.o
 .rela.text.GX_SetTexCoordScaleManually
                0x0000000000000000        0x0 /home/devkitpro/devkitPPC/bin/../lib/gcc/powerpc-eabi/4.8.2/crtbegin.o
 .rela.text.GX_SetTexCoordCylWrap
                0x0000000000000000        0x0 /home/devkitpro/devkitPPC/bin/../lib/gcc/powerpc-eabi/4.8.2/crtbegin.o
 .rela.text.GX_SetTexCoordBias
                0x0000000000000000        0x0 /home/devkitpro/devkitPPC/bin/../lib/gcc/powerpc-eabi/4.8.2/crtbegin.o
 .rela.text.GX_SetBlendMode
                0x0000000000000000        0x0 /home/devkitpro/devkitPPC/bin/../lib/gcc/powerpc-eabi/4.8.2/crtbegin.o
 .rela.text.GX_ClearVtxDesc
                0x0000000000000000        0x0 /home/devkitpro/devkitPPC/bin/../lib/gcc/powerpc-eabi/4.8.2/crtbegin.o
 .rela.text.GX_SetLineWidth
                0x0000000000000000        0x0 /home/devkitpro/devkitPPC/bin/../lib/gcc/powerpc-eabi/4.8.2/crtbegin.o
 .rela.text.GX_SetPointSize
                0x0000000000000000        0x0 /home/devkitpro/devkitPPC/bin/../lib/gcc/powerpc-eabi/4.8.2/crtbegin.o
 .rela.text.GX_SetTevColorIn
                0x0000000000000000        0x0 /home/devkitpro/devkitPPC/bin/../lib/gcc/powerpc-eabi/4.8.2/crtbegin.o
 .rela.text.GX_SetTevAlphaIn
                0x0000000000000000        0x0 /home/devkitpro/devkitPPC/bin/../lib/gcc/powerpc-eabi/4.8.2/crtbegin.o
 .rela.text.GX_SetTevColorOp
                0x0000000000000000        0x0 /home/devkitpro/devkitPPC/bin/../lib/gcc/powerpc-eabi/4.8.2/crtbegin.o
 .rela.text.GX_SetTevAlphaOp
                0x0000000000000000        0x0 /home/devkitpro/devkitPPC/bin/../lib/gcc/powerpc-eabi/4.8.2/crtbegin.o
 .rela.text.GX_SetCullMode
                0x0000000000000000        0x0 /home/devkitpro/devkitPPC/bin/../lib/gcc/powerpc-eabi/4.8.2/crtbegin.o
 .rela.text.GX_SetCoPlanar
                0x0000000000000000        0x0 /home/devkitpro/devkitPPC/bin/../lib/gcc/powerpc-eabi/4.8.2/crtbegin.o
 .rela.text.GX_EnableTexOffsets
                0x0000000000000000        0x0 /home/devkitpro/devkitPPC/bin/../lib/gcc/powerpc-eabi/4.8.2/crtbegin.o
 .rela.text.GX_SetScissor
                0x0000000000000000        0x0 /home/devkitpro/devkitPPC/bin/../lib/gcc/powerpc-eabi/4.8.2/crtbegin.o
 .rela.text.GX_SetNumChans
                0x0000000000000000        0x0 /home/devkitpro/devkitPPC/bin/../lib/gcc/powerpc-eabi/4.8.2/crtbegin.o
 .rela.text.GX_SetTevOrder
                0x0000000000000000        0x0 /home/devkitpro/devkitPPC/bin/../lib/gcc/powerpc-eabi/4.8.2/crtbegin.o
 .rela.text.GX_SetNumTevStages
                0x0000000000000000        0x0 /home/devkitpro/devkitPPC/bin/../lib/gcc/powerpc-eabi/4.8.2/crtbegin.o
 .rela.text.GX_SetTevKColorSel
                0x0000000000000000        0x0 /home/devkitpro/devkitPPC/bin/../lib/gcc/powerpc-eabi/4.8.2/crtbegin.o
 .rela.text.GX_SetTevKAlphaSel
                0x0000000000000000        0x0 /home/devkitpro/devkitPPC/bin/../lib/gcc/powerpc-eabi/4.8.2/crtbegin.o
 .rela.text.GX_SetTevSwapMode
                0x0000000000000000        0x0 /home/devkitpro/devkitPPC/bin/../lib/gcc/powerpc-eabi/4.8.2/crtbegin.o
 .rela.text.GX_SetTevSwapModeTable
                0x0000000000000000        0x0 /home/devkitpro/devkitPPC/bin/../lib/gcc/powerpc-eabi/4.8.2/crtbegin.o
 .rela.text.GX_SetNumIndStages
                0x0000000000000000        0x0 /home/devkitpro/devkitPPC/bin/../lib/gcc/powerpc-eabi/4.8.2/crtbegin.o
 .rela.text.GX_SetIndTexCoordScale
                0x0000000000000000        0x0 /home/devkitpro/devkitPPC/bin/../lib/gcc/powerpc-eabi/4.8.2/crtbegin.o
 .rela.text.GX_SetColorUpdate
                0x0000000000000000        0x0 /home/devkitpro/devkitPPC/bin/../lib/gcc/powerpc-eabi/4.8.2/crtbegin.o
 .rela.text.GX_SetAlphaUpdate
                0x0000000000000000        0x0 /home/devkitpro/devkitPPC/bin/../lib/gcc/powerpc-eabi/4.8.2/crtbegin.o
 .rela.text.GX_SetZCompLoc
                0x0000000000000000        0x0 /home/devkitpro/devkitPPC/bin/../lib/gcc/powerpc-eabi/4.8.2/crtbegin.o
 .rela.text.GX_SetPixelFmt
                0x0000000000000000        0x0 /home/devkitpro/devkitPPC/bin/../lib/gcc/powerpc-eabi/4.8.2/crtbegin.o
 .rela.text.GX_SetDither
                0x0000000000000000        0x0 /home/devkitpro/devkitPPC/bin/../lib/gcc/powerpc-eabi/4.8.2/crtbegin.o
 .rela.text.GX_SetDstAlpha
                0x0000000000000000        0x0 /home/devkitpro/devkitPPC/bin/../lib/gcc/powerpc-eabi/4.8.2/crtbegin.o
 .rela.text.GX_SetFieldMode
                0x0000000000000000        0x0 /home/devkitpro/devkitPPC/bin/../lib/gcc/powerpc-eabi/4.8.2/crtbegin.o
 .rela.text.GX_SetIndTexOrder
                0x0000000000000000        0x0 /home/devkitpro/devkitPPC/bin/../lib/gcc/powerpc-eabi/4.8.2/crtbegin.o
 .rela.text.GX_SetGPMetric
                0x0000000000000000        0x0 /home/devkitpro/devkitPPC/bin/../lib/gcc/powerpc-eabi/4.8.2/crtbegin.o
 .rela.text.GX_Init
                0x0000000000000000        0x0 /home/devkitpro/devkitPPC/bin/../lib/gcc/powerpc-eabi/4.8.2/crtbegin.o
 .rela.text.GX_ReadGPMetric
                0x0000000000000000        0x0 /home/devkitpro/devkitPPC/bin/../lib/gcc/powerpc-eabi/4.8.2/crtbegin.o
 .rela.text.kprintf
                0x0000000000000000        0x0 /home/devkitpro/devkitPPC/bin/../lib/gcc/powerpc-eabi/4.8.2/crtbegin.o
 .rela.text.atangent
                0x0000000000000000        0x0 /home/devkitpro/devkitPPC/bin/../lib/gcc/powerpc-eabi/4.8.2/crtbegin.o
 .rela.text.atangentf
                0x0000000000000000        0x0 /home/devkitpro/devkitPPC/bin/../lib/gcc/powerpc-eabi/4.8.2/crtbegin.o
 .rela.text.sinef
                0x0000000000000000        0x0 /home/devkitpro/devkitPPC/bin/../lib/gcc/powerpc-eabi/4.8.2/crtbegin.o
 .rela.text.sqrtf
                0x0000000000000000        0x0 /home/devkitpro/devkitPPC/bin/../lib/gcc/powerpc-eabi/4.8.2/crtbegin.o
 .rela.text.calloc
                0x0000000000000000        0x0 /home/devkitpro/devkitPPC/bin/../lib/gcc/powerpc-eabi/4.8.2/crtbegin.o
 .rela.text.__errno
                0x0000000000000000        0x0 /home/devkitpro/devkitPPC/bin/../lib/gcc/powerpc-eabi/4.8.2/crtbegin.o
 .rela.text.exit
                0x0000000000000000        0x0 /home/devkitpro/devkitPPC/bin/../lib/gcc/powerpc-eabi/4.8.2/crtbegin.o
 .rela.text.fprintf
                0x0000000000000000        0x0 /home/devkitpro/devkitPPC/bin/../lib/gcc/powerpc-eabi/4.8.2/crtbegin.o
 .rela.text.fputs
                0x0000000000000000        0x0 /home/devkitpro/devkitPPC/bin/../lib/gcc/powerpc-eabi/4.8.2/crtbegin.o
 .rela.text._malloc_trim_r
                0x0000000000000000        0x0 /home/devkitpro/devkitPPC/bin/../lib/gcc/powerpc-eabi/4.8.2/crtbegin.o
 .rela.text._free_r
                0x0000000000000000        0x0 /home/devkitpro/devkitPPC/bin/../lib/gcc/powerpc-eabi/4.8.2/crtbegin.o
 .rela.text.setvbuf
                0x0000000000000000        0x0 /home/devkitpro/devkitPPC/bin/../lib/gcc/powerpc-eabi/4.8.2/crtbegin.o
 .rela.text._svfprintf_r
                0x0000000000000000        0x0 /home/devkitpro/devkitPPC/bin/../lib/gcc/powerpc-eabi/4.8.2/crtbegin.o
 .rela.text._vfprintf_r
                0x0000000000000000        0x0 /home/devkitpro/devkitPPC/bin/../lib/gcc/powerpc-eabi/4.8.2/crtbegin.o
 .rela.text._wcrtomb_r
                0x0000000000000000        0x0 /home/devkitpro/devkitPPC/bin/../lib/gcc/powerpc-eabi/4.8.2/crtbegin.o
 .rela.text.wcrtomb
                0x0000000000000000        0x0 /home/devkitpro/devkitPPC/bin/../lib/gcc/powerpc-eabi/4.8.2/crtbegin.o
 .rela.text.__call_exitprocs
                0x0000000000000000        0x0 /home/devkitpro/devkitPPC/bin/../lib/gcc/powerpc-eabi/4.8.2/crtbegin.o
 .rela.text._dtoa_r
                0x0000000000000000        0x0 /home/devkitpro/devkitPPC/bin/../lib/gcc/powerpc-eabi/4.8.2/crtbegin.o
 .rela.text._cleanup_r
                0x0000000000000000        0x0 /home/devkitpro/devkitPPC/bin/../lib/gcc/powerpc-eabi/4.8.2/crtbegin.o
 .rela.text.std.isra.0
                0x0000000000000000        0x0 /home/devkitpro/devkitPPC/bin/../lib/gcc/powerpc-eabi/4.8.2/crtbegin.o
 .rela.text._cleanup
                0x0000000000000000        0x0 /home/devkitpro/devkitPPC/bin/../lib/gcc/powerpc-eabi/4.8.2/crtbegin.o
 .rela.text.loadlocale
                0x0000000000000000        0x0 /home/devkitpro/devkitPPC/bin/../lib/gcc/powerpc-eabi/4.8.2/crtbegin.o
 .rela.text.__smakebuf_r
                0x0000000000000000        0x0 /home/devkitpro/devkitPPC/bin/../lib/gcc/powerpc-eabi/4.8.2/crtbegin.o
 .rela.text._findenv_r
                0x0000000000000000        0x0 /home/devkitpro/devkitPPC/bin/../lib/gcc/powerpc-eabi/4.8.2/crtbegin.o

.rel.fini
 *(.rel.fini)

.rela.fini
 *(.rela.fini)

.rel.rodata
 *(.rel.rodata .rel.rodata.* .rel.gnu.linkonce.r.*)

.rela.rodata    0x0000000080004194        0x0
 *(.rela.rodata .rela.rodata.* .rela.gnu.linkonce.r.*)
 .rela.rodata.decoder_table
                0x0000000000000000        0x0 /home/devkitpro/devkitPPC/bin/../lib/gcc/powerpc-eabi/4.8.2/crtbegin.o

.rel.data
 *(.rel.data .rel.data.* .rel.gnu.linkonce.d.*)

.rela.data
 *(.rela.data .rela.data.* .rela.gnu.linkonce.d.*)

.rel.tdata
 *(.rel.tdata .rel.tdata.* .rel.gnu.linkonce.td.*)

.rela.tdata
 *(.rela.tdata .rela.tdata.* .rela.gnu.linkonce.td.*)

.rel.tbss
 *(.rel.tbss .rel.tbss.* .rel.gnu.linkonce.tb.*)

.rela.tbss
 *(.rela.tbss .rela.tbss.* .rela.gnu.linkonce.tb.*)

.rel.ctors
 *(.rel.ctors)

.rela.ctors
 *(.rela.ctors)

.rel.dtors
 *(.rel.dtors)

.rela.dtors
 *(.rela.dtors)

.rel.got
 *(.rel.got)

.rela.got
 *(.rela.got)

.rela.got1
 *(.rela.got1)

.rela.got2      0x0000000080004194        0x0
 *(.rela.got2)
 .rela.got2     0x0000000000000000        0x0 /home/devkitpro/devkitPPC/bin/../lib/gcc/powerpc-eabi/4.8.2/crtbegin.o

.rel.sdata
 *(.rel.sdata .rel.sdata.* .rel.gnu.linkonce.s.*)

.rela.sdata
 *(.rela.sdata .rela.sdata.* .rela.gnu.linkonce.s.*)

.rel.sbss
 *(.rel.sbss .rel.sbss.* .rel.gnu.linkonce.sb.*)

.rela.sbss
 *(.rela.sbss .rela.sbss.* .rel.gnu.linkonce.sb.*)

.rel.sdata2
 *(.rel.sdata2 .rel.sdata2.* .rel.gnu.linkonce.s2.*)

.rela.sdata2    0x0000000080004194        0x0
 *(.rela.sdata2 .rela.sdata2.* .rela.gnu.linkonce.s2.*)
 .rela.sdata2.__sys_inIPL
                0x0000000000000000        0x0 /home/devkitpro/devkitPPC/bin/../lib/gcc/powerpc-eabi/4.8.2/crtbegin.o

.rel.sbss2
 *(.rel.sbss2 .rel.sbss2.* .rel.gnu.linkonce.sb2.*)

.rela.sbss2
 *(.rela.sbss2 .rela.sbss2.* .rela.gnu.linkonce.sb2.*)

.rel.bss
 *(.rel.bss .rel.bss.* .rel.gnu.linkonce.b.*)

.rela.bss
 *(.rela.bss .rela.bss.* .rela.gnu.linkonce.b.*)

.rel.plt
 *(.rel.plt)

.rela.plt
 *(.rela.plt)

.text           0x00000000800041a0    0x36fe0
 *(.text)
 .text          0x00000000800041a0      0x1e0 /home/devkitpro/devkitPPC/bin/../lib/gcc/powerpc-eabi/4.8.2/crtbegin.o
 .text          0x0000000080004380       0x44 /home/devkitpro/devkitPPC/bin/../lib/gcc/powerpc-eabi/4.8.2/../../../../powerpc-eabi/lib/crtmain.o
                0x0000000080004384                __crtmain
 *fill*         0x00000000800043c4       0x1c 00000000
 .text          0x00000000800043e0      0x44c /home/devkitpro/libogc/lib/wii/libogc.a(lwp_handler.o)
                0x00000000800043e0                _cpu_context_save_fp
                0x0000000080004520                _cpu_context_restore_fp
                0x0000000080004660                _cpu_context_switch
                0x0000000080004740                _cpu_context_save
                0x00000000800047c0                _cpu_context_restore
 .text          0x000000008000482c      0x4f4 /home/devkitpro/libogc/lib/wii/libogc.a(cache_asm.o)
                0x000000008000482c                DCFlashInvalidate
                0x0000000080004840                DCEnable
                0x0000000080004854                DCDisable
                0x0000000080004868                DCFreeze
                0x000000008000487c                DCUnfreeze
                0x0000000080004890                DCTouchLoad
                0x0000000080004898                DCBlockZero
                0x00000000800048a0                DCBlockStore
                0x00000000800048a8                DCBlockFlush
                0x00000000800048b0                DCBlockInvalidate
                0x00000000800048b8                DCInvalidateRange
                0x00000000800048e8                DCFlushRange
                0x000000008000491c                DCStoreRange
                0x0000000080004950                DCFlushRangeNoSync
                0x0000000080004980                DCStoreRangeNoSync
                0x00000000800049b0                DCZeroRange
                0x00000000800049e0                DCTouchRange
                0x0000000080004a10                ICInvalidateRange
                0x0000000080004a48                ICFlashInvalidate
                0x0000000080004a5c                ICEnable
                0x0000000080004a70                ICDisable
                0x0000000080004a84                ICFreeze
                0x0000000080004a98                ICUnfreeze
                0x0000000080004aac                ICBlockInvalidate
                0x0000000080004ab4                ICSync
                0x0000000080004abc                L2Init
                0x0000000080004b04                L2Enable
                0x0000000080004b20                L2Disable
                0x0000000080004b38                L2GlobalInvalidate
                0x0000000080004b90                __LCEnable
                0x0000000080004c5c                LCDisable
                0x0000000080004c84                LCAllocOneTag
                0x0000000080004c98                LCAllocTags
                0x0000000080004cd8                LCLoadBlocks
                0x0000000080004cfc                LCStoreBlocks
 .text          0x0000000080004d20      0x4a0 /home/devkitpro/libogc/lib/wii/libogc.a(system_asm.o)
                0x0000000080004d20                __realmode
                0x0000000080004d38                __configBATS
                0x0000000080004e68                __InitFPRS
                0x0000000080004f94                __InitPS
                0x0000000080004ff0                __InitCache
                0x0000000080005048                __InitSystem
                0x00000000800050d0                __flush_cache
                0x0000000080005104                __reset
                0x0000000080005174                __InitBATS
                0x0000000080005190                SYS_SwitchFiber
 .text          0x00000000800051c0      0x1ac /home/devkitpro/libogc/lib/wii/libogc.a(irq_handler.o)
                0x00000000800051c0                irq_exceptionhandler
 .text          0x000000008000536c      0x1ac /home/devkitpro/libogc/lib/wii/libogc.a(decrementer_handler.o)
                0x000000008000536c                dec_exceptionhandler
 .text          0x0000000080005518      0x35c /home/devkitpro/libogc/lib/wii/libogc.a(exception_handler.o)
                0x0000000080005518                exceptionhandler_start
                0x0000000080005594                exceptionhandler_patch
                0x00000000800055c8                exceptionhandler_end
                0x00000000800055cc                default_exceptionhandler
                0x00000000800056fc                fpu_exceptionhandler
                0x0000000080005844                systemcallhandler_start
                0x0000000080005870                systemcallhandler_end
 .text          0x0000000080005874       0x40 /home/devkitpro/devkitPPC/bin/../lib/gcc/powerpc-eabi/4.8.2/libgcc.a(_ashldi3.o)
                0x0000000080005874                __ashldi3
 .text          0x00000000800058b4      0x414 /home/devkitpro/devkitPPC/bin/../lib/gcc/powerpc-eabi/4.8.2/libgcc.a(_udivdi3.o)
                0x00000000800058b4                __udivdi3
 .text          0x0000000080005cc8      0x3b8 /home/devkitpro/devkitPPC/bin/../lib/gcc/powerpc-eabi/4.8.2/libgcc.a(_umoddi3.o)
                0x0000000080005cc8                __umoddi3
 .text          0x0000000080006080       0x48 /home/devkitpro/devkitPPC/bin/../lib/gcc/powerpc-eabi/4.8.2/libgcc.a(eabi.o)
                0x0000000080006080                __eabi
 .text          0x00000000800060c8       0x4c /home/devkitpro/devkitPPC/bin/../lib/gcc/powerpc-eabi/4.8.2/libgcc.a(crtsavfpr.o)
                0x00000000800060c8                _savefpr_14
                0x00000000800060cc                _savefpr_15
                0x00000000800060d0                _savefpr_16
                0x00000000800060d4                _savefpr_17
                0x00000000800060d8                _savefpr_18
                0x00000000800060dc                _savefpr_19
                0x00000000800060e0                _savefpr_20
                0x00000000800060e4                _savefpr_21
                0x00000000800060e8                _savefpr_22
                0x00000000800060ec                _savefpr_23
                0x00000000800060f0                _savefpr_24
                0x00000000800060f4                _savefpr_25
                0x00000000800060f8                _savefpr_26
                0x00000000800060fc                _savefpr_27
                0x0000000080006100                _savefpr_28
                0x0000000080006104                _savefpr_29
                0x0000000080006108                _savefpr_30
                0x000000008000610c                _savefpr_31
 .text          0x0000000080006114       0x58 /home/devkitpro/devkitPPC/bin/../lib/gcc/powerpc-eabi/4.8.2/libgcc.a(crtresxfpr.o)
                0x0000000080006114                _restfpr_14_x
                0x0000000080006118                _restfpr_15_x
                0x000000008000611c                _restfpr_16_x
                0x0000000080006120                _restfpr_17_x
                0x0000000080006124                _restfpr_18_x
                0x0000000080006128                _restfpr_19_x
                0x000000008000612c                _restfpr_20_x
                0x0000000080006130                _restfpr_21_x
                0x0000000080006134                _restfpr_22_x
                0x0000000080006138                _restfpr_23_x
                0x000000008000613c                _restfpr_24_x
                0x0000000080006140                _restfpr_25_x
                0x0000000080006144                _restfpr_26_x
                0x0000000080006148                _restfpr_27_x
                0x000000008000614c                _restfpr_28_x
                0x0000000080006150                _restfpr_29_x
                0x0000000080006154                _restfpr_30_x
                0x0000000080006158                _restfpr_31_x
 .text          0x000000008000616c       0x58 /home/devkitpro/devkitPPC/bin/../lib/gcc/powerpc-eabi/4.8.2/libgcc.a(crtresxgpr.o)
                0x000000008000616c                _restgpr_14_x
                0x0000000080006170                _restgpr_15_x
                0x0000000080006174                _restgpr_16_x
                0x0000000080006178                _restgpr_17_x
                0x000000008000617c                _restgpr_18_x
                0x0000000080006180                _restgpr_19_x
                0x0000000080006184                _restgpr_20_x
                0x0000000080006188                _restgpr_21_x
                0x000000008000618c                _restgpr_22_x
                0x0000000080006190                _restgpr_23_x
                0x0000000080006194                _restgpr_24_x
                0x0000000080006198                _restgpr_25_x
                0x000000008000619c                _restgpr_26_x
                0x00000000800061a0                _restgpr_27_x
                0x00000000800061a4                _restgpr_28_x
                0x00000000800061a8                _restgpr_29_x
                0x00000000800061ac                _restgpr_30_x
                0x00000000800061b0                _restgpr_31_x
 .text          0x00000000800061c4       0x28 /home/devkitpro/devkitPPC/bin/../lib/gcc/powerpc-eabi/4.8.2/../../../../powerpc-eabi/lib/libsysbase.a(abort.o)
                0x00000000800061c4                abort
 .text          0x00000000800061ec      0x2f8 /home/devkitpro/devkitPPC/bin/../lib/gcc/powerpc-eabi/4.8.2/../../../../powerpc-eabi/lib/libsysbase.a(iosupport.o)
                0x00000000800061ec                setDefaultDevice
                0x0000000080006204                FindDevice
                0x0000000080006328                RemoveDevice
                0x0000000080006378                AddDevice
                0x0000000080006494                GetDeviceOpTab
 .text          0x00000000800064e4       0x28 /home/devkitpro/devkitPPC/bin/../lib/gcc/powerpc-eabi/4.8.2/../../../../powerpc-eabi/lib/libsysbase.a(_exit.o)
                0x00000000800064e4                _exit
 .text          0x000000008000650c       0x88 /home/devkitpro/devkitPPC/bin/../lib/gcc/powerpc-eabi/4.8.2/../../../../powerpc-eabi/lib/libsysbase.a(build_argv.o)
                0x000000008000650c                build_argv
 .text          0x0000000080006594       0xb0 /home/devkitpro/devkitPPC/bin/../lib/gcc/powerpc-eabi/4.8.2/../../../../powerpc-eabi/lib/libsysbase.a(syscall_support.o)
                0x0000000080006594                __libc_lock_init
                0x00000000800065b4                __libc_lock_close
                0x00000000800065d4                __libc_lock_release
                0x00000000800065f4                __libc_lock_acquire
                0x0000000080006614                __malloc_lock
                0x000000008000662c                __malloc_unlock
 .text          0x0000000080006644       0xa0 /home/devkitpro/devkitPPC/bin/../lib/gcc/powerpc-eabi/4.8.2/../../../../powerpc-eabi/lib/libsysbase.a(close.o)
                0x0000000080006644                _close_r
 .text          0x00000000800066e4       0xb0 /home/devkitpro/devkitPPC/bin/../lib/gcc/powerpc-eabi/4.8.2/../../../../powerpc-eabi/lib/libsysbase.a(fstat.o)
                0x00000000800066e4                _fstat_r
 .text          0x0000000080006794        0x8 /home/devkitpro/devkitPPC/bin/../lib/gcc/powerpc-eabi/4.8.2/../../../../powerpc-eabi/lib/libsysbase.a(isatty.o)
                0x0000000080006794                _isatty_r
 .text          0x000000008000679c       0xc0 /home/devkitpro/devkitPPC/bin/../lib/gcc/powerpc-eabi/4.8.2/../../../../powerpc-eabi/lib/libsysbase.a(lseek.o)
                0x000000008000679c                _lseek_r
 .text          0x000000008000685c       0xb0 /home/devkitpro/devkitPPC/bin/../lib/gcc/powerpc-eabi/4.8.2/../../../../powerpc-eabi/lib/libsysbase.a(read.o)
                0x000000008000685c                _read_r
 .text          0x000000008000690c       0x28 /home/devkitpro/devkitPPC/bin/../lib/gcc/powerpc-eabi/4.8.2/../../../../powerpc-eabi/lib/libsysbase.a(sbrk.o)
                0x000000008000690c                _sbrk_r
 .text          0x0000000080006934       0xb8 /home/devkitpro/devkitPPC/bin/../lib/gcc/powerpc-eabi/4.8.2/../../../../powerpc-eabi/lib/libsysbase.a(write.o)
                0x0000000080006934                _write_r
 .text          0x00000000800069ec       0x4c /home/devkitpro/devkitPPC/bin/../lib/gcc/powerpc-eabi/4.8.2/../../../../powerpc-eabi/lib/libsysbase.a(flock.o)
                0x00000000800069ec                __flockfile
                0x0000000080006a30                __funlockfile
 .text          0x0000000080006a38      0x174 /home/devkitpro/devkitPPC/bin/../lib/gcc/powerpc-eabi/4.8.2/../../../../powerpc-eabi/lib/libsysbase.a(handle_manager.o)
                0x0000000080006a38                __release_handle
                0x0000000080006a94                __alloc_handle
                0x0000000080006b84                __get_handle
 .text          0x0000000080006bac       0x68 /home/devkitpro/devkitPPC/bin/../lib/gcc/powerpc-eabi/4.8.2/crtend.o
 *(.text.*)
 .text.startup.main
                0x0000000080006c14      0x100 template.o
                0x0000000080006c14                main
 .text.__wpad_assign_slot
                0x0000000080006d14      0x218 /home/devkitpro/libogc/lib/wii/libwiiuse.a(wpad.o)
                0x0000000080006d14                __wpad_assign_slot
 .text.__wpad_def_powcb
                0x0000000080006f2c        0x4 /home/devkitpro/libogc/lib/wii/libwiiuse.a(wpad.o)
 .text.__wpad_disconnect
                0x0000000080006f30       0x4c /home/devkitpro/libogc/lib/wii/libwiiuse.a(wpad.o)
 .text.__readlinkkey_finished
                0x0000000080006f7c       0x30 /home/devkitpro/libogc/lib/wii/libwiiuse.a(wpad.o)
 .text.__wpad_patch_finished
                0x0000000080006fac       0x2c /home/devkitpro/libogc/lib/wii/libwiiuse.a(wpad.o)
 .text.__wpad_setfmt
                0x0000000080006fd8      0x100 /home/devkitpro/libogc/lib/wii/libwiiuse.a(wpad.o)
 .text.__wpad_eventCB
                0x00000000800070d8      0x8e0 /home/devkitpro/libogc/lib/wii/libwiiuse.a(wpad.o)
 .text.__wpad_disconnectCB
                0x00000000800079b8       0xcc /home/devkitpro/libogc/lib/wii/libwiiuse.a(wpad.o)
                0x00000000800079b8                __wpad_disconnectCB
 .text.__wpad_timeouthandler
                0x0000000080007a84       0x90 /home/devkitpro/libogc/lib/wii/libwiiuse.a(wpad.o)
 .text.__initcore_finished
                0x0000000080007b14       0x48 /home/devkitpro/libogc/lib/wii/libwiiuse.a(wpad.o)
 .text.__wpad_init_finished
                0x0000000080007b5c      0x138 /home/devkitpro/libogc/lib/wii/libwiiuse.a(wpad.o)
 .text.WPAD_ReadEvent
                0x0000000080007c94      0x574 /home/devkitpro/libogc/lib/wii/libwiiuse.a(wpad.o)
                0x0000000080007c94                WPAD_ReadEvent
 .text.WPAD_ReadPending
                0x0000000080008208      0x108 /home/devkitpro/libogc/lib/wii/libwiiuse.a(wpad.o)
                0x0000000080008208                WPAD_ReadPending
 .text.WPAD_Shutdown
                0x0000000080008310       0xbc /home/devkitpro/libogc/lib/wii/libwiiuse.a(wpad.o)
                0x0000000080008310                WPAD_Shutdown
 .text.WPAD_Init
                0x00000000800083cc      0x234 /home/devkitpro/libogc/lib/wii/libwiiuse.a(wpad.o)
                0x00000000800083cc                WPAD_Init
 .text.__wpad_onreset
                0x0000000080008600       0x34 /home/devkitpro/libogc/lib/wii/libwiiuse.a(wpad.o)
 .text.WPAD_ScanPads
                0x0000000080008634        0xc /home/devkitpro/libogc/lib/wii/libwiiuse.a(wpad.o)
                0x0000000080008634                WPAD_ScanPads
 .text.WPAD_ButtonsDown
                0x0000000080008640       0x28 /home/devkitpro/libogc/lib/wii/libwiiuse.a(wpad.o)
                0x0000000080008640                WPAD_ButtonsDown
 .text.motion_plus_disconnected
                0x0000000080008668       0x10 /home/devkitpro/libogc/lib/wii/libwiiuse.a(motion_plus.o)
                0x0000000080008668                motion_plus_disconnected
 .text.motion_plus_event
                0x0000000080008678       0x64 /home/devkitpro/libogc/lib/wii/libwiiuse.a(motion_plus.o)
                0x0000000080008678                motion_plus_event
 .text.calculate_gforce
                0x00000000800086dc      0x114 /home/devkitpro/libogc/lib/wii/libwiiuse.a(dynamics.o)
                0x00000000800086dc                calculate_gforce
 .text.calc_joystick_state
                0x00000000800087f0      0x1fc /home/devkitpro/libogc/lib/wii/libwiiuse.a(dynamics.o)
                0x00000000800087f0                calc_joystick_state
 .text.apply_smoothing
                0x00000000800089ec      0x158 /home/devkitpro/libogc/lib/wii/libwiiuse.a(dynamics.o)
                0x00000000800089ec                apply_smoothing
 .text.calculate_orientation
                0x0000000080008b44      0x298 /home/devkitpro/libogc/lib/wii/libwiiuse.a(dynamics.o)
                0x0000000080008b44                calculate_orientation
 .text.calc_balanceboard_state
                0x0000000080008ddc      0x344 /home/devkitpro/libogc/lib/wii/libwiiuse.a(dynamics.o)
                0x0000000080008ddc                calc_balanceboard_state
 .text.wiiuse_handshake
                0x0000000080009120      0x164 /home/devkitpro/libogc/lib/wii/libwiiuse.a(io.o)
                0x0000000080009120                wiiuse_handshake
 .text.wiiuse_handshake_expansion
                0x0000000080009284      0x1c4 /home/devkitpro/libogc/lib/wii/libwiiuse.a(io.o)
                0x0000000080009284                wiiuse_handshake_expansion
 .text.wiiuse_handshake_expansion_start
                0x0000000080009448       0x24 /home/devkitpro/libogc/lib/wii/libwiiuse.a(io.o)
                0x0000000080009448                wiiuse_handshake_expansion_start
 .text.wiiuse_disable_expansion
                0x000000008000946c       0xcc /home/devkitpro/libogc/lib/wii/libwiiuse.a(io.o)
                0x000000008000946c                wiiuse_disable_expansion
 .text.__wiiuse_connected
                0x0000000080009538       0x78 /home/devkitpro/libogc/lib/wii/libwiiuse.a(io_wii.o)
 .text.__wiiuse_disconnected
                0x00000000800095b0       0x90 /home/devkitpro/libogc/lib/wii/libwiiuse.a(io_wii.o)
 .text.__wiiuse_receive
                0x0000000080009640       0x8c /home/devkitpro/libogc/lib/wii/libwiiuse.a(io_wii.o)
 .text.__wiiuse_sensorbar_enable
                0x00000000800096cc       0x4c /home/devkitpro/libogc/lib/wii/libwiiuse.a(io_wii.o)
                0x00000000800096cc                __wiiuse_sensorbar_enable
 .text.wiiuse_register
                0x0000000080009718       0xa8 /home/devkitpro/libogc/lib/wii/libwiiuse.a(io_wii.o)
                0x0000000080009718                wiiuse_register
 .text.wiiuse_disconnect
                0x00000000800097c0       0x24 /home/devkitpro/libogc/lib/wii/libwiiuse.a(io_wii.o)
                0x00000000800097c0                wiiuse_disconnect
 .text.wiiuse_init_cmd_queue
                0x00000000800097e4       0x90 /home/devkitpro/libogc/lib/wii/libwiiuse.a(io_wii.o)
                0x00000000800097e4                wiiuse_init_cmd_queue
 .text.wiiuse_io_write
                0x0000000080009874       0x1c /home/devkitpro/libogc/lib/wii/libwiiuse.a(io_wii.o)
                0x0000000080009874                wiiuse_io_write
 .text.get_ir_sens.isra.0
                0x0000000080009890       0xe4 /home/devkitpro/libogc/lib/wii/libwiiuse.a(ir.o)
 .text.rotate_dots
                0x0000000080009974       0xf8 /home/devkitpro/libogc/lib/wii/libwiiuse.a(ir.o)
 .text.wiiuse_set_ir_mode
                0x0000000080009a6c       0x60 /home/devkitpro/libogc/lib/wii/libwiiuse.a(ir.o)
                0x0000000080009a6c                wiiuse_set_ir_mode
 .text.wiiuse_set_ir
                0x0000000080009acc      0x19c /home/devkitpro/libogc/lib/wii/libwiiuse.a(ir.o)
                0x0000000080009acc                wiiuse_set_ir
 .text.wiiuse_set_ir_position
                0x0000000080009c68       0x78 /home/devkitpro/libogc/lib/wii/libwiiuse.a(ir.o)
                0x0000000080009c68                wiiuse_set_ir_position
 .text.wiiuse_set_aspect_ratio
                0x0000000080009ce0       0x3c /home/devkitpro/libogc/lib/wii/libwiiuse.a(ir.o)
                0x0000000080009ce0                wiiuse_set_aspect_ratio
 .text.wiiuse_set_ir_sensitivity
                0x0000000080009d1c       0xf0 /home/devkitpro/libogc/lib/wii/libwiiuse.a(ir.o)
                0x0000000080009d1c                wiiuse_set_ir_sensitivity
 .text.calculate_basic_ir
                0x0000000080009e0c       0xf4 /home/devkitpro/libogc/lib/wii/libwiiuse.a(ir.o)
                0x0000000080009e0c                calculate_basic_ir
 .text.calculate_extended_ir
                0x0000000080009f00       0x7c /home/devkitpro/libogc/lib/wii/libwiiuse.a(ir.o)
                0x0000000080009f00                calculate_extended_ir
 .text.find_sensorbar
                0x0000000080009f7c      0x7f4 /home/devkitpro/libogc/lib/wii/libwiiuse.a(ir.o)
                0x0000000080009f7c                find_sensorbar
 .text.apply_ir_smoothing
                0x000000008000a770       0xcc /home/devkitpro/libogc/lib/wii/libwiiuse.a(ir.o)
                0x000000008000a770                apply_ir_smoothing
 .text.calc_yaw
                0x000000008000a83c       0x54 /home/devkitpro/libogc/lib/wii/libwiiuse.a(ir.o)
                0x000000008000a83c                calc_yaw
 .text.interpret_ir_data
                0x000000008000a890      0x35c /home/devkitpro/libogc/lib/wii/libwiiuse.a(ir.o)
                0x000000008000a890                interpret_ir_data
 .text.nunchuk_handshake
                0x000000008000abec      0x228 /home/devkitpro/libogc/lib/wii/libwiiuse.a(nunchuk.o)
                0x000000008000abec                nunchuk_handshake
 .text.nunchuk_disconnected
                0x000000008000ae14        0xc /home/devkitpro/libogc/lib/wii/libwiiuse.a(nunchuk.o)
                0x000000008000ae14                nunchuk_disconnected
 .text.nunchuk_event
                0x000000008000ae20       0xdc /home/devkitpro/libogc/lib/wii/libwiiuse.a(nunchuk.o)
                0x000000008000ae20                nunchuk_event
 .text.wii_board_handshake
                0x000000008000aefc      0x16c /home/devkitpro/libogc/lib/wii/libwiiuse.a(wiiboard.o)
                0x000000008000aefc                wii_board_handshake
 .text.wii_board_disconnected
                0x000000008000b068        0xc /home/devkitpro/libogc/lib/wii/libwiiuse.a(wiiboard.o)
                0x000000008000b068                wii_board_disconnected
 .text.wii_board_event
                0x000000008000b074       0x54 /home/devkitpro/libogc/lib/wii/libwiiuse.a(wiiboard.o)
                0x000000008000b074                wii_board_event
 .text.wiiuse_send_next_command
                0x000000008000b0c8       0x50 /home/devkitpro/libogc/lib/wii/libwiiuse.a(wiiuse.o)
                0x000000008000b0c8                wiiuse_send_next_command
 .text.__wiiuse_push_command
                0x000000008000b118       0x90 /home/devkitpro/libogc/lib/wii/libwiiuse.a(wiiuse.o)
 .text.wiiuse_init
                0x000000008000b1a8      0x158 /home/devkitpro/libogc/lib/wii/libwiiuse.a(wiiuse.o)
                0x000000008000b1a8                wiiuse_init
 .text.wiiuse_set_flags
                0x000000008000b300       0x24 /home/devkitpro/libogc/lib/wii/libwiiuse.a(wiiuse.o)
                0x000000008000b300                wiiuse_set_flags
 .text.wiiuse_read_data
                0x000000008000b324       0x94 /home/devkitpro/libogc/lib/wii/libwiiuse.a(wiiuse.o)
                0x000000008000b324                wiiuse_read_data
 .text.wiiuse_write_data
                0x000000008000b3b8       0xc4 /home/devkitpro/libogc/lib/wii/libwiiuse.a(wiiuse.o)
                0x000000008000b3b8                wiiuse_write_data
 .text.wiiuse_sendcmd
                0x000000008000b47c       0x8c /home/devkitpro/libogc/lib/wii/libwiiuse.a(wiiuse.o)
                0x000000008000b47c                wiiuse_sendcmd
 .text.wiiuse_set_leds
                0x000000008000b508       0x50 /home/devkitpro/libogc/lib/wii/libwiiuse.a(wiiuse.o)
                0x000000008000b508                wiiuse_set_leds
 .text.wiiuse_set_report_type
                0x000000008000b558       0xd8 /home/devkitpro/libogc/lib/wii/libwiiuse.a(wiiuse.o)
                0x000000008000b558                wiiuse_set_report_type
 .text.wiiuse_status
                0x000000008000b630       0x4c /home/devkitpro/libogc/lib/wii/libwiiuse.a(wiiuse.o)
                0x000000008000b630                wiiuse_status
 .text.wiiuse_motion_sensing
                0x000000008000b67c       0x3c /home/devkitpro/libogc/lib/wii/libwiiuse.a(wiiuse.o)
                0x000000008000b67c                wiiuse_motion_sensing
 .text.wiiuse_set_speaker
                0x000000008000b6b8      0x1f0 /home/devkitpro/libogc/lib/wii/libwiiuse.a(speaker.o)
                0x000000008000b6b8                wiiuse_set_speaker
 .text.classic_ctrl_handshake
                0x000000008000b8a8      0x17c /home/devkitpro/libogc/lib/wii/libwiiuse.a(classic.o)
                0x000000008000b8a8                classic_ctrl_handshake
 .text.classic_ctrl_disconnected
                0x000000008000ba24        0xc /home/devkitpro/libogc/lib/wii/libwiiuse.a(classic.o)
                0x000000008000ba24                classic_ctrl_disconnected
 .text.classic_ctrl_event
                0x000000008000ba30       0xa0 /home/devkitpro/libogc/lib/wii/libwiiuse.a(classic.o)
                0x000000008000ba30                classic_ctrl_event
 .text.handle_expansion
                0x000000008000bad0       0x44 /home/devkitpro/libogc/lib/wii/libwiiuse.a(events.o)
 .text.wiiuse_pressed_buttons
                0x000000008000bb14       0x2c /home/devkitpro/libogc/lib/wii/libwiiuse.a(events.o)
                0x000000008000bb14                wiiuse_pressed_buttons
 .text.parse_event
                0x000000008000bb40      0x578 /home/devkitpro/libogc/lib/wii/libwiiuse.a(events.o)
                0x000000008000bb40                parse_event
 .text.guitar_hero_3_handshake
                0x000000008000c0b8       0x68 /home/devkitpro/libogc/lib/wii/libwiiuse.a(guitar_hero_3.o)
                0x000000008000c0b8                guitar_hero_3_handshake
 .text.guitar_hero_3_disconnected
                0x000000008000c120        0xc /home/devkitpro/libogc/lib/wii/libwiiuse.a(guitar_hero_3.o)
                0x000000008000c120                guitar_hero_3_disconnected
 .text.guitar_hero_3_event
                0x000000008000c12c       0x64 /home/devkitpro/libogc/lib/wii/libwiiuse.a(guitar_hero_3.o)
                0x000000008000c12c                guitar_hero_3_event
 .text.acl_wlp_completed
                0x000000008000c190        0x8 /home/devkitpro/libogc/lib/wii/libbte.a(bte.o)
                0x000000008000c190                acl_wlp_completed
 .text.bt_alarmhandler
                0x000000008000c198       0x60 /home/devkitpro/libogc/lib/wii/libbte.a(bte.o)
 .text.__bte_cmdfinish
                0x000000008000c1f8       0x9c /home/devkitpro/libogc/lib/wii/libbte.a(bte.o)
 .text.__bte_shutdown_finished
                0x000000008000c294       0x60 /home/devkitpro/libogc/lib/wii/libbte.a(bte.o)
 .text.bte_hci_apply_patch_complete
                0x000000008000c2f4       0xa8 /home/devkitpro/libogc/lib/wii/libbte.a(bte.o)
                0x000000008000c2f4                bte_hci_apply_patch_complete
 .text.__bte_send_pending_request
                0x000000008000c39c       0xc0 /home/devkitpro/libogc/lib/wii/libbte.a(bte.o)
 .text.__bte_close_ctrl_queue
                0x000000008000c45c       0x80 /home/devkitpro/libogc/lib/wii/libbte.a(bte.o)
 .text.acl_conn_complete
                0x000000008000c4dc       0x2c /home/devkitpro/libogc/lib/wii/libbte.a(bte.o)
                0x000000008000c4dc                acl_conn_complete
 .text.bte_hci_initcore_complete2
                0x000000008000c508       0xf0 /home/devkitpro/libogc/lib/wii/libbte.a(bte.o)
                0x000000008000c508                bte_hci_initcore_complete2
 .text.bte_hci_initcore_complete
                0x000000008000c5f8      0x150 /home/devkitpro/libogc/lib/wii/libbte.a(bte.o)
                0x000000008000c5f8                bte_hci_initcore_complete
 .text.bte_hci_patch_complete
                0x000000008000c748      0x1b0 /home/devkitpro/libogc/lib/wii/libbte.a(bte.o)
                0x000000008000c748                bte_hci_patch_complete
 .text.bte_hci_initsub_complete
                0x000000008000c8f8      0x12c /home/devkitpro/libogc/lib/wii/libbte.a(bte.o)
                0x000000008000c8f8                bte_hci_initsub_complete
 .text.bte_read_stored_link_key_complete
                0x000000008000ca24      0x10c /home/devkitpro/libogc/lib/wii/libbte.a(bte.o)
                0x000000008000ca24                bte_read_stored_link_key_complete
 .text.l2cap_disconnected_ind
                0x000000008000cb30       0xb0 /home/devkitpro/libogc/lib/wii/libbte.a(bte.o)
                0x000000008000cb30                l2cap_disconnected_ind
 .text.bte_process_input
                0x000000008000cbe0       0xf8 /home/devkitpro/libogc/lib/wii/libbte.a(bte.o)
 .text.l2cap_disconnect_cfm
                0x000000008000ccd8       0xd8 /home/devkitpro/libogc/lib/wii/libbte.a(bte.o)
                0x000000008000ccd8                l2cap_disconnect_cfm
 .text.l2cap_accepted
                0x000000008000cdb0       0xd4 /home/devkitpro/libogc/lib/wii/libbte.a(bte.o)
                0x000000008000cdb0                l2cap_accepted
 .text.__bte_waitcmdfinish.constprop.7
                0x000000008000ce84       0x7c /home/devkitpro/libogc/lib/wii/libbte.a(bte.o)
 .text.BTE_Init
                0x000000008000cf00      0x118 /home/devkitpro/libogc/lib/wii/libbte.a(bte.o)
                0x000000008000cf00                BTE_Init
 .text.BTE_Shutdown
                0x000000008000d018       0xa8 /home/devkitpro/libogc/lib/wii/libbte.a(bte.o)
                0x000000008000d018                BTE_Shutdown
 .text.BTE_InitCore
                0x000000008000d0c0       0x80 /home/devkitpro/libogc/lib/wii/libbte.a(bte.o)
                0x000000008000d0c0                BTE_InitCore
 .text.BTE_ApplyPatch
                0x000000008000d140       0x9c /home/devkitpro/libogc/lib/wii/libbte.a(bte.o)
                0x000000008000d140                BTE_ApplyPatch
 .text.BTE_InitSub
                0x000000008000d1dc       0x84 /home/devkitpro/libogc/lib/wii/libbte.a(bte.o)
                0x000000008000d1dc                BTE_InitSub
 .text.BTE_ReadStoredLinkKey
                0x000000008000d260       0x88 /home/devkitpro/libogc/lib/wii/libbte.a(bte.o)
                0x000000008000d260                BTE_ReadStoredLinkKey
 .text.BTE_SetDisconnectCallback
                0x000000008000d2e8        0x4 /home/devkitpro/libogc/lib/wii/libbte.a(bte.o)
                0x000000008000d2e8                BTE_SetDisconnectCallback
 .text.bte_new  0x000000008000d2ec       0x48 /home/devkitpro/libogc/lib/wii/libbte.a(bte.o)
                0x000000008000d2ec                bte_new
 .text.bte_registerdeviceasync
                0x000000008000d334      0x12c /home/devkitpro/libogc/lib/wii/libbte.a(bte.o)
                0x000000008000d334                bte_registerdeviceasync
 .text.bte_disconnect
                0x000000008000d460       0x94 /home/devkitpro/libogc/lib/wii/libbte.a(bte.o)
                0x000000008000d460                bte_disconnect
 .text.bte_senddata
                0x000000008000d4f4       0xb8 /home/devkitpro/libogc/lib/wii/libbte.a(bte.o)
                0x000000008000d4f4                bte_senddata
 .text.bte_arg  0x000000008000d5ac       0x40 /home/devkitpro/libogc/lib/wii/libbte.a(bte.o)
                0x000000008000d5ac                bte_arg
 .text.bte_received
                0x000000008000d5ec       0x40 /home/devkitpro/libogc/lib/wii/libbte.a(bte.o)
                0x000000008000d5ec                bte_received
 .text.bte_disconnected
                0x000000008000d62c       0x40 /home/devkitpro/libogc/lib/wii/libbte.a(bte.o)
                0x000000008000d62c                bte_disconnected
 .text.hci_init
                0x000000008000d66c       0x7c /home/devkitpro/libogc/lib/wii/libbte.a(hci.o)
                0x000000008000d66c                hci_init
 .text.hci_new  0x000000008000d6e8       0x38 /home/devkitpro/libogc/lib/wii/libbte.a(hci.o)
                0x000000008000d6e8                hci_new
 .text.hci_get_link
                0x000000008000d720       0x7c /home/devkitpro/libogc/lib/wii/libbte.a(hci.o)
                0x000000008000d720                hci_get_link
 .text.hci_close
                0x000000008000d79c       0xc8 /home/devkitpro/libogc/lib/wii/libbte.a(hci.o)
                0x000000008000d79c                hci_close
 .text.hci_reset_all
                0x000000008000d864       0x98 /home/devkitpro/libogc/lib/wii/libbte.a(hci.o)
                0x000000008000d864                hci_reset_all
 .text.hci_arg  0x000000008000d8fc        0xc /home/devkitpro/libogc/lib/wii/libbte.a(hci.o)
                0x000000008000d8fc                hci_arg
 .text.hci_cmd_complete
                0x000000008000d908        0xc /home/devkitpro/libogc/lib/wii/libbte.a(hci.o)
                0x000000008000d908                hci_cmd_complete
 .text.hci_connection_complete
                0x000000008000d914        0xc /home/devkitpro/libogc/lib/wii/libbte.a(hci.o)
                0x000000008000d914                hci_connection_complete
 .text.hci_wlp_complete
                0x000000008000d920        0xc /home/devkitpro/libogc/lib/wii/libbte.a(hci.o)
                0x000000008000d920                hci_wlp_complete
 .text.hci_cmd_ass
                0x000000008000d92c       0x4c /home/devkitpro/libogc/lib/wii/libbte.a(hci.o)
                0x000000008000d92c                hci_cmd_ass
 .text.hci_reset
                0x000000008000d978       0x60 /home/devkitpro/libogc/lib/wii/libbte.a(hci.o)
                0x000000008000d978                hci_reset
 .text.hci_read_buffer_size
                0x000000008000d9d8       0x60 /home/devkitpro/libogc/lib/wii/libbte.a(hci.o)
                0x000000008000d9d8                hci_read_buffer_size
 .text.hci_read_bd_addr
                0x000000008000da38       0x60 /home/devkitpro/libogc/lib/wii/libbte.a(hci.o)
                0x000000008000da38                hci_read_bd_addr
 .text.hci_read_local_version
                0x000000008000da98       0x60 /home/devkitpro/libogc/lib/wii/libbte.a(hci.o)
                0x000000008000da98                hci_read_local_version
 .text.hci_read_local_features
                0x000000008000daf8       0x60 /home/devkitpro/libogc/lib/wii/libbte.a(hci.o)
                0x000000008000daf8                hci_read_local_features
 .text.hci_read_stored_link_key
                0x000000008000db58       0xa8 /home/devkitpro/libogc/lib/wii/libbte.a(hci.o)
                0x000000008000db58                hci_read_stored_link_key
 .text.hci_write_page_timeout
                0x000000008000dc00       0x7c /home/devkitpro/libogc/lib/wii/libbte.a(hci.o)
                0x000000008000dc00                hci_write_page_timeout
 .text.hci_write_scan_enable
                0x000000008000dc7c       0x6c /home/devkitpro/libogc/lib/wii/libbte.a(hci.o)
                0x000000008000dc7c                hci_write_scan_enable
 .text.hci_accecpt_conn_request
                0x000000008000dce8       0x80 /home/devkitpro/libogc/lib/wii/libbte.a(hci.o)
                0x000000008000dce8                hci_accecpt_conn_request
 .text.hci_write_local_name
                0x000000008000dd68       0x80 /home/devkitpro/libogc/lib/wii/libbte.a(hci.o)
                0x000000008000dd68                hci_write_local_name
 .text.hci_write_pin_type
                0x000000008000dde8       0x6c /home/devkitpro/libogc/lib/wii/libbte.a(hci.o)
                0x000000008000dde8                hci_write_pin_type
 .text.hci_write_inquiry_mode
                0x000000008000de54       0x6c /home/devkitpro/libogc/lib/wii/libbte.a(hci.o)
                0x000000008000de54                hci_write_inquiry_mode
 .text.hci_write_page_scan_type
                0x000000008000dec0       0x6c /home/devkitpro/libogc/lib/wii/libbte.a(hci.o)
                0x000000008000dec0                hci_write_page_scan_type
 .text.hci_write_inquiry_scan_type
                0x000000008000df2c       0x6c /home/devkitpro/libogc/lib/wii/libbte.a(hci.o)
                0x000000008000df2c                hci_write_inquiry_scan_type
 .text.hci_vendor_specific_command
                0x000000008000df98       0x8c /home/devkitpro/libogc/lib/wii/libbte.a(hci.o)
                0x000000008000df98                hci_vendor_specific_command
 .text.hci_write_link_policy_settings
                0x000000008000e024       0xa8 /home/devkitpro/libogc/lib/wii/libbte.a(hci.o)
                0x000000008000e024                hci_write_link_policy_settings
 .text.hci_pin_code_request_neg_reply
                0x000000008000e0cc       0x74 /home/devkitpro/libogc/lib/wii/libbte.a(hci.o)
                0x000000008000e0cc                hci_pin_code_request_neg_reply
 .text.hci_disconnect
                0x000000008000e140       0x9c /home/devkitpro/libogc/lib/wii/libbte.a(hci.o)
                0x000000008000e140                hci_disconnect
 .text.hci_write_cod
                0x000000008000e1dc       0x78 /home/devkitpro/libogc/lib/wii/libbte.a(hci.o)
                0x000000008000e1dc                hci_write_cod
 .text.hci_host_buffer_size
                0x000000008000e254       0xcc /home/devkitpro/libogc/lib/wii/libbte.a(hci.o)
                0x000000008000e254                hci_host_buffer_size
 .text.hci_host_num_comp_packets
                0x000000008000e320       0xb0 /home/devkitpro/libogc/lib/wii/libbte.a(hci.o)
                0x000000008000e320                hci_host_num_comp_packets
 .text.lp_pdu_maxsize
                0x000000008000e3d0        0xc /home/devkitpro/libogc/lib/wii/libbte.a(hci.o)
                0x000000008000e3d0                lp_pdu_maxsize
 .text.lp_acl_write
                0x000000008000e3dc      0x120 /home/devkitpro/libogc/lib/wii/libbte.a(hci.o)
                0x000000008000e3dc                lp_acl_write
 .text.lp_write_flush_timeout
                0x000000008000e4fc       0xa8 /home/devkitpro/libogc/lib/wii/libbte.a(hci.o)
                0x000000008000e4fc                lp_write_flush_timeout
 .text.hci_event_handler
                0x000000008000e5a4      0xa78 /home/devkitpro/libogc/lib/wii/libbte.a(hci.o)
                0x000000008000e5a4                hci_event_handler
 .text.hci_acldata_handler
                0x000000008000f01c       0xd8 /home/devkitpro/libogc/lib/wii/libbte.a(hci.o)
                0x000000008000f01c                hci_acldata_handler
 .text.l2cap_cid_alloc
                0x000000008000f0f4       0x4c /home/devkitpro/libogc/lib/wii/libbte.a(l2cap.o)
 .text.l2cap_init
                0x000000008000f140       0x60 /home/devkitpro/libogc/lib/wii/libbte.a(l2cap.o)
                0x000000008000f140                l2cap_init
 .text.l2cap_write
                0x000000008000f1a0       0xd8 /home/devkitpro/libogc/lib/wii/libbte.a(l2cap.o)
                0x000000008000f1a0                l2cap_write
 .text.l2cap_new
                0x000000008000f278       0x68 /home/devkitpro/libogc/lib/wii/libbte.a(l2cap.o)
                0x000000008000f278                l2cap_new
 .text.l2cap_close
                0x000000008000f2e0      0x16c /home/devkitpro/libogc/lib/wii/libbte.a(l2cap.o)
                0x000000008000f2e0                l2cap_close
 .text.l2cap_reset_all
                0x000000008000f44c      0x108 /home/devkitpro/libogc/lib/wii/libbte.a(l2cap.o)
                0x000000008000f44c                l2cap_reset_all
 .text.l2cap_rexmit_signal
                0x000000008000f554       0x10 /home/devkitpro/libogc/lib/wii/libbte.a(l2cap.o)
                0x000000008000f554                l2cap_rexmit_signal
 .text.l2ca_datawrite
                0x000000008000f564       0xf8 /home/devkitpro/libogc/lib/wii/libbte.a(l2cap.o)
                0x000000008000f564                l2ca_datawrite
 .text.lp_connect_ind
                0x000000008000f65c        0x4 /home/devkitpro/libogc/lib/wii/libbte.a(l2cap.o)
                0x000000008000f65c                lp_connect_ind
 .text.lp_disconnect_ind
                0x000000008000f660       0xf4 /home/devkitpro/libogc/lib/wii/libbte.a(l2cap.o)
                0x000000008000f660                lp_disconnect_ind
 .text.l2cap_disconnect_bb
                0x000000008000f754       0x10 /home/devkitpro/libogc/lib/wii/libbte.a(l2cap.o)
                0x000000008000f754                l2cap_disconnect_bb
 .text.l2cap_next_sigid
                0x000000008000f764       0x28 /home/devkitpro/libogc/lib/wii/libbte.a(l2cap.o)
                0x000000008000f764                l2cap_next_sigid
 .text.l2cap_signal
                0x000000008000f78c      0x188 /home/devkitpro/libogc/lib/wii/libbte.a(l2cap.o)
                0x000000008000f78c                l2cap_signal
 .text.l2ca_config_req
                0x000000008000f914      0x10c /home/devkitpro/libogc/lib/wii/libbte.a(l2cap.o)
                0x000000008000f914                l2ca_config_req
 .text.l2ca_disconnect_req
                0x000000008000fa20       0xb4 /home/devkitpro/libogc/lib/wii/libbte.a(l2cap.o)
                0x000000008000fa20                l2ca_disconnect_req
 .text.l2cap_tmr
                0x000000008000fad4      0x1e8 /home/devkitpro/libogc/lib/wii/libbte.a(l2cap.o)
                0x000000008000fad4                l2cap_tmr
 .text.l2cap_process_sig
                0x000000008000fcbc     0x103c /home/devkitpro/libogc/lib/wii/libbte.a(l2cap.o)
                0x000000008000fcbc                l2cap_process_sig
 .text.lp_connect_cfm
                0x0000000080010cf8      0x134 /home/devkitpro/libogc/lib/wii/libbte.a(l2cap.o)
                0x0000000080010cf8                lp_connect_cfm
 .text.l2cap_input
                0x0000000080010e2c      0x504 /home/devkitpro/libogc/lib/wii/libbte.a(l2cap.o)
                0x0000000080010e2c                l2cap_input
 .text.l2cap_arg
                0x0000000080011330        0x8 /home/devkitpro/libogc/lib/wii/libbte.a(l2cap.o)
                0x0000000080011330                l2cap_arg
 .text.l2cap_connect_ind
                0x0000000080011338       0xdc /home/devkitpro/libogc/lib/wii/libbte.a(l2cap.o)
                0x0000000080011338                l2cap_connect_ind
 .text.l2cap_disconnect_ind
                0x0000000080011414        0x8 /home/devkitpro/libogc/lib/wii/libbte.a(l2cap.o)
                0x0000000080011414                l2cap_disconnect_ind
 .text.l2cap_recv
                0x000000008001141c        0x8 /home/devkitpro/libogc/lib/wii/libbte.a(l2cap.o)
                0x000000008001141c                l2cap_recv
 .text.btmemb_init
                0x0000000080011424       0x24 /home/devkitpro/libogc/lib/wii/libbte.a(btmemb.o)
                0x0000000080011424                btmemb_init
 .text.btmemb_alloc
                0x0000000080011448       0x9c /home/devkitpro/libogc/lib/wii/libbte.a(btmemb.o)
                0x0000000080011448                btmemb_alloc
 .text.btmemb_free
                0x00000000800114e4       0xa4 /home/devkitpro/libogc/lib/wii/libbte.a(btmemb.o)
                0x00000000800114e4                btmemb_free
 .text.plug_holes
                0x0000000080011588       0xa8 /home/devkitpro/libogc/lib/wii/libbte.a(btmemr.o)
 .text.btmemr_init
                0x0000000080011630       0x94 /home/devkitpro/libogc/lib/wii/libbte.a(btmemr.o)
                0x0000000080011630                btmemr_init
 .text.btmemr_malloc
                0x00000000800116c4      0x158 /home/devkitpro/libogc/lib/wii/libbte.a(btmemr.o)
                0x00000000800116c4                btmemr_malloc
 .text.btmemr_free
                0x000000008001181c       0x94 /home/devkitpro/libogc/lib/wii/libbte.a(btmemr.o)
                0x000000008001181c                btmemr_free
 .text.btmemr_realloc
                0x00000000800118b0       0xfc /home/devkitpro/libogc/lib/wii/libbte.a(btmemr.o)
                0x00000000800118b0                btmemr_realloc
 .text.btpbuf_init
                0x00000000800119ac       0x28 /home/devkitpro/libogc/lib/wii/libbte.a(btpbuf.o)
                0x00000000800119ac                btpbuf_init
 .text.btpbuf_free
                0x00000000800119d4       0xd0 /home/devkitpro/libogc/lib/wii/libbte.a(btpbuf.o)
                0x00000000800119d4                btpbuf_free
 .text.btpbuf_alloc
                0x0000000080011aa4      0x1bc /home/devkitpro/libogc/lib/wii/libbte.a(btpbuf.o)
                0x0000000080011aa4                btpbuf_alloc
 .text.btpbuf_realloc
                0x0000000080011c60       0xa0 /home/devkitpro/libogc/lib/wii/libbte.a(btpbuf.o)
                0x0000000080011c60                btpbuf_realloc
 .text.btpbuf_header
                0x0000000080011d00       0x84 /home/devkitpro/libogc/lib/wii/libbte.a(btpbuf.o)
                0x0000000080011d00                btpbuf_header
 .text.btpbuf_ref
                0x0000000080011d84       0x50 /home/devkitpro/libogc/lib/wii/libbte.a(btpbuf.o)
                0x0000000080011d84                btpbuf_ref
 .text.btpbuf_cat
                0x0000000080011dd4       0x48 /home/devkitpro/libogc/lib/wii/libbte.a(btpbuf.o)
                0x0000000080011dd4                btpbuf_cat
 .text.btpbuf_chain
                0x0000000080011e1c       0x30 /home/devkitpro/libogc/lib/wii/libbte.a(btpbuf.o)
                0x0000000080011e1c                btpbuf_chain
 .text.btpbuf_dechain
                0x0000000080011e4c       0x60 /home/devkitpro/libogc/lib/wii/libbte.a(btpbuf.o)
                0x0000000080011e4c                btpbuf_dechain
 .text.btpbuf_take
                0x0000000080011eac       0xec /home/devkitpro/libogc/lib/wii/libbte.a(btpbuf.o)
                0x0000000080011eac                btpbuf_take
 .text.__usb_closeCB
                0x0000000080011f98       0x10 /home/devkitpro/libogc/lib/wii/libbte.a(physbusif.o)
 .text.__writebulkmsgCB
                0x0000000080011fa8       0x30 /home/devkitpro/libogc/lib/wii/libbte.a(physbusif.o)
 .text.__writectrlmsgCB
                0x0000000080011fd8       0x30 /home/devkitpro/libogc/lib/wii/libbte.a(physbusif.o)
 .text.__issue_intrread.part.0
                0x0000000080012008       0x80 /home/devkitpro/libogc/lib/wii/libbte.a(physbusif.o)
 .text.__readintrdataCB
                0x0000000080012088      0x104 /home/devkitpro/libogc/lib/wii/libbte.a(physbusif.o)
 .text.__issue_bulkread.part.2
                0x000000008001218c       0x80 /home/devkitpro/libogc/lib/wii/libbte.a(physbusif.o)
 .text.__readbulkdataCB
                0x000000008001220c      0x104 /home/devkitpro/libogc/lib/wii/libbte.a(physbusif.o)
 .text.physbusif_init
                0x0000000080012310      0x1ac /home/devkitpro/libogc/lib/wii/libbte.a(physbusif.o)
                0x0000000080012310                physbusif_init
 .text.physbusif_close
                0x00000000800124bc       0x28 /home/devkitpro/libogc/lib/wii/libbte.a(physbusif.o)
                0x00000000800124bc                physbusif_close
 .text.physbusif_shutdown
                0x00000000800124e4       0x24 /home/devkitpro/libogc/lib/wii/libbte.a(physbusif.o)
                0x00000000800124e4                physbusif_shutdown
 .text.physbusif_reset_all
                0x0000000080012508        0x4 /home/devkitpro/libogc/lib/wii/libbte.a(physbusif.o)
                0x0000000080012508                physbusif_reset_all
 .text.physbusif_output
                0x000000008001250c      0x14c /home/devkitpro/libogc/lib/wii/libbte.a(physbusif.o)
                0x000000008001250c                physbusif_output
 .text.Do3Band  0x0000000080012658      0x118 /home/devkitpro/libogc/lib/wii/libmad.a(mp3player.o)
 .text._mp3ramcopy
                0x0000000080012770       0x68 /home/devkitpro/libogc/lib/wii/libmad.a(mp3player.o)
 .text.buf_get.constprop.5
                0x00000000800127d8      0x160 /home/devkitpro/libogc/lib/wii/libmad.a(mp3player.o)
 .text.DataTransferCallback
                0x0000000080012938       0xfc /home/devkitpro/libogc/lib/wii/libmad.a(mp3player.o)
 .text.StreamPlay
                0x0000000080012a34      0x538 /home/devkitpro/libogc/lib/wii/libmad.a(mp3player.o)
 .text.MP3Player_Init
                0x0000000080012f6c       0x3c /home/devkitpro/libogc/lib/wii/libmad.a(mp3player.o)
                0x0000000080012f6c                MP3Player_Init
 .text.MP3Player_PlayBuffer
                0x0000000080012fa8       0x88 /home/devkitpro/libogc/lib/wii/libmad.a(mp3player.o)
                0x0000000080012fa8                MP3Player_PlayBuffer
 .text.decode_header
                0x0000000080013030      0x280 /home/devkitpro/libogc/lib/wii/libmad.a(frame.o)
 .text.mad_header_init
                0x00000000800132b0       0x40 /home/devkitpro/libogc/lib/wii/libmad.a(frame.o)
                0x00000000800132b0                mad_header_init
 .text.mad_frame_finish
                0x00000000800132f0       0x34 /home/devkitpro/libogc/lib/wii/libmad.a(frame.o)
                0x00000000800132f0                mad_frame_finish
 .text.mad_header_decode
                0x0000000080013324      0x3e0 /home/devkitpro/libogc/lib/wii/libmad.a(frame.o)
                0x0000000080013324                mad_header_decode
 .text.mad_frame_decode
                0x0000000080013704       0xec /home/devkitpro/libogc/lib/wii/libmad.a(frame.o)
                0x0000000080013704                mad_frame_decode
 .text.mad_frame_mute
                0x00000000800137f0       0xc0 /home/devkitpro/libogc/lib/wii/libmad.a(frame.o)
                0x00000000800137f0                mad_frame_mute
 .text.mad_frame_init
                0x00000000800138b0       0x3c /home/devkitpro/libogc/lib/wii/libmad.a(frame.o)
                0x00000000800138b0                mad_frame_init
 .text.I_sample
                0x00000000800138ec       0x74 /home/devkitpro/libogc/lib/wii/libmad.a(layer12.o)
 .text.II_samples
                0x0000000080013960       0xf4 /home/devkitpro/libogc/lib/wii/libmad.a(layer12.o)
 .text.mad_layer_I
                0x0000000080013a54      0x32c /home/devkitpro/libogc/lib/wii/libmad.a(layer12.o)
                0x0000000080013a54                mad_layer_I
 .text.mad_layer_II
                0x0000000080013d80      0x630 /home/devkitpro/libogc/lib/wii/libmad.a(layer12.o)
                0x0000000080013d80                mad_layer_II
 .text.III_requantize
                0x00000000800143b0       0x9c /home/devkitpro/libogc/lib/wii/libmad.a(layer3.o)
 .text.III_aliasreduce
                0x000000008001444c       0xc0 /home/devkitpro/libogc/lib/wii/libmad.a(layer3.o)
 .text.III_imdct_l
                0x000000008001450c     0x17a8 /home/devkitpro/libogc/lib/wii/libmad.a(layer3.o)
 .text.III_imdct_s
                0x0000000080015cb4      0x280 /home/devkitpro/libogc/lib/wii/libmad.a(layer3.o)
 .text.III_overlap
                0x0000000080015f34       0x40 /home/devkitpro/libogc/lib/wii/libmad.a(layer3.o)
 .text.III_freqinver
                0x0000000080015f74       0x64 /home/devkitpro/libogc/lib/wii/libmad.a(layer3.o)
 .text.III_decode
                0x0000000080015fd8     0x18f8 /home/devkitpro/libogc/lib/wii/libmad.a(layer3.o)
 .text.mad_layer_III
                0x00000000800178d0      0x674 /home/devkitpro/libogc/lib/wii/libmad.a(layer3.o)
                0x00000000800178d0                mad_layer_III
 .text.mad_stream_init
                0x0000000080017f44       0x68 /home/devkitpro/libogc/lib/wii/libmad.a(stream.o)
                0x0000000080017f44                mad_stream_init
 .text.mad_stream_finish
                0x0000000080017fac       0x34 /home/devkitpro/libogc/lib/wii/libmad.a(stream.o)
                0x0000000080017fac                mad_stream_finish
 .text.mad_stream_buffer
                0x0000000080017fe0       0x24 /home/devkitpro/libogc/lib/wii/libmad.a(stream.o)
                0x0000000080017fe0                mad_stream_buffer
 .text.mad_stream_sync
                0x0000000080018004       0x9c /home/devkitpro/libogc/lib/wii/libmad.a(stream.o)
                0x0000000080018004                mad_stream_sync
 .text.dct32    0x00000000800180a0      0xcf4 /home/devkitpro/libogc/lib/wii/libmad.a(synth.o)
 .text.synth_full
                0x0000000080018d94      0x804 /home/devkitpro/libogc/lib/wii/libmad.a(synth.o)
 .text.synth_half
                0x0000000080019598      0x820 /home/devkitpro/libogc/lib/wii/libmad.a(synth.o)
 .text.mad_synth_mute
                0x0000000080019db8       0x5c /home/devkitpro/libogc/lib/wii/libmad.a(synth.o)
                0x0000000080019db8                mad_synth_mute
 .text.mad_synth_init
                0x0000000080019e14       0x34 /home/devkitpro/libogc/lib/wii/libmad.a(synth.o)
                0x0000000080019e14                mad_synth_init
 .text.mad_synth_frame
                0x0000000080019e48       0xc4 /home/devkitpro/libogc/lib/wii/libmad.a(synth.o)
                0x0000000080019e48                mad_synth_frame
 .text.scale_rational
                0x0000000080019f0c       0xf0 /home/devkitpro/libogc/lib/wii/libmad.a(timer.o)
 .text.mad_timer_set
                0x0000000080019ffc      0x17c /home/devkitpro/libogc/lib/wii/libmad.a(timer.o)
                0x0000000080019ffc                mad_timer_set
 .text.mad_timer_add
                0x000000008001a178       0x54 /home/devkitpro/libogc/lib/wii/libmad.a(timer.o)
                0x000000008001a178                mad_timer_add
 .text.mad_bit_init
                0x000000008001a1cc       0x18 /home/devkitpro/libogc/lib/wii/libmad.a(bit.o)
                0x000000008001a1cc                mad_bit_init
 .text.mad_bit_length
                0x000000008001a1e4       0x2c /home/devkitpro/libogc/lib/wii/libmad.a(bit.o)
                0x000000008001a1e4                mad_bit_length
 .text.mad_bit_nextbyte
                0x000000008001a210       0x18 /home/devkitpro/libogc/lib/wii/libmad.a(bit.o)
                0x000000008001a210                mad_bit_nextbyte
 .text.mad_bit_skip
                0x000000008001a228       0x58 /home/devkitpro/libogc/lib/wii/libmad.a(bit.o)
                0x000000008001a228                mad_bit_skip
 .text.mad_bit_read
                0x000000008001a280       0xbc /home/devkitpro/libogc/lib/wii/libmad.a(bit.o)
                0x000000008001a280                mad_bit_read
 .text.mad_bit_crc
                0x000000008001a33c      0x194 /home/devkitpro/libogc/lib/wii/libmad.a(bit.o)
                0x000000008001a33c                mad_bit_crc
 .text.__dsp_donecallback
                0x000000008001a4d0        0xc /home/devkitpro/libogc/lib/wii/libasnd.a(asndlib.o)
 .text.__dsp_initcallback
                0x000000008001a4dc       0x58 /home/devkitpro/libogc/lib/wii/libasnd.a(asndlib.o)
 .text.audio_dma_callback
                0x000000008001a534      0x51c /home/devkitpro/libogc/lib/wii/libasnd.a(asndlib.o)
 .text.__dsp_requestcallback
                0x000000008001aa50      0x5d8 /home/devkitpro/libogc/lib/wii/libasnd.a(asndlib.o)
 .text.ASND_Init
                0x000000008001b028      0x1c8 /home/devkitpro/libogc/lib/wii/libasnd.a(asndlib.o)
                0x000000008001b028                ASND_Init
 .text.ASND_SetVoice
                0x000000008001b1f0      0x170 /home/devkitpro/libogc/lib/wii/libasnd.a(asndlib.o)
                0x000000008001b1f0                ASND_SetVoice
 .text.ASND_AddVoice
                0x000000008001b360       0xe8 /home/devkitpro/libogc/lib/wii/libasnd.a(asndlib.o)
                0x000000008001b360                ASND_AddVoice
 .text.ASND_TestPointer
                0x000000008001b448       0x80 /home/devkitpro/libogc/lib/wii/libasnd.a(asndlib.o)
                0x000000008001b448                ASND_TestPointer
 .text.ASND_StopVoice
                0x000000008001b4c8       0x78 /home/devkitpro/libogc/lib/wii/libasnd.a(asndlib.o)
                0x000000008001b4c8                ASND_StopVoice
 .text.ASND_StatusVoice
                0x000000008001b540       0x78 /home/devkitpro/libogc/lib/wii/libasnd.a(asndlib.o)
                0x000000008001b540                ASND_StatusVoice
 .text.ASND_Pause
                0x000000008001b5b8        0x8 /home/devkitpro/libogc/lib/wii/libasnd.a(asndlib.o)
                0x000000008001b5b8                ASND_Pause
 .text.__console_clear_line
                0x000000008001b5c0       0x80 /home/devkitpro/libogc/lib/wii/libogc.a(console.o)
 .text.__console_clear
                0x000000008001b640       0x58 /home/devkitpro/libogc/lib/wii/libogc.a(console.o)
 .text.__console_write
                0x000000008001b698      0x6a0 /home/devkitpro/libogc/lib/wii/libogc.a(console.o)
                0x000000008001b698                __console_write
 .text.__console_init
                0x000000008001bd38      0x108 /home/devkitpro/libogc/lib/wii/libogc.a(console.o)
                0x000000008001bd38                __console_init
 .text.CON_Init
                0x000000008001be40        0x4 /home/devkitpro/libogc/lib/wii/libogc.a(console.o)
                0x000000008001be40                CON_Init
 .text.CON_EnableGecko
                0x000000008001be44       0xb0 /home/devkitpro/libogc/lib/wii/libogc.a(console.o)
                0x000000008001be44                CON_EnableGecko
 .text.__lwp_queue_initialize
                0x000000008001bef4       0x3c /home/devkitpro/libogc/lib/wii/libogc.a(lwp_queue.o)
                0x000000008001bef4                __lwp_queue_initialize
 .text.__lwp_queue_get
                0x000000008001bf30       0x64 /home/devkitpro/libogc/lib/wii/libogc.a(lwp_queue.o)
                0x000000008001bf30                __lwp_queue_get
 .text.__lwp_queue_append
                0x000000008001bf94       0x54 /home/devkitpro/libogc/lib/wii/libogc.a(lwp_queue.o)
                0x000000008001bf94                __lwp_queue_append
 .text.__lwp_priomap_addto
                0x000000008001bfe8       0x28 /home/devkitpro/libogc/lib/wii/libogc.a(lwp_threads.o)
 .text.__lwp_thread_calcheir
                0x000000008001c010       0x3c /home/devkitpro/libogc/lib/wii/libogc.a(lwp_threads.o)
 .text.__lwp_thread_dispatchunnest
                0x000000008001c04c       0x10 /home/devkitpro/libogc/lib/wii/libogc.a(lwp_threads.o)
 .text.__lwp_priomap_removefrom
                0x000000008001c05c       0x38 /home/devkitpro/libogc/lib/wii/libogc.a(lwp_threads.o)
 .text.__lwp_wd_insert_ticks.constprop.4
                0x000000008001c094       0x5c /home/devkitpro/libogc/lib/wii/libogc.a(lwp_threads.o)
 .text.__lwp_isr_in_progress
                0x000000008001c0f0        0x8 /home/devkitpro/libogc/lib/wii/libogc.a(lwp_threads.o)
                0x000000008001c0f0                __lwp_isr_in_progress
 .text.__thread_dispatch_fp
                0x000000008001c0f8       0x7c /home/devkitpro/libogc/lib/wii/libogc.a(lwp_threads.o)
                0x000000008001c0f8                __thread_dispatch_fp
 .text.__thread_dispatch
                0x000000008001c174       0xdc /home/devkitpro/libogc/lib/wii/libogc.a(lwp_threads.o)
                0x000000008001c174                __thread_dispatch
 .text.__lwp_thread_dispatchenable
                0x000000008001c250       0x18 /home/devkitpro/libogc/lib/wii/libogc.a(lwp_threads.o)
 .text.__lwp_thread_resettimeslice
                0x000000008001c268       0xb8 /home/devkitpro/libogc/lib/wii/libogc.a(lwp_threads.o)
                0x000000008001c268                __lwp_thread_resettimeslice
 .text.__lwp_thread_tickle_timeslice
                0x000000008001c320       0x7c /home/devkitpro/libogc/lib/wii/libogc.a(lwp_threads.o)
                0x000000008001c320                __lwp_thread_tickle_timeslice
 .text.__lwp_thread_setstate
                0x000000008001c39c       0xf4 /home/devkitpro/libogc/lib/wii/libogc.a(lwp_threads.o)
                0x000000008001c39c                __lwp_thread_setstate
 .text.__lwp_thread_clearstate
                0x000000008001c490       0xe8 /home/devkitpro/libogc/lib/wii/libogc.a(lwp_threads.o)
                0x000000008001c490                __lwp_thread_clearstate
 .text.__lwp_thread_delayended
                0x000000008001c578       0x3c /home/devkitpro/libogc/lib/wii/libogc.a(lwp_threads.o)
                0x000000008001c578                __lwp_thread_delayended
 .text.__lwp_thread_setpriority
                0x000000008001c5b4       0x5c /home/devkitpro/libogc/lib/wii/libogc.a(lwp_threads.o)
                0x000000008001c5b4                __lwp_thread_setpriority
 .text.__lwp_thread_settransient
                0x000000008001c610       0xa4 /home/devkitpro/libogc/lib/wii/libogc.a(lwp_threads.o)
                0x000000008001c610                __lwp_thread_settransient
 .text.__lwp_thread_changepriority
                0x000000008001c6b4      0x118 /home/devkitpro/libogc/lib/wii/libogc.a(lwp_threads.o)
                0x000000008001c6b4                __lwp_thread_changepriority
 .text.__lwp_thread_loadenv
                0x000000008001c7cc       0x78 /home/devkitpro/libogc/lib/wii/libogc.a(lwp_threads.o)
                0x000000008001c7cc                __lwp_thread_loadenv
 .text.__lwp_thread_ready